Archive member included because of file (symbol)

c:/infineon/tools/dave ide/4.5.0.202105191637/eclipse/arm-gcc-49/bin/../lib/gcc/arm-none-eabi/4.9.3/../../../../arm-none-eabi/lib/armv7e-m/softfp\libg_nano.a(lib_a-errno.o)
                              ./Libraries/Newlib/syscalls.o (__errno)
c:/infineon/tools/dave ide/4.5.0.202105191637/eclipse/arm-gcc-49/bin/../lib/gcc/arm-none-eabi/4.9.3/../../../../arm-none-eabi/lib/armv7e-m/softfp\libg_nano.a(lib_a-impure.o)
                              c:/infineon/tools/dave ide/4.5.0.202105191637/eclipse/arm-gcc-49/bin/../lib/gcc/arm-none-eabi/4.9.3/../../../../arm-none-eabi/lib/armv7e-m/softfp\libg_nano.a(lib_a-errno.o) (_impure_ptr)
c:/infineon/tools/dave ide/4.5.0.202105191637/eclipse/arm-gcc-49/bin/../lib/gcc/arm-none-eabi/4.9.3/../../../../arm-none-eabi/lib/armv7e-m/softfp\libg_nano.a(lib_a-init.o)
                              ./Startup/startup_XMC4800.o (__libc_init_array)
c:/infineon/tools/dave ide/4.5.0.202105191637/eclipse/arm-gcc-49/bin/../lib/gcc/arm-none-eabi/4.9.3/../../../../arm-none-eabi/lib/armv7e-m/softfp\libg_nano.a(lib_a-memcpy.o)
                              ./Libraries/XMCLib/src/xmc_eth_mac.o (memcpy)
c:/infineon/tools/dave ide/4.5.0.202105191637/eclipse/arm-gcc-49/bin/../lib/gcc/arm-none-eabi/4.9.3/../../../../arm-none-eabi/lib/armv7e-m/softfp\libg_nano.a(lib_a-memset.o)
                              ./Libraries/XMCLib/src/xmc_usbd.o (memset)

Allocating common symbols
Common symbol       size              file

xmc_device          0x208             ./Libraries/XMCLib/src/xmc_usbd.o

Discarded input sections

 .text          0x00000000        0x0 ./Startup/startup_XMC4800.o
 .data          0x00000000        0x0 ./Startup/startup_XMC4800.o
 .bss           0x00000000        0x0 ./Startup/startup_XMC4800.o
 .text          0x00000000        0x0 ./Startup/system_XMC4800.o
 .data          0x00000000        0x0 ./Startup/system_XMC4800.o
 .bss           0x00000000        0x0 ./Startup/system_XMC4800.o
 .text.delay    0x00000000       0x28 ./Startup/system_XMC4800.o
 .text.SystemCoreClockSetup
                0x00000000      0x380 ./Startup/system_XMC4800.o
 .text.OSCHP_GetFrequency
                0x00000000       0x14 ./Startup/system_XMC4800.o
 .comment       0x00000000       0x71 ./Startup/system_XMC4800.o
 .text          0x00000000        0x0 ./Libraries/XMCLib/src/xmc4_eru.o
 .data          0x00000000        0x0 ./Libraries/XMCLib/src/xmc4_eru.o
 .bss           0x00000000        0x0 ./Libraries/XMCLib/src/xmc4_eru.o
 .text.XMC_ERU_Enable
                0x00000000       0x2c ./Libraries/XMCLib/src/xmc4_eru.o
 .text.XMC_ERU_Disable
                0x00000000       0x2c ./Libraries/XMCLib/src/xmc4_eru.o
 .debug_info    0x00000000      0x66c ./Libraries/XMCLib/src/xmc4_eru.o
 .debug_abbrev  0x00000000      0x180 ./Libraries/XMCLib/src/xmc4_eru.o
 .debug_loc     0x00000000       0xa0 ./Libraries/XMCLib/src/xmc4_eru.o
 .debug_aranges
                0x00000000       0x28 ./Libraries/XMCLib/src/xmc4_eru.o
 .debug_ranges  0x00000000       0x18 ./Libraries/XMCLib/src/xmc4_eru.o
 .debug_line    0x00000000      0x249 ./Libraries/XMCLib/src/xmc4_eru.o
 .debug_str     0x00000000      0x9d6 ./Libraries/XMCLib/src/xmc4_eru.o
 .comment       0x00000000       0x71 ./Libraries/XMCLib/src/xmc4_eru.o
 .debug_frame   0x00000000       0x60 ./Libraries/XMCLib/src/xmc4_eru.o
 .ARM.attributes
                0x00000000       0x37 ./Libraries/XMCLib/src/xmc4_eru.o
 .text          0x00000000        0x0 ./Libraries/XMCLib/src/xmc4_flash.o
 .data          0x00000000        0x0 ./Libraries/XMCLib/src/xmc4_flash.o
 .bss           0x00000000        0x0 ./Libraries/XMCLib/src/xmc4_flash.o
 .text.XMC_FLASH_lEnterPageModeCommand
                0x00000000       0x20 ./Libraries/XMCLib/src/xmc4_flash.o
 .text.XMC_FLASH_lLoadPageCommand
                0x00000000       0x30 ./Libraries/XMCLib/src/xmc4_flash.o
 .text.XMC_FLASH_lWritePageCommand
                0x00000000       0x44 ./Libraries/XMCLib/src/xmc4_flash.o
 .text.XMC_FLASH_lWriteUCBPageCommand
                0x00000000       0x44 ./Libraries/XMCLib/src/xmc4_flash.o
 .text.XMC_FLASH_lEraseSectorCommand
                0x00000000       0x58 ./Libraries/XMCLib/src/xmc4_flash.o
 .text.XMC_FLASH_lDisableSectorWriteProtectionCommand
                0x00000000       0x64 ./Libraries/XMCLib/src/xmc4_flash.o
 .text.XMC_FLASH_lDisableReadProtectionCommand
                0x00000000       0x60 ./Libraries/XMCLib/src/xmc4_flash.o
 .text.XMC_FLASH_lClearStatusCommand
                0x00000000       0x20 ./Libraries/XMCLib/src/xmc4_flash.o
 .text.XMC_FLASH_ClearStatus
                0x00000000        0xc ./Libraries/XMCLib/src/xmc4_flash.o
 .text.XMC_FLASH_GetStatus
                0x00000000       0x1c ./Libraries/XMCLib/src/xmc4_flash.o
 .text.XMC_FLASH_EnableEvent
                0x00000000       0x30 ./Libraries/XMCLib/src/xmc4_flash.o
 .text.XMC_FLASH_DisableEvent
[...]
Memory Configuration

Name             Origin             Length             Attributes
FLASH_1_cached   0x08000000         0x00200000         xr
FLASH_1_uncached 0x0c000000         0x00200000         xr
PSRAM_1          0x1ffe8000         0x00018000         !xr
DSRAM_1_system   0x20000000         0x00020000         !xr
DSRAM_2_comm     0x20020000         0x00020000         !xr
SRAM_combined    0x1ffe8000         0x00058000         !xr
*default*        0x00000000         0xffffffff

Linker script and memory map

LOAD ./Startup/startup_XMC4800.o
LOAD ./Startup/system_XMC4800.o
LOAD ./Libraries/XMCLib/src/xmc4_eru.o
LOAD ./Libraries/XMCLib/src/xmc4_flash.o
LOAD ./Libraries/XMCLib/src/xmc4_gpio.o
LOAD ./Libraries/XMCLib/src/xmc4_rtc.o
LOAD ./Libraries/XMCLib/src/xmc4_scu.o
LOAD ./Libraries/XMCLib/src/xmc_can.o
LOAD ./Libraries/XMCLib/src/xmc_ccu4.o
LOAD ./Libraries/XMCLib/src/xmc_ccu8.o
LOAD ./Libraries/XMCLib/src/xmc_common.o
LOAD ./Libraries/XMCLib/src/xmc_dac.o
LOAD ./Libraries/XMCLib/src/xmc_dma.o
LOAD ./Libraries/XMCLib/src/xmc_dsd.o
LOAD ./Libraries/XMCLib/src/xmc_ebu.o
LOAD ./Libraries/XMCLib/src/xmc_ecat.o
LOAD ./Libraries/XMCLib/src/xmc_eru.o
LOAD ./Libraries/XMCLib/src/xmc_eth_mac.o
LOAD ./Libraries/XMCLib/src/xmc_eth_phy_dp83848.o
LOAD ./Libraries/XMCLib/src/xmc_eth_phy_ksz8031rnl.o
LOAD ./Libraries/XMCLib/src/xmc_eth_phy_ksz8081rnb.o
LOAD ./Libraries/XMCLib/src/xmc_fce.o
LOAD ./Libraries/XMCLib/src/xmc_gpio.o
LOAD ./Libraries/XMCLib/src/xmc_hrpwm.o
LOAD ./Libraries/XMCLib/src/xmc_i2c.o
LOAD ./Libraries/XMCLib/src/xmc_i2s.o
LOAD ./Libraries/XMCLib/src/xmc_ledts.o
LOAD ./Libraries/XMCLib/src/xmc_posif.o
LOAD ./Libraries/XMCLib/src/xmc_rtc.o
LOAD ./Libraries/XMCLib/src/xmc_sdmmc.o
LOAD ./Libraries/XMCLib/src/xmc_spi.o
LOAD ./Libraries/XMCLib/src/xmc_uart.o
LOAD ./Libraries/XMCLib/src/xmc_usbd.o
LOAD ./Libraries/XMCLib/src/xmc_usbh.o
LOAD ./Libraries/XMCLib/src/xmc_usic.o
LOAD ./Libraries/XMCLib/src/xmc_vadc.o
LOAD ./Libraries/XMCLib/src/xmc_wdt.o
LOAD ./Libraries/Newlib/syscalls.o
LOAD ./Dave/Generated/SPI_MASTER/spi_master.o
LOAD ./Dave/Generated/SPI_MASTER/spi_master_conf.o
LOAD ./Dave/Generated/CLOCK_XMC4/clock_xmc4.o
LOAD ./Dave/Generated/CLOCK_XMC4/clock_xmc4_conf.o
LOAD ./Dave/Generated/DAVE.o
LOAD ./main.o
LOAD c:/infineon/tools/dave ide/4.5.0.202105191637/eclipse/arm-gcc-49/bin/../lib/gcc/arm-none-eabi/4.9.3/../../../../arm-none-eabi/lib/armv7e-m/softfp\libm.a
START GROUP
LOAD c:/infineon/tools/dave ide/4.5.0.202105191637/eclipse/arm-gcc-49/bin/../lib/gcc/arm-none-eabi/4.9.3/armv7e-m/softfp\libgcc.a
LOAD c:/infineon/tools/dave ide/4.5.0.202105191637/eclipse/arm-gcc-49/bin/../lib/gcc/arm-none-eabi/4.9.3/../../../../arm-none-eabi/lib/armv7e-m/softfp\libg_nano.a
LOAD c:/infineon/tools/dave ide/4.5.0.202105191637/eclipse/arm-gcc-49/bin/../lib/gcc/arm-none-eabi/4.9.3/../../../../arm-none-eabi/lib/armv7e-m/softfp\libc_nano.a
END GROUP
START GROUP
LOAD c:/infineon/tools/dave ide/4.5.0.202105191637/eclipse/arm-gcc-49/bin/../lib/gcc/arm-none-eabi/4.9.3/armv7e-m/softfp\libgcc.a
LOAD c:/infineon/tools/dave ide/4.5.0.202105191637/eclipse/arm-gcc-49/bin/../lib/gcc/arm-none-eabi/4.9.3/../../../../arm-none-eabi/lib/armv7e-m/softfp\libc_nano.a
LOAD c:/infineon/tools/dave ide/4.5.0.202105191637/eclipse/arm-gcc-49/bin/../lib/gcc/arm-none-eabi/4.9.3/../../../../arm-none-eabi/lib/armv7e-m/softfp\libnosys.a
END GROUP
START GROUP
LOAD c:/infineon/tools/dave ide/4.5.0.202105191637/eclipse/arm-gcc-49/bin/../lib/gcc/arm-none-eabi/4.9.3/armv7e-m/softfp\libgcc.a
LOAD c:/infineon/tools/dave ide/4.5.0.202105191637/eclipse/arm-gcc-49/bin/../lib/gcc/arm-none-eabi/4.9.3/../../../../arm-none-eabi/lib/armv7e-m/softfp\libc_nano.a
LOAD c:/infineon/tools/dave ide/4.5.0.202105191637/eclipse/arm-gcc-49/bin/../lib/gcc/arm-none-eabi/4.9.3/../../../../arm-none-eabi/lib/armv7e-m/softfp\libnosys.a
END GROUP
                0x00000800                stack_size = DEFINED (stack_size)?stack_size:0x800
                0x00000040                no_init_size = 0x40

.text           0x08000000     0x2d74 load address 0x0c000000
                0x08000000                sText = .
 *(.reset)
 .reset         0x08000000      0x29c ./Startup/startup_XMC4800.o
                0x08000000                __Vectors
                0x08000200                Reset_Handler
                0x08000298                DSD0_7_IRQHandler
                0x08000298                DebugMon_Handler
                0x08000298                VADC0_C0_0_IRQHandler
                0x08000298                CAN0_4_IRQHandler
                0x08000298                VADC0_G2_0_IRQHandler
                0x08000298                USIC0_5_IRQHandler
                0x08000298                POSIF0_0_IRQHandler
                0x08000298                POSIF1_0_IRQHandler
                0x08000298                HardFault_Handler
                0x08000298                VADC0_G1_1_IRQHandler
                0x08000298                SysTick_Handler
                0x08000298                PendSV_Handler
                0x08000298                NMI_Handler
                0x08000298                USIC1_3_IRQHandler
                0x08000298                CCU40_2_IRQHandler
                0x08000298                SCU_0_IRQHandler
                0x08000298                ERU0_0_IRQHandler
                0x08000298                CCU41_0_IRQHandler
                0x08000298                USIC1_5_IRQHandler
                0x08000298                DSD0_4_IRQHandler
                0x08000298                CCU80_1_IRQHandler
                0x08000298                CCU81_0_IRQHandler
                0x08000298                UsageFault_Handler
                0x08000298                USIC0_0_IRQHandler
                0x08000298                POSIF1_1_IRQHandler
                0x08000298                ERU0_2_IRQHandler
                0x08000298                CCU81_1_IRQHandler
                0x08000298                ERU1_1_IRQHandler
                0x08000298                VADC0_G2_3_IRQHandler
                0x08000298                VADC0_G2_2_IRQHandler
                0x08000298                CCU42_3_IRQHandler
                0x08000298                ERU0_3_IRQHandler
                0x08000298                DSD0_5_IRQHandler
                0x08000298                VADC0_C0_3_IRQHandler
                0x08000298                CAN0_6_IRQHandler
                0x08000298                CCU43_0_IRQHandler
                0x08000298                VADC0_G0_1_IRQHandler
                0x08000298                CCU81_2_IRQHandler
                0x08000298                USIC2_4_IRQHandler
                0x08000298                CCU81_3_IRQHandler
                0x08000298                CCU42_1_IRQHandler
                0x08000298                USIC1_1_IRQHandler
                0x08000298                USIC2_5_IRQHandler
                0x08000298                CCU40_0_IRQHandler
                0x08000298                CAN0_0_IRQHandler
                0x08000298                ERU1_0_IRQHandler
                0x08000298                CCU42_2_IRQHandler
                0x08000298                Default_Handler
                0x08000298                USIC1_4_IRQHandler
                0x08000298                ERU1_3_IRQHandler
                0x08000298                USIC1_0_IRQHandler
                0x08000298                POSIF0_1_IRQHandler
                0x08000298                VADC0_G0_0_IRQHandler
                0x08000298                DSD0_2_IRQHandler
                0x08000298                CCU80_3_IRQHandler
                0x08000298                CCU41_3_IRQHandler
                0x08000298                CCU80_2_IRQHandler
                0x08000298                VADC0_G1_3_IRQHandler
                0x08000298                VADC0_G0_3_IRQHandler
                0x08000298                GPDMA0_0_IRQHandler
                0x08000298                PMU0_0_IRQHandler
                0x08000298                CAN0_7_IRQHandler
                0x08000298                DSD0_1_IRQHandler
                0x08000298                CCU41_2_IRQHandler
                0x08000298                VADC0_C0_1_IRQHandler
                0x08000298                CCU43_2_IRQHandler
                0x08000298                USIC2_2_IRQHandler
                0x08000298                MemManage_Handler
                0x08000298                VADC0_G3_1_IRQHandler
                0x08000298                DAC0_0_IRQHandler
                0x08000298                SVC_Handler
                0x08000298                VADC0_G3_3_IRQHandler
                0x08000298                ERU1_2_IRQHandler
                0x08000298                CCU41_1_IRQHandler
                0x08000298                DSD0_6_IRQHandler
                0x08000298                CCU43_1_IRQHandler
                0x08000298                VADC0_G1_2_IRQHandler
                0x08000298                USIC2_3_IRQHandler
                0x08000298                CAN0_2_IRQHandler
                0x08000298                USIC2_0_IRQHandler
                0x08000298                VADC0_G0_2_IRQHandler
                0x08000298                ECAT0_0_IRQHandler
                0x08000298                VADC0_G2_1_IRQHandler
                0x08000298                CAN0_3_IRQHandler
                0x08000298                ETH0_0_IRQHandler
                0x08000298                USIC0_3_IRQHandler
                0x08000298                DSD0_0_IRQHandler
                0x08000298                VADC0_C0_2_IRQHandler
                0x08000298                CCU42_0_IRQHandler
                0x08000298                FCE0_0_IRQHandler
                0x08000298                VADC0_G1_0_IRQHandler
                0x08000298                USB0_0_IRQHandler
                0x08000298                CAN0_5_IRQHandler
                0x08000298                CCU80_0_IRQHandler
                0x08000298                CCU40_1_IRQHandler
                0x08000298                USIC2_1_IRQHandler
                0x08000298                USIC0_1_IRQHandler
                0x08000298                VADC0_G3_2_IRQHandler
                0x08000298                CCU40_3_IRQHandler
                0x08000298                BusFault_Handler
                0x08000298                LEDTS0_0_IRQHandler
                0x08000298                USIC0_4_IRQHandler
                0x08000298                CCU43_3_IRQHandler
                0x08000298                ERU0_1_IRQHandler
                0x08000298                VADC0_G3_0_IRQHandler
                0x08000298                USIC1_2_IRQHandler
                0x08000298                DSD0_3_IRQHandler
                0x08000298                SDMMC0_0_IRQHandler
                0x08000298                CAN0_1_IRQHandler
                0x08000298                USIC0_2_IRQHandler
                0x08000298                DAC0_1_IRQHandler
                0x08000298                GPDMA1_0_IRQHandler
 *(.text .text.* .gnu.linkonce.t.*)
 .text.SystemInit
                0x0800029c       0x20 ./Startup/system_XMC4800.o
                0x0800029c                SystemInit
 .text.SystemCoreSetup
                0x080002bc       0x70 ./Startup/system_XMC4800.o
                0x080002bc                SystemCoreSetup
 .text.SystemCoreClockUpdate
                0x0800032c       0xd4 ./Startup/system_XMC4800.o
                0x0800032c                SystemCoreClockUpdate
 .text.XMC_GPIO_Init
                0x08000400      0x14c ./Libraries/XMCLib/src/xmc4_gpio.o
                0x08000400                XMC_GPIO_Init
 .text.XMC_SCU_CLOCK_GetCpuClockFrequency
                0x0800054c       0x18 ./Libraries/XMCLib/src/xmc4_scu.o
 .text.XMC_SCU_GetMirrorStatus
                0x08000564       0x18 ./Libraries/XMCLib/src/xmc4_scu.o
 .text.XMC_SCU_lDelay
                0x0800057c       0x44 ./Libraries/XMCLib/src/xmc4_scu.o
 .text.XMC_SCU_INTERUPT_GetEventStatus
                0x080005c0       0x18 ./Libraries/XMCLib/src/xmc4_scu.o
                0x080005c0                XMC_SCU_INTERUPT_GetEventStatus
 .text.XMC_SCU_INTERRUPT_ClearEventStatus
                0x080005d8       0x1c ./Libraries/XMCLib/src/xmc4_scu.o
                0x080005d8                XMC_SCU_INTERRUPT_ClearEventStatus
 .text.XMC_SCU_CLOCK_Init
                0x080005f4       0xf8 ./Libraries/XMCLib/src/xmc4_scu.o
                0x080005f4                XMC_SCU_CLOCK_Init
 .text.XMC_SCU_RESET_DeassertPeripheralReset
                0x080006ec       0x38 ./Libraries/XMCLib/src/xmc4_scu.o
                0x080006ec                XMC_SCU_RESET_DeassertPeripheralReset
 .text.XMC_SCU_RESET_IsPeripheralResetAsserted
                0x08000724       0x48 ./Libraries/XMCLib/src/xmc4_scu.o
                0x08000724                XMC_SCU_RESET_IsPeripheralResetAsserted
 .text.XMC_SCU_CLOCK_GetPeripheralClockFrequency
                0x0800076c       0x20 ./Libraries/XMCLib/src/xmc4_scu.o
                0x0800076c                XMC_SCU_CLOCK_GetPeripheralClockFrequency
 .text.XMC_SCU_CLOCK_SetSystemClockSource
                0x0800078c       0x28 ./Libraries/XMCLib/src/xmc4_scu.o
                0x0800078c                XMC_SCU_CLOCK_SetSystemClockSource
 .text.XMC_SCU_CLOCK_SetUsbClockSource
                0x080007b4       0x28 ./Libraries/XMCLib/src/xmc4_scu.o
                0x080007b4                XMC_SCU_CLOCK_SetUsbClockSource
 .text.XMC_SCU_CLOCK_SetWdtClockSource
                0x080007dc       0x28 ./Libraries/XMCLib/src/xmc4_scu.o
                0x080007dc                XMC_SCU_CLOCK_SetWdtClockSource
 .text.XMC_SCU_CLOCK_SetSystemPllClockSource
                0x08000804       0x40 ./Libraries/XMCLib/src/xmc4_scu.o
                0x08000804                XMC_SCU_CLOCK_SetSystemPllClockSource
 .text.XMC_SCU_HIB_SetRtcClockSource
                0x08000844       0x3c ./Libraries/XMCLib/src/xmc4_scu.o
                0x08000844                XMC_SCU_HIB_SetRtcClockSource
 .text.XMC_SCU_HIB_SetStandbyClockSource
                0x08000880       0x3c ./Libraries/XMCLib/src/xmc4_scu.o
                0x08000880                XMC_SCU_HIB_SetStandbyClockSource
 .text.XMC_SCU_CLOCK_SetSystemClockDivider
                0x080008bc       0x28 ./Libraries/XMCLib/src/xmc4_scu.o
                0x080008bc                XMC_SCU_CLOCK_SetSystemClockDivider
 .text.XMC_SCU_CLOCK_SetCcuClockDivider
                0x080008e4       0x28 ./Libraries/XMCLib/src/xmc4_scu.o
                0x080008e4                XMC_SCU_CLOCK_SetCcuClockDivider
 .text.XMC_SCU_CLOCK_SetCpuClockDivider
                0x0800090c       0x28 ./Libraries/XMCLib/src/xmc4_scu.o
                0x0800090c                XMC_SCU_CLOCK_SetCpuClockDivider
 .text.XMC_SCU_CLOCK_SetPeripheralClockDivider
                0x08000934       0x28 ./Libraries/XMCLib/src/xmc4_scu.o
                0x08000934                XMC_SCU_CLOCK_SetPeripheralClockDivider
 .text.XMC_SCU_CLOCK_SetUsbClockDivider
                0x0800095c       0x28 ./Libraries/XMCLib/src/xmc4_scu.o
                0x0800095c                XMC_SCU_CLOCK_SetUsbClockDivider
 .text.XMC_SCU_CLOCK_SetEbuClockDivider
                0x08000984       0x28 ./Libraries/XMCLib/src/xmc4_scu.o
                0x08000984                XMC_SCU_CLOCK_SetEbuClockDivider
 .text.XMC_SCU_CLOCK_SetWdtClockDivider
                0x080009ac       0x28 ./Libraries/XMCLib/src/xmc4_scu.o
                0x080009ac                XMC_SCU_CLOCK_SetWdtClockDivider
 .text.XMC_SCU_CLOCK_SetECATClockDivider
                0x080009d4       0x28 ./Libraries/XMCLib/src/xmc4_scu.o
                0x080009d4                XMC_SCU_CLOCK_SetECATClockDivider
 .text.XMC_SCU_CLOCK_UngatePeripheralClock
                0x080009fc       0x38 ./Libraries/XMCLib/src/xmc4_scu.o
                0x080009fc                XMC_SCU_CLOCK_UngatePeripheralClock
 .text.XMC_SCU_CLOCK_IsPeripheralClockGated
                0x08000a34       0x48 ./Libraries/XMCLib/src/xmc4_scu.o
                0x08000a34                XMC_SCU_CLOCK_IsPeripheralClockGated
 .text.XMC_SCU_CLOCK_EnableUsbPll
                0x08000a7c       0x20 ./Libraries/XMCLib/src/xmc4_scu.o
                0x08000a7c                XMC_SCU_CLOCK_EnableUsbPll
 .text.XMC_SCU_CLOCK_StartUsbPll
                0x08000a9c       0xb4 ./Libraries/XMCLib/src/xmc4_scu.o
                0x08000a9c                XMC_SCU_CLOCK_StartUsbPll
 .text.XMC_SCU_CLOCK_SetBackupClockCalibrationMode
                0x08000b50       0x4c ./Libraries/XMCLib/src/xmc4_scu.o
                0x08000b50                XMC_SCU_CLOCK_SetBackupClockCalibrationMode
 .text.XMC_SCU_HIB_EnableHibernateDomain
                0x08000b9c       0x58 ./Libraries/XMCLib/src/xmc4_scu.o
                0x08000b9c                XMC_SCU_HIB_EnableHibernateDomain
 .text.XMC_SCU_CLOCK_IsLowPowerOscillatorStable
                0x08000bf4       0x24 ./Libraries/XMCLib/src/xmc4_scu.o
                0x08000bf4                XMC_SCU_CLOCK_IsLowPowerOscillatorStable
 .text.XMC_SCU_CLOCK_EnableLowPowerOscillator
                0x08000c18       0x70 ./Libraries/XMCLib/src/xmc4_scu.o
                0x08000c18                XMC_SCU_CLOCK_EnableLowPowerOscillator
 .text.XMC_SCU_CLOCK_EnableHighPerformanceOscillator
                0x08000c88       0x50 ./Libraries/XMCLib/src/xmc4_scu.o
                0x08000c88                XMC_SCU_CLOCK_EnableHighPerformanceOscillator
 .text.XMC_SCU_CLOCK_IsHighPerformanceOscillatorStable
                0x08000cd8       0x28 ./Libraries/XMCLib/src/xmc4_scu.o
                0x08000cd8                XMC_SCU_CLOCK_IsHighPerformanceOscillatorStable
 .text.XMC_SCU_CLOCK_EnableSystemPll
                0x08000d00       0x20 ./Libraries/XMCLib/src/xmc4_scu.o
                0x08000d00                XMC_SCU_CLOCK_EnableSystemPll
 .text.XMC_SCU_CLOCK_DisableSystemPll
                0x08000d20       0x20 ./Libraries/XMCLib/src/xmc4_scu.o
                0x08000d20                XMC_SCU_CLOCK_DisableSystemPll
 .text.XMC_SCU_CLOCK_StartSystemPll
                0x08000d40      0x19c ./Libraries/XMCLib/src/xmc4_scu.o
                0x08000d40                XMC_SCU_CLOCK_StartSystemPll
 .text.XMC_SCU_CLOCK_StepSystemPllFrequency
                0x08000edc       0x3c ./Libraries/XMCLib/src/xmc4_scu.o
                0x08000edc                XMC_SCU_CLOCK_StepSystemPllFrequency
 .text.XMC_GPIO_SetMode
                0x08000f18       0x80 ./Libraries/XMCLib/src/xmc_gpio.o
                0x08000f18                XMC_GPIO_SetMode
 .text.XMC_GPIO_SetHardwareControl
                0x08000f98       0x44 ./Libraries/XMCLib/src/xmc_gpio.o
                0x08000f98                XMC_GPIO_SetHardwareControl
 .text.XMC_USIC_CH_GetTransmitBufferStatus
                0x08000fdc       0x20 ./Libraries/XMCLib/src/xmc_spi.o
 .text.XMC_USIC_CH_SetMode
                0x08000ffc       0x28 ./Libraries/XMCLib/src/xmc_spi.o
 .text.XMC_SPI_CH_InitEx
                0x08001024       0x8c ./Libraries/XMCLib/src/xmc_spi.o
                0x08001024                XMC_SPI_CH_InitEx
 .text.XMC_SPI_CH_SetBaudrate
                0x080010b0       0x3c ./Libraries/XMCLib/src/xmc_spi.o
                0x080010b0                XMC_SPI_CH_SetBaudrate
 .text.XMC_SPI_CH_EnableSlaveSelect
                0x080010ec       0x2c ./Libraries/XMCLib/src/xmc_spi.o
                0x080010ec                XMC_SPI_CH_EnableSlaveSelect
 .text.XMC_SPI_CH_GetReceivedData
                0x08001118       0x34 ./Libraries/XMCLib/src/xmc_spi.o
                0x08001118                XMC_SPI_CH_GetReceivedData
 .text.XMC_SPI_CH_Stop
                0x0800114c       0x30 ./Libraries/XMCLib/src/xmc_spi.o
                0x0800114c                XMC_SPI_CH_Stop
 .text.XMC_USIC_CH_Enable
                0x0800117c       0x98 ./Libraries/XMCLib/src/xmc_usic.o
                0x0800117c                XMC_USIC_CH_Enable
 .text.XMC_USIC_CH_SetBaudrate
                0x08001214       0xe4 ./Libraries/XMCLib/src/xmc_usic.o
                0x08001214                XMC_USIC_CH_SetBaudrate
 .text.XMC_USIC_CH_SetBaudrateEx
                0x080012f8      0x100 ./Libraries/XMCLib/src/xmc_usic.o
                0x080012f8                XMC_USIC_CH_SetBaudrateEx
 .text.XMC_USIC_CH_TXFIFO_Configure
                0x080013f8       0x50 ./Libraries/XMCLib/src/xmc_usic.o
                0x080013f8                XMC_USIC_CH_TXFIFO_Configure
 .text.XMC_USIC_CH_RXFIFO_Configure
                0x08001448       0x54 ./Libraries/XMCLib/src/xmc_usic.o
                0x08001448                XMC_USIC_CH_RXFIFO_Configure
 .text.XMC_USIC_CH_SetInterruptNodePointer
                0x0800149c       0x38 ./Libraries/XMCLib/src/xmc_usic.o
                0x0800149c                XMC_USIC_CH_SetInterruptNodePointer
 .text.XMC_USIC_Enable
                0x080014d4       0xc0 ./Libraries/XMCLib/src/xmc_usic.o
                0x080014d4                XMC_USIC_Enable
 .text._init    0x08001594        0xc ./Libraries/Newlib/syscalls.o
                0x08001594                _init
 .text.XMC_USIC_CH_SetInputSource
                0x080015a0       0x3c ./Dave/Generated/SPI_MASTER/spi_master.o
 .text.XMC_USIC_CH_WriteToTBUFTCI
                0x080015dc       0x24 ./Dave/Generated/SPI_MASTER/spi_master.o
 .text.XMC_USIC_CH_GetTransmitBufferStatus
                0x08001600       0x20 ./Dave/Generated/SPI_MASTER/spi_master.o
 .text.XMC_USIC_CH_GetReceiveBufferStatus
                0x08001620       0x1c ./Dave/Generated/SPI_MASTER/spi_master.o
 .text.XMC_USIC_CH_TXFIFO_PutDataHPCMode
                0x0800163c       0x24 ./Dave/Generated/SPI_MASTER/spi_master.o
 .text.XMC_USIC_CH_TXFIFO_Flush
                0x08001660       0x1c ./Dave/Generated/SPI_MASTER/spi_master.o
 .text.XMC_USIC_CH_TXFIFO_IsFull
                0x0800167c       0x28 ./Dave/Generated/SPI_MASTER/spi_master.o
 .text.XMC_USIC_CH_RXFIFO_Flush
                0x080016a4       0x1c ./Dave/Generated/SPI_MASTER/spi_master.o
 .text.XMC_USIC_CH_RXFIFO_IsEmpty
                0x080016c0       0x28 ./Dave/Generated/SPI_MASTER/spi_master.o
 .text.XMC_USIC_CH_RXFIFO_ClearEvent
                0x080016e8       0x1c ./Dave/Generated/SPI_MASTER/spi_master.o
 .text.XMC_USIC_CH_ConfigureShiftClockOutput
                0x08001704       0x2c ./Dave/Generated/SPI_MASTER/spi_master.o
 .text.XMC_USIC_CH_SetMode
                0x08001730       0x28 ./Dave/Generated/SPI_MASTER/spi_master.o
 .text.XMC_SPI_CH_Start
                0x08001758       0x18 ./Dave/Generated/SPI_MASTER/spi_master.o
 .text.XMC_SPI_CH_SetTransmitMode
                0x08001770       0x2c ./Dave/Generated/SPI_MASTER/spi_master.o
 .text.XMC_SPI_CH_GetStatusFlag
                0x0800179c       0x18 ./Dave/Generated/SPI_MASTER/spi_master.o
 .text.XMC_SPI_CH_ClearStatusFlag
                0x080017b4       0x20 ./Dave/Generated/SPI_MASTER/spi_master.o
 .text.XMC_SPI_CH_SetSlaveSelectDelay
                0x080017d4       0x2c ./Dave/Generated/SPI_MASTER/spi_master.o
 .text.XMC_SPI_CH_ConfigureShiftClockOutput
                0x08001800       0x1c ./Dave/Generated/SPI_MASTER/spi_master.o
 .text.XMC_SPI_CH_SetInputSource
                0x0800181c       0x44 ./Dave/Generated/SPI_MASTER/spi_master.o
 .text.SPI_MASTER_Init
                0x08001860       0x20 ./Dave/Generated/SPI_MASTER/spi_master.o
                0x08001860                SPI_MASTER_Init
 .text.SPI_MASTER_SetMode
                0x08001880       0x78 ./Dave/Generated/SPI_MASTER/spi_master.o
                0x08001880                SPI_MASTER_SetMode
 .text.SPI_MASTER_SetBaudRate
                0x080018f8       0xac ./Dave/Generated/SPI_MASTER/spi_master.o
                0x080018f8                SPI_MASTER_SetBaudRate
 .text.SPI_MASTER_Transmit
                0x080019a4       0x34 ./Dave/Generated/SPI_MASTER/spi_master.o
                0x080019a4                SPI_MASTER_Transmit
 .text.SPI_MASTER_Receive
                0x080019d8       0x34 ./Dave/Generated/SPI_MASTER/spi_master.o
                0x080019d8                SPI_MASTER_Receive
 .text.SPI_MASTER_lStartTransmitPolling
                0x08001a0c      0x21c ./Dave/Generated/SPI_MASTER/spi_master.o
 .text.SPI_MASTER_lStartReceivePolling
                0x08001c28       0x98 ./Dave/Generated/SPI_MASTER/spi_master.o
 .text.SPI_MASTER_Transfer
                0x08001cc0       0xb8 ./Dave/Generated/SPI_MASTER/spi_master.o
                0x08001cc0                SPI_MASTER_Transfer
 .text.SPI_MASTER_lReceivePolling
                0x08001d78      0x400 ./Dave/Generated/SPI_MASTER/spi_master.o
 .text.SPI_MASTER_lStdRBUFFlush
                0x08002178       0x1c ./Dave/Generated/SPI_MASTER/spi_master.o
 .text.SPI_MASTER_lPortConfig
                0x08002194      0x150 ./Dave/Generated/SPI_MASTER/spi_master.o
 .text.SPI_MASTER_lPortModeSet
                0x080022e4      0x1a8 ./Dave/Generated/SPI_MASTER/spi_master.o
 .text.SPI_MASTER_lPortModeReset
                0x0800248c      0x15c ./Dave/Generated/SPI_MASTER/spi_master.o
 .text.SPI_MASTER_lValidateModeChange
                0x080025e8       0x80 ./Dave/Generated/SPI_MASTER/spi_master.o
 .text.XMC_USIC_CH_SetInputSource
                0x08002668       0x3c ./Dave/Generated/SPI_MASTER/spi_master_conf.o
 .text.XMC_USIC_CH_SetWordLength
                0x080026a4       0x2c ./Dave/Generated/SPI_MASTER/spi_master_conf.o
 .text.XMC_USIC_CH_SetFrameLength
                0x080026d0       0x2c ./Dave/Generated/SPI_MASTER/spi_master_conf.o
 .text.XMC_USIC_CH_ConfigureShiftClockOutput
                0x080026fc       0x2c ./Dave/Generated/SPI_MASTER/spi_master_conf.o
 .text.XMC_USIC_CH_SetMode
                0x08002728       0x28 ./Dave/Generated/SPI_MASTER/spi_master_conf.o
 .text.XMC_SPI_CH_Init
                0x08002750       0x1c ./Dave/Generated/SPI_MASTER/spi_master_conf.o
 .text.XMC_SPI_CH_Start
                0x0800276c       0x18 ./Dave/Generated/SPI_MASTER/spi_master_conf.o
 .text.XMC_SPI_CH_SetBitOrderMsbFirst
                0x08002784       0x20 ./Dave/Generated/SPI_MASTER/spi_master_conf.o
 .text.XMC_SPI_CH_SetSlaveSelectDelay
                0x080027a4       0x2c ./Dave/Generated/SPI_MASTER/spi_master_conf.o
 .text.XMC_SPI_CH_ConfigureShiftClockOutput
                0x080027d0       0x1c ./Dave/Generated/SPI_MASTER/spi_master_conf.o
 .text.XMC_SPI_CH_SetWordLength
                0x080027ec       0x1c ./Dave/Generated/SPI_MASTER/spi_master_conf.o
 .text.XMC_SPI_CH_SetFrameLength
                0x08002808       0x1c ./Dave/Generated/SPI_MASTER/spi_master_conf.o
 .text.XMC_SPI_CH_SetInputSource
                0x08002824       0x44 ./Dave/Generated/SPI_MASTER/spi_master_conf.o
 .text.SPI_MASTER_0_lInit
                0x08002868       0xcc ./Dave/Generated/SPI_MASTER/spi_master_conf.o
 .text.CLOCK_XMC4_Init
                0x08002934       0x20 ./Dave/Generated/CLOCK_XMC4/clock_xmc4.o
                0x08002934                CLOCK_XMC4_Init
 .text.OSCHP_GetFrequency
                0x08002954       0x14 ./Dave/Generated/CLOCK_XMC4/clock_xmc4.o
                0x08002954                OSCHP_GetFrequency
 .text.XMC_SCU_CLOCK_SetECATClockSource
                0x08002968       0x28 ./Dave/Generated/CLOCK_XMC4/clock_xmc4_conf.o
 .text.SystemCoreClockSetup
                0x08002990       0x64 ./Dave/Generated/CLOCK_XMC4/clock_xmc4_conf.o
                0x08002990                SystemCoreClockSetup
 .text.DAVE_Init
                0x080029f4       0x38 ./Dave/Generated/DAVE.o
                0x080029f4                DAVE_Init
 .text.XMC_USIC_CH_SetFrameLength
                0x08002a2c       0x2c ./main.o
 .text.XMC_SPI_CH_GetStatusFlag
                0x08002a58       0x18 ./main.o
 .text.XMC_SPI_CH_ClearStatusFlag
                0x08002a70       0x20 ./main.o
 .text.SPI_MASTER_GetFlagStatus
                0x08002a90       0x24 ./main.o
 .text.SPI_MASTER_ClearFlag
                0x08002ab4       0x1c ./main.o
 .text.SPI_MASTER_EnableSlaveSelectSignal
                0x08002ad0       0x2c ./main.o
 .text.main     0x08002afc      0x12c ./main.o
                0x08002afc                main
 .text.__libc_init_array
                0x08002c28       0x4c c:/infineon/tools/dave ide/4.5.0.202105191637/eclipse/arm-gcc-49/bin/../lib/gcc/arm-none-eabi/4.9.3/../../../../arm-none-eabi/lib/armv7e-m/softfp\libg_nano.a(lib_a-init.o)
                0x08002c28                __libc_init_array
 *(.init)
 *(.fini)
 *crtbegin.o(.ctors)
 *crtbegin?.o(.ctors)
 *(EXCLUDE_FILE(*crtend.o *crtend?.o) .ctors)
 *(SORT(.ctors.*))
 *(.ctors)
 *crtbegin.o(.dtors)
 *crtbegin?.o(.dtors)
 *(EXCLUDE_FILE(*crtend.o *crtend?.o) .dtors)
 *(SORT(.dtors.*))
 *(.dtors)
 *(.rodata .rodata.*)
 .rodata.SPI_MASTER_0_MOSI
                0x08002c74        0x8 ./Dave/Generated/SPI_MASTER/spi_master_conf.o
                0x08002c74                SPI_MASTER_0_MOSI
 .rodata.SPI_MASTER_0_MISO
                0x08002c7c        0x8 ./Dave/Generated/SPI_MASTER/spi_master_conf.o
                0x08002c7c                SPI_MASTER_0_MISO
 .rodata.SPI_MASTER_0_SCLKOUT
                0x08002c84        0x8 ./Dave/Generated/SPI_MASTER/spi_master_conf.o
                0x08002c84                SPI_MASTER_0_SCLKOUT
 .rodata.SPI_MASTER_0_SCLKOUT_Config
                0x08002c8c       0x14 ./Dave/Generated/SPI_MASTER/spi_master_conf.o
                0x08002c8c                SPI_MASTER_0_SCLKOUT_Config
 .rodata.SPI_MASTER_0_SS_0
                0x08002ca0        0x8 ./Dave/Generated/SPI_MASTER/spi_master_conf.o
                0x08002ca0                SPI_MASTER_0_SS_0
 .rodata.SPI_MASTER_0_SS_0_Config
                0x08002ca8       0x14 ./Dave/Generated/SPI_MASTER/spi_master_conf.o
                0x08002ca8                SPI_MASTER_0_SS_0_Config
 .rodata.SPI_MASTER_0_Config
                0x08002cbc       0x8c ./Dave/Generated/SPI_MASTER/spi_master_conf.o
                0x08002cbc                SPI_MASTER_0_Config
 .rodata        0x08002d48       0x14 ./Dave/Generated/CLOCK_XMC4/clock_xmc4_conf.o
 .rodata        0x08002d5c       0x18 ./main.o
 *(.gnu.linkonce.r*)
 *(vtable)
                0x08002d74                . = ALIGN (0x4)

.glue_7         0x08002d74        0x0 load address 0x0c002d74
 .glue_7        0x00000000        0x0 linker stubs

.glue_7t        0x08002d74        0x0 load address 0x0c002d74
 .glue_7t       0x00000000        0x0 linker stubs

.vfp11_veneer   0x08002d74        0x0 load address 0x0c002d74
 .vfp11_veneer  0x00000000        0x0 linker stubs

.v4_bx          0x08002d74        0x0 load address 0x0c002d74
 .v4_bx         0x00000000        0x0 linker stubs

.iplt           0x08002d74        0x0 load address 0x0c002d74
 .iplt          0x00000000        0x0 ./Startup/startup_XMC4800.o

.rel.dyn        0x08002d74        0x0 load address 0x0c002d74
 .rel.iplt      0x00000000        0x0 ./Startup/startup_XMC4800.o

.eh_frame_hdr
 *(.eh_frame_hdr)

.eh_frame
 *(.eh_frame)

.ARM.extab
 *(.ARM.extab* .gnu.linkonce.armextab.*)
                0x08002d74                . = ALIGN (0x4)
                0x08002d74                __exidx_start = .

.ARM.exidx
 *(.ARM.exidx* .gnu.linkonce.armexidx.*)
                0x08002d74                __exidx_end = .
                0x08002d74                . = ALIGN (0x4)

Stack           0x1ffe8000      0x800
                0x1ffe8000                __stack_start = .
                0x1ffe8800                . = (. + stack_size)
 *fill*         0x1ffe8000      0x800 
                0x1ffe8800                __stack_end = .
                0x1ffe8800                __initial_sp = .

.ram_code       0x1ffe8800        0x0 load address 0x0c002d74
                0x1ffe8800                . = ALIGN (0x4)
                0x1ffe8800                __ram_code_start = .
 *(.ram_code)
                0x1ffe8800                . = ALIGN (0x4)
                0x1ffe8800                __ram_code_end = .
                0x0c002d74                __ram_code_load = LOADADDR (.ram_code)
                0x00000000                __ram_code_size = (__ram_code_end - __ram_code_start)

.data           0x1ffe8800       0x54 load address 0x0c002d74
                0x1ffe8800                . = ALIGN (0x4)
                0x1ffe8800                __data_start = .
 *(.data)
 *(.data*)
 .data.dummy_data.8901
                0x1ffe8800        0x4 ./Dave/Generated/SPI_MASTER/spi_master.o
 .data.SPI_MASTER_0_MOSI_Config
                0x1ffe8804       0x14 ./Dave/Generated/SPI_MASTER/spi_master_conf.o
                0x1ffe8804                SPI_MASTER_0_MOSI_Config
 .data.SPI_MASTER_0_Channel_Config
                0x1ffe8818        0xc ./Dave/Generated/SPI_MASTER/spi_master_conf.o
                0x1ffe8818                SPI_MASTER_0_Channel_Config
 .data.SPI_MASTER_0_runtime
                0x1ffe8824       0x24 ./Dave/Generated/SPI_MASTER/spi_master_conf.o
                0x1ffe8824                SPI_MASTER_0_runtime
 .data.SPI_MASTER_0
                0x1ffe8848        0xc ./Dave/Generated/SPI_MASTER/spi_master_conf.o
                0x1ffe8848                SPI_MASTER_0
 *(*.data)
 *(.gnu.linkonce.d*)
                0x1ffe8854                . = ALIGN (0x4)
                0x1ffe8854                PROVIDE (__preinit_array_start, .)
 *(.preinit_array)
                0x1ffe8854                PROVIDE (__preinit_array_end, .)
                0x1ffe8854                . = ALIGN (0x4)
                0x1ffe8854                PROVIDE (__init_array_start, .)
 *(SORT(.init_array.*))
 *(.init_array)
                0x1ffe8854                PROVIDE (__init_array_end, .)
                0x1ffe8854                . = ALIGN (0x4)
                0x1ffe8854                PROVIDE (__fini_array_start, .)
 *(SORT(.fini_array.*))
 *(.fini_array)
                0x1ffe8854                PROVIDE (__fini_array_end, .)
                0x1ffe8854                . = ALIGN (0x4)
                0x1ffe8854                __data_end = .
                0x0c002d74                __data_load = LOADADDR (.data)
                0x00000054                __data_size = (__data_end - __data_start)
                0x00002dc8                __text_size = (((__exidx_end - sText) + __data_size) + __ram_code_size)
                0x08002dc8                eText = (sText + __text_size)

.igot.plt       0x1ffe8854        0x0 load address 0x0c002dc8
 .igot.plt      0x00000000        0x0 ./Startup/startup_XMC4800.o

.bss            0x1ffe8854       0x18 load address 0x0c002dc8
                0x1ffe8854                . = ALIGN (0x4)
                0x1ffe8854                __bss_start = .
 *(.bss)
 *(.bss*)
 .bss.SPI_MASTER_0_MISO_Config
                0x1ffe8854       0x14 ./Dave/Generated/SPI_MASTER/spi_master_conf.o
                0x1ffe8854                SPI_MASTER_0_MISO_Config
 .bss.CLOCK_XMC4_0
                0x1ffe8868        0x4 ./Dave/Generated/CLOCK_XMC4/clock_xmc4_conf.o
                0x1ffe8868                CLOCK_XMC4_0
 *(COMMON)
 *(.gnu.linkonce.b*)
                0x1ffe886c                . = ALIGN (0x4)
                0x1ffe886c                __bss_end = .
                0x00000018                __bss_size = (__bss_end - __bss_start)
                0x00017794                __shift_loc = (__bss_end >= ORIGIN (DSRAM_1_system))?0x0:(ORIGIN (DSRAM_1_system) - __bss_end)

USB_RAM         0x20000000        0x0
                0x20000000                . = ALIGN (0x4)
                0x20000000                USB_RAM_start = .
 *(USB_RAM)
                0x20000000                . = ALIGN (0x4)
                0x20000000                USB_RAM_end = .
                0x00000000                USB_RAM_size = (USB_RAM_end - USB_RAM_start)

ETH_RAM         0x20000000        0x0
                0x20000000                . = ALIGN (0x4)
                0x20000000                ETH_RAM_start = .
 *(ETH_RAM)
                0x20000000                . = ALIGN (0x4)
                0x20000000                ETH_RAM_end = .
                0x20000000                . = ALIGN (0x8)
                0x20000000                Heap_Bank1_Start = .
                0x00000000                ETH_RAM_size = (ETH_RAM_end - ETH_RAM_start)

.no_init        0x2003ffc0       0x14
                0x2003ffc0                Heap_Bank1_End = .
 *(.no_init)
 .no_init       0x2003ffc0       0x14 ./Startup/system_XMC4800.o
                0x2003ffc0                SystemCoreClock
                0x2003ffc4                g_chipid
                0x0003ffc0                Heap_Bank1_Size = (Heap_Bank1_End - Heap_Bank1_Start)
                0x00000001                ASSERT ((Heap_Bank1_Start <= Heap_Bank1_End), region SRAM_combined overflowed no_init section)

/DISCARD/
 *(.comment)

.stab
 *(.stab)

.stabstr
 *(.stabstr)

.debug
 *(.debug)

.line
 *(.line)

.debug_srcinfo
 *(.debug_srcinfo)

.debug_sfnames
 *(.debug_sfnames)

.debug_aranges  0x00000000      0x8b8
 *(.debug_aranges)
 .debug_aranges
                0x00000000       0x20 ./Startup/startup_XMC4800.o
 .debug_aranges
                0x00000020       0x48 ./Startup/system_XMC4800.o
 .debug_aranges
                0x00000068       0x28 ./Libraries/XMCLib/src/xmc4_gpio.o
 .debug_aranges
                0x00000090      0x3f8 ./Libraries/XMCLib/src/xmc4_scu.o
 .debug_aranges
                0x00000488       0x28 ./Libraries/XMCLib/src/xmc_gpio.o
 .debug_aranges
                0x000004b0       0x88 ./Libraries/XMCLib/src/xmc_spi.o
 .debug_aranges
                0x00000538       0xb8 ./Libraries/XMCLib/src/xmc_usic.o
 .debug_aranges
                0x000005f0       0x28 ./Libraries/Newlib/syscalls.o
 .debug_aranges
                0x00000618      0x148 ./Dave/Generated/SPI_MASTER/spi_master.o
 .debug_aranges
                0x00000760       0x88 ./Dave/Generated/SPI_MASTER/spi_master_conf.o
 .debug_aranges
                0x000007e8       0x38 ./Dave/Generated/CLOCK_XMC4/clock_xmc4.o
 .debug_aranges
                0x00000820       0x28 ./Dave/Generated/CLOCK_XMC4/clock_xmc4_conf.o
 .debug_aranges
                0x00000848       0x20 ./Dave/Generated/DAVE.o
 .debug_aranges
                0x00000868       0x50 ./main.o

.debug_pubnames
 *(.debug_pubnames)

.debug_pubtypes
 *(.debug_pubtypes)

.debug_info     0x00000000     0xad80
 *(.debug_info .gnu.linkonce.wi.*)
 .debug_info    0x00000000       0x6b ./Startup/startup_XMC4800.o
 .debug_info    0x0000006b      0xa42 ./Startup/system_XMC4800.o
 .debug_info    0x00000aad      0x4dd ./Libraries/XMCLib/src/xmc4_gpio.o
 .debug_info    0x00000f8a     0x24b2 ./Libraries/XMCLib/src/xmc4_scu.o
 .debug_info    0x0000343c      0x458 ./Libraries/XMCLib/src/xmc_gpio.o
 .debug_info    0x00003894      0xb61 ./Libraries/XMCLib/src/xmc_spi.o
 .debug_info    0x000043f5      0xfae ./Libraries/XMCLib/src/xmc_usic.o
 .debug_info    0x000053a3      0x11f ./Libraries/Newlib/syscalls.o
 .debug_info    0x000054c2     0x1b56 ./Dave/Generated/SPI_MASTER/spi_master.o
 .debug_info    0x00007018     0x140c ./Dave/Generated/SPI_MASTER/spi_master_conf.o
 .debug_info    0x00008424      0x2dd ./Dave/Generated/CLOCK_XMC4/clock_xmc4.o
 .debug_info    0x00008701      0x659 ./Dave/Generated/CLOCK_XMC4/clock_xmc4_conf.o
 .debug_info    0x00008d5a      0xeed ./Dave/Generated/DAVE.o
 .debug_info    0x00009c47     0x1139 ./main.o

.debug_abbrev   0x00000000     0x1782
 *(.debug_abbrev)
 .debug_abbrev  0x00000000       0x14 ./Startup/startup_XMC4800.o
 .debug_abbrev  0x00000014      0x1f1 ./Startup/system_XMC4800.o
 .debug_abbrev  0x00000205      0x144 ./Libraries/XMCLib/src/xmc4_gpio.o
 .debug_abbrev  0x00000349      0x2a3 ./Libraries/XMCLib/src/xmc4_scu.o
 .debug_abbrev  0x000005ec      0x144 ./Libraries/XMCLib/src/xmc_gpio.o
 .debug_abbrev  0x00000730      0x279 ./Libraries/XMCLib/src/xmc_spi.o
 .debug_abbrev  0x000009a9      0x24c ./Libraries/XMCLib/src/xmc_usic.o
 .debug_abbrev  0x00000bf5       0xbd ./Libraries/Newlib/syscalls.o
 .debug_abbrev  0x00000cb2      0x26d ./Dave/Generated/SPI_MASTER/spi_master.o
 .debug_abbrev  0x00000f1f      0x203 ./Dave/Generated/SPI_MASTER/spi_master_conf.o
 .debug_abbrev  0x00001122      0x13d ./Dave/Generated/CLOCK_XMC4/clock_xmc4.o
 .debug_abbrev  0x0000125f      0x168 ./Dave/Generated/CLOCK_XMC4/clock_xmc4_conf.o
 .debug_abbrev  0x000013c7      0x1a4 ./Dave/Generated/DAVE.o
 .debug_abbrev  0x0000156b      0x217 ./main.o

.debug_line     0x00000000     0x35cb
 *(.debug_line)
 .debug_line    0x00000000       0x87 ./Startup/startup_XMC4800.o
 .debug_line    0x00000087      0x325 ./Startup/system_XMC4800.o
 .debug_line    0x000003ac      0x1fb ./Libraries/XMCLib/src/xmc4_gpio.o
 .debug_line    0x000005a7      0xe20 ./Libraries/XMCLib/src/xmc4_scu.o
 .debug_line    0x000013c7      0x1e8 ./Libraries/XMCLib/src/xmc_gpio.o
 .debug_line    0x000015af      0x3a2 ./Libraries/XMCLib/src/xmc_spi.o
 .debug_line    0x00001951      0x505 ./Libraries/XMCLib/src/xmc_usic.o
 .debug_line    0x00001e56       0xd0 ./Libraries/Newlib/syscalls.o
 .debug_line    0x00001f26      0x7bf ./Dave/Generated/SPI_MASTER/spi_master.o
 .debug_line    0x000026e5      0x388 ./Dave/Generated/SPI_MASTER/spi_master_conf.o
 .debug_line    0x00002a6d      0x277 ./Dave/Generated/CLOCK_XMC4/clock_xmc4.o
 .debug_line    0x00002ce4      0x271 ./Dave/Generated/CLOCK_XMC4/clock_xmc4_conf.o
 .debug_line    0x00002f55      0x2dd ./Dave/Generated/DAVE.o
 .debug_line    0x00003232      0x399 ./main.o

.debug_frame    0x00000000     0x2500
 *(.debug_frame)
 .debug_frame   0x00000000       0xec ./Startup/system_XMC4800.o
 .debug_frame   0x000000ec       0x60 ./Libraries/XMCLib/src/xmc4_gpio.o
 .debug_frame   0x0000014c     0x12ac ./Libraries/XMCLib/src/xmc4_scu.o
 .debug_frame   0x000013f8       0x60 ./Libraries/XMCLib/src/xmc_gpio.o
 .debug_frame   0x00001458      0x240 ./Libraries/XMCLib/src/xmc_spi.o
 .debug_frame   0x00001698      0x330 ./Libraries/XMCLib/src/xmc_usic.o
 .debug_frame   0x000019c8       0x5c ./Libraries/Newlib/syscalls.o
 .debug_frame   0x00001a24      0x608 ./Dave/Generated/SPI_MASTER/spi_master.o
 .debug_frame   0x0000202c      0x240 ./Dave/Generated/SPI_MASTER/spi_master_conf.o
 .debug_frame   0x0000226c       0xac ./Dave/Generated/CLOCK_XMC4/clock_xmc4.o
 .debug_frame   0x00002318       0x64 ./Dave/Generated/CLOCK_XMC4/clock_xmc4_conf.o
 .debug_frame   0x0000237c       0x38 ./Dave/Generated/DAVE.o
 .debug_frame   0x000023b4      0x120 ./main.o
 .debug_frame   0x000024d4       0x2c c:/infineon/tools/dave ide/4.5.0.202105191637/eclipse/arm-gcc-49/bin/../lib/gcc/arm-none-eabi/4.9.3/../../../../arm-none-eabi/lib/armv7e-m/softfp\libg_nano.a(lib_a-init.o)

.debug_str      0x00000000     0x5d7e
 *(.debug_str)
 .debug_str     0x00000000      0x5e3 ./Startup/system_XMC4800.o
                                0x65a (size before relaxing)
 .debug_str     0x000005e3      0x549 ./Libraries/XMCLib/src/xmc4_gpio.o
                                0x7ca (size before relaxing)
 .debug_str     0x00000b2c     0x23ea ./Libraries/XMCLib/src/xmc4_scu.o
                               0x2972 (size before relaxing)
 .debug_str     0x00002f16       0xca ./Libraries/XMCLib/src/xmc_gpio.o
                                0x678 (size before relaxing)
 .debug_str     0x00002fe0      0xaff ./Libraries/XMCLib/src/xmc_spi.o
                                0xdb7 (size before relaxing)
 .debug_str     0x00003adf      0xb08 ./Libraries/XMCLib/src/xmc_usic.o
                               0x15f9 (size before relaxing)
 .debug_str     0x000045e7       0x75 ./Libraries/Newlib/syscalls.o
                                0x206 (size before relaxing)
 .debug_str     0x0000465c     0x1187 ./Dave/Generated/SPI_MASTER/spi_master.o
                               0x23b6 (size before relaxing)
 .debug_str     0x000057e3      0x1dd ./Dave/Generated/SPI_MASTER/spi_master_conf.o
                               0x1d53 (size before relaxing)
 .debug_str     0x000059c0       0xf3 ./Dave/Generated/CLOCK_XMC4/clock_xmc4.o
                                0x3bb (size before relaxing)
 .debug_str     0x00005ab3       0xe5 ./Dave/Generated/CLOCK_XMC4/clock_xmc4_conf.o
                                0x943 (size before relaxing)
 .debug_str     0x00005b98       0x65 ./Dave/Generated/DAVE.o
                               0x1559 (size before relaxing)
 .debug_str     0x00005bfd      0x181 ./main.o
                               0x1938 (size before relaxing)

.debug_loc      0x00000000     0x4c36
 *(.debug_loc)
 .debug_loc     0x00000000      0x1a4 ./Startup/system_XMC4800.o
 .debug_loc     0x000001a4       0xb8 ./Libraries/XMCLib/src/xmc4_gpio.o
 .debug_loc     0x0000025c     0x2708 ./Libraries/XMCLib/src/xmc4_scu.o
 .debug_loc     0x00002964       0xb8 ./Libraries/XMCLib/src/xmc_gpio.o
 .debug_loc     0x00002a1c      0x4b6 ./Libraries/XMCLib/src/xmc_spi.o
 .debug_loc     0x00002ed2      0x6c6 ./Libraries/XMCLib/src/xmc_usic.o
 .debug_loc     0x00003598       0x94 ./Libraries/Newlib/syscalls.o
 .debug_loc     0x0000362c      0xcd0 ./Dave/Generated/SPI_MASTER/spi_master.o
 .debug_loc     0x000042fc      0x4b4 ./Dave/Generated/SPI_MASTER/spi_master_conf.o
 .debug_loc     0x000047b0      0x14c ./Dave/Generated/CLOCK_XMC4/clock_xmc4.o
 .debug_loc     0x000048fc       0xac ./Dave/Generated/CLOCK_XMC4/clock_xmc4_conf.o
 .debug_loc     0x000049a8       0x50 ./Dave/Generated/DAVE.o
 .debug_loc     0x000049f8      0x23e ./main.o

.debug_macinfo
 *(.debug_macinfo)

.debug_ranges   0x00000000      0x7c8
 *(.debug_ranges)
 .debug_ranges  0x00000000       0x38 ./Startup/system_XMC4800.o
 .debug_ranges  0x00000038       0x18 ./Libraries/XMCLib/src/xmc4_gpio.o
 .debug_ranges  0x00000050      0x3e8 ./Libraries/XMCLib/src/xmc4_scu.o
 .debug_ranges  0x00000438       0x18 ./Libraries/XMCLib/src/xmc_gpio.o
 .debug_ranges  0x00000450       0x78 ./Libraries/XMCLib/src/xmc_spi.o
 .debug_ranges  0x000004c8       0xa8 ./Libraries/XMCLib/src/xmc_usic.o
 .debug_ranges  0x00000570       0x18 ./Libraries/Newlib/syscalls.o
 .debug_ranges  0x00000588      0x138 ./Dave/Generated/SPI_MASTER/spi_master.o
 .debug_ranges  0x000006c0       0x78 ./Dave/Generated/SPI_MASTER/spi_master_conf.o
 .debug_ranges  0x00000738       0x28 ./Dave/Generated/CLOCK_XMC4/clock_xmc4.o
 .debug_ranges  0x00000760       0x18 ./Dave/Generated/CLOCK_XMC4/clock_xmc4_conf.o
 .debug_ranges  0x00000778       0x10 ./Dave/Generated/DAVE.o
 .debug_ranges  0x00000788       0x40 ./main.o

.debug_weaknames
 *(.debug_weaknames)

.debug_funcnames
 *(.debug_funcnames)

.debug_typenames
 *(.debug_typenames)

.debug_varnames
 *(.debug_varnames)

.build_attributes
                0x00000000      0x322
 *(.ARM.attributes)
 .ARM.attributes
                0x00000000       0x25 ./Startup/startup_XMC4800.o
 .ARM.attributes
                0x00000025       0x37 ./Startup/system_XMC4800.o
 .ARM.attributes
                0x0000005c       0x37 ./Libraries/XMCLib/src/xmc4_gpio.o
 .ARM.attributes
                0x00000093       0x37 ./Libraries/XMCLib/src/xmc4_scu.o
 .ARM.attributes
                0x000000ca       0x37 ./Libraries/XMCLib/src/xmc_gpio.o
 .ARM.attributes
                0x00000101       0x37 ./Libraries/XMCLib/src/xmc_spi.o
 .ARM.attributes
                0x00000138       0x37 ./Libraries/XMCLib/src/xmc_usic.o
 .ARM.attributes
                0x0000016f       0x37 ./Libraries/Newlib/syscalls.o
 .ARM.attributes
                0x000001a6       0x37 ./Dave/Generated/SPI_MASTER/spi_master.o
 .ARM.attributes
                0x000001dd       0x37 ./Dave/Generated/SPI_MASTER/spi_master_conf.o
 .ARM.attributes
                0x00000214       0x37 ./Dave/Generated/CLOCK_XMC4/clock_xmc4.o
 .ARM.attributes
                0x0000024b       0x37 ./Dave/Generated/CLOCK_XMC4/clock_xmc4_conf.o
 .ARM.attributes
                0x00000282       0x37 ./Dave/Generated/DAVE.o
 .ARM.attributes
                0x000002b9       0x37 ./main.o
 .ARM.attributes
                0x000002f0       0x32 c:/infineon/tools/dave ide/4.5.0.202105191637/eclipse/arm-gcc-49/bin/../lib/gcc/arm-none-eabi/4.9.3/../../../../arm-none-eabi/lib/armv7e-m/softfp\libg_nano.a(lib_a-init.o)
OUTPUT(spi_master.elf elf32-littlearm)
