Archive member included because of file (symbol)

c:/infineon/tools/dave ide/4.5.0.202105191637/eclipse/arm-gcc-49/bin/../lib/gcc/arm-none-eabi/4.9.3/../../../../arm-none-eabi/lib/armv7e-m/softfp\libm.a(lib_a-s_sin.o)
                              ./main.o (sin)
c:/infineon/tools/dave ide/4.5.0.202105191637/eclipse/arm-gcc-49/bin/../lib/gcc/arm-none-eabi/4.9.3/../../../../arm-none-eabi/lib/armv7e-m/softfp\libm.a(lib_a-e_rem_pio2.o)
                              c:/infineon/tools/dave ide/4.5.0.202105191637/eclipse/arm-gcc-49/bin/../lib/gcc/arm-none-eabi/4.9.3/../../../../arm-none-eabi/lib/armv7e-m/softfp\libm.a(lib_a-s_sin.o) (__ieee754_rem_pio2)
c:/infineon/tools/dave ide/4.5.0.202105191637/eclipse/arm-gcc-49/bin/../lib/gcc/arm-none-eabi/4.9.3/../../../../arm-none-eabi/lib/armv7e-m/softfp\libm.a(lib_a-k_cos.o)
                              c:/infineon/tools/dave ide/4.5.0.202105191637/eclipse/arm-gcc-49/bin/../lib/gcc/arm-none-eabi/4.9.3/../../../../arm-none-eabi/lib/armv7e-m/softfp\libm.a(lib_a-s_sin.o) (__kernel_cos)
c:/infineon/tools/dave ide/4.5.0.202105191637/eclipse/arm-gcc-49/bin/../lib/gcc/arm-none-eabi/4.9.3/../../../../arm-none-eabi/lib/armv7e-m/softfp\libm.a(lib_a-k_rem_pio2.o)
                              c:/infineon/tools/dave ide/4.5.0.202105191637/eclipse/arm-gcc-49/bin/../lib/gcc/arm-none-eabi/4.9.3/../../../../arm-none-eabi/lib/armv7e-m/softfp\libm.a(lib_a-e_rem_pio2.o) (__kernel_rem_pio2)
c:/infineon/tools/dave ide/4.5.0.202105191637/eclipse/arm-gcc-49/bin/../lib/gcc/arm-none-eabi/4.9.3/../../../../arm-none-eabi/lib/armv7e-m/softfp\libm.a(lib_a-k_sin.o)
                              c:/infineon/tools/dave ide/4.5.0.202105191637/eclipse/arm-gcc-49/bin/../lib/gcc/arm-none-eabi/4.9.3/../../../../arm-none-eabi/lib/armv7e-m/softfp\libm.a(lib_a-s_sin.o) (__kernel_sin)
c:/infineon/tools/dave ide/4.5.0.202105191637/eclipse/arm-gcc-49/bin/../lib/gcc/arm-none-eabi/4.9.3/../../../../arm-none-eabi/lib/armv7e-m/softfp\libm.a(lib_a-s_fabs.o)
                              c:/infineon/tools/dave ide/4.5.0.202105191637/eclipse/arm-gcc-49/bin/../lib/gcc/arm-none-eabi/4.9.3/../../../../arm-none-eabi/lib/armv7e-m/softfp\libm.a(lib_a-e_rem_pio2.o) (fabs)
c:/infineon/tools/dave ide/4.5.0.202105191637/eclipse/arm-gcc-49/bin/../lib/gcc/arm-none-eabi/4.9.3/../../../../arm-none-eabi/lib/armv7e-m/softfp\libm.a(lib_a-s_floor.o)
                              c:/infineon/tools/dave ide/4.5.0.202105191637/eclipse/arm-gcc-49/bin/../lib/gcc/arm-none-eabi/4.9.3/../../../../arm-none-eabi/lib/armv7e-m/softfp\libm.a(lib_a-k_rem_pio2.o) (floor)
c:/infineon/tools/dave ide/4.5.0.202105191637/eclipse/arm-gcc-49/bin/../lib/gcc/arm-none-eabi/4.9.3/../../../../arm-none-eabi/lib/armv7e-m/softfp\libm.a(lib_a-s_scalbn.o)
                              c:/infineon/tools/dave ide/4.5.0.202105191637/eclipse/arm-gcc-49/bin/../lib/gcc/arm-none-eabi/4.9.3/../../../../arm-none-eabi/lib/armv7e-m/softfp\libm.a(lib_a-k_rem_pio2.o) (scalbn)
c:/infineon/tools/dave ide/4.5.0.202105191637/eclipse/arm-gcc-49/bin/../lib/gcc/arm-none-eabi/4.9.3/../../../../arm-none-eabi/lib/armv7e-m/softfp\libm.a(lib_a-s_copysign.o)
                              c:/infineon/tools/dave ide/4.5.0.202105191637/eclipse/arm-gcc-49/bin/../lib/gcc/arm-none-eabi/4.9.3/../../../../arm-none-eabi/lib/armv7e-m/softfp\libm.a(lib_a-s_scalbn.o) (copysign)
c:/infineon/tools/dave ide/4.5.0.202105191637/eclipse/arm-gcc-49/bin/../lib/gcc/arm-none-eabi/4.9.3/armv7e-m/softfp\libgcc.a(_arm_addsubdf3.o)
                              c:/infineon/tools/dave ide/4.5.0.202105191637/eclipse/arm-gcc-49/bin/../lib/gcc/arm-none-eabi/4.9.3/../../../../arm-none-eabi/lib/armv7e-m/softfp\libm.a(lib_a-s_sin.o) (__aeabi_dsub)
c:/infineon/tools/dave ide/4.5.0.202105191637/eclipse/arm-gcc-49/bin/../lib/gcc/arm-none-eabi/4.9.3/armv7e-m/softfp\libgcc.a(_arm_muldivdf3.o)
                              ./main.o (__aeabi_dmul)
c:/infineon/tools/dave ide/4.5.0.202105191637/eclipse/arm-gcc-49/bin/../lib/gcc/arm-none-eabi/4.9.3/armv7e-m/softfp\libgcc.a(_arm_cmpdf2.o)
                              c:/infineon/tools/dave ide/4.5.0.202105191637/eclipse/arm-gcc-49/bin/../lib/gcc/arm-none-eabi/4.9.3/../../../../arm-none-eabi/lib/armv7e-m/softfp\libm.a(lib_a-e_rem_pio2.o) (__aeabi_dcmpeq)
c:/infineon/tools/dave ide/4.5.0.202105191637/eclipse/arm-gcc-49/bin/../lib/gcc/arm-none-eabi/4.9.3/armv7e-m/softfp\libgcc.a(_arm_fixdfsi.o)
                              c:/infineon/tools/dave ide/4.5.0.202105191637/eclipse/arm-gcc-49/bin/../lib/gcc/arm-none-eabi/4.9.3/../../../../arm-none-eabi/lib/armv7e-m/softfp\libm.a(lib_a-e_rem_pio2.o) (__aeabi_d2iz)
c:/infineon/tools/dave ide/4.5.0.202105191637/eclipse/arm-gcc-49/bin/../lib/gcc/arm-none-eabi/4.9.3/armv7e-m/softfp\libgcc.a(_arm_fixunsdfsi.o)
                              ./main.o (__aeabi_d2uiz)
c:/infineon/tools/dave ide/4.5.0.202105191637/eclipse/arm-gcc-49/bin/../lib/gcc/arm-none-eabi/4.9.3/armv7e-m/softfp\libgcc.a(_aeabi_uldivmod.o)
[...]
Memory Configuration

Name             Origin             Length             Attributes
FLASH_1_cached   0x08000000         0x00200000         xr
FLASH_1_uncached 0x0c000000         0x00200000         xr
PSRAM_1          0x1ffe8000         0x00018000         !xr
DSRAM_1_system   0x20000000         0x00020000         !xr
DSRAM_2_comm     0x20020000         0x00020000         !xr
SRAM_combined    0x1ffe8000         0x00058000         !xr
*default*        0x00000000         0xffffffff

Linker script and memory map

LOAD ./Startup/startup_XMC4800.o
LOAD ./Startup/system_XMC4800.o
LOAD ./Libraries/XMCLib/src/xmc4_eru.o
LOAD ./Libraries/XMCLib/src/xmc4_flash.o
LOAD ./Libraries/XMCLib/src/xmc4_gpio.o
LOAD ./Libraries/XMCLib/src/xmc4_rtc.o
LOAD ./Libraries/XMCLib/src/xmc4_scu.o
LOAD ./Libraries/XMCLib/src/xmc_can.o
LOAD ./Libraries/XMCLib/src/xmc_ccu4.o
LOAD ./Libraries/XMCLib/src/xmc_ccu8.o
LOAD ./Libraries/XMCLib/src/xmc_common.o
LOAD ./Libraries/XMCLib/src/xmc_dac.o
LOAD ./Libraries/XMCLib/src/xmc_dma.o
LOAD ./Libraries/XMCLib/src/xmc_dsd.o
LOAD ./Libraries/XMCLib/src/xmc_ebu.o
LOAD ./Libraries/XMCLib/src/xmc_ecat.o
LOAD ./Libraries/XMCLib/src/xmc_eru.o
LOAD ./Libraries/XMCLib/src/xmc_eth_mac.o
LOAD ./Libraries/XMCLib/src/xmc_eth_phy_dp83848.o
LOAD ./Libraries/XMCLib/src/xmc_eth_phy_ksz8031rnl.o
LOAD ./Libraries/XMCLib/src/xmc_eth_phy_ksz8081rnb.o
LOAD ./Libraries/XMCLib/src/xmc_fce.o
LOAD ./Libraries/XMCLib/src/xmc_gpio.o
LOAD ./Libraries/XMCLib/src/xmc_hrpwm.o
LOAD ./Libraries/XMCLib/src/xmc_i2c.o
LOAD ./Libraries/XMCLib/src/xmc_i2s.o
LOAD ./Libraries/XMCLib/src/xmc_ledts.o
LOAD ./Libraries/XMCLib/src/xmc_posif.o
LOAD ./Libraries/XMCLib/src/xmc_rtc.o
LOAD ./Libraries/XMCLib/src/xmc_sdmmc.o
LOAD ./Libraries/XMCLib/src/xmc_spi.o
LOAD ./Libraries/XMCLib/src/xmc_uart.o
LOAD ./Libraries/XMCLib/src/xmc_usbd.o
LOAD ./Libraries/XMCLib/src/xmc_usbh.o
LOAD ./Libraries/XMCLib/src/xmc_usic.o
LOAD ./Libraries/XMCLib/src/xmc_vadc.o
LOAD ./Libraries/XMCLib/src/xmc_wdt.o
LOAD ./Libraries/Newlib/syscalls.o
LOAD ./Dave/Generated/TIMER/timer.o
LOAD ./Dave/Generated/TIMER/timer_conf.o
LOAD ./Dave/Generated/INTERRUPT/interrupt.o
LOAD ./Dave/Generated/INTERRUPT/interrupt_conf.o
LOAD ./Dave/Generated/GLOBAL_CCU4/global_ccu4.o
LOAD ./Dave/Generated/GLOBAL_CCU4/global_ccu4_conf.o
LOAD ./Dave/Generated/GLOBAL_ADC/global_adc.o
LOAD ./Dave/Generated/GLOBAL_ADC/global_adc_conf.o
LOAD ./Dave/Generated/DAC/dac.o
LOAD ./Dave/Generated/DAC/dac_conf.o
LOAD ./Dave/Generated/CPU_CTRL_XMC4/cpu_ctrl_xmc4.o
LOAD ./Dave/Generated/CPU_CTRL_XMC4/cpu_ctrl_xmc4_conf.o
LOAD ./Dave/Generated/CLOCK_XMC4/clock_xmc4.o
LOAD ./Dave/Generated/CLOCK_XMC4/clock_xmc4_conf.o
LOAD ./Dave/Generated/ANALOG_IO/analog_io.o
LOAD ./Dave/Generated/ANALOG_IO/analog_io_conf.o
LOAD ./Dave/Generated/ADC_MEASUREMENT_ADV/adc_measurement_adv.o
LOAD ./Dave/Generated/ADC_MEASUREMENT_ADV/adc_measurement_adv_conf.o
LOAD ./Dave/Generated/DAVE.o
LOAD ./main.o
LOAD c:/infineon/tools/dave ide/4.5.0.202105191637/eclipse/arm-gcc-49/bin/../lib/gcc/arm-none-eabi/4.9.3/../../../../arm-none-eabi/lib/armv7e-m/softfp\libm.a
START GROUP
LOAD c:/infineon/tools/dave ide/4.5.0.202105191637/eclipse/arm-gcc-49/bin/../lib/gcc/arm-none-eabi/4.9.3/armv7e-m/softfp\libgcc.a
LOAD c:/infineon/tools/dave ide/4.5.0.202105191637/eclipse/arm-gcc-49/bin/../lib/gcc/arm-none-eabi/4.9.3/../../../../arm-none-eabi/lib/armv7e-m/softfp\libg_nano.a
LOAD c:/infineon/tools/dave ide/4.5.0.202105191637/eclipse/arm-gcc-49/bin/../lib/gcc/arm-none-eabi/4.9.3/../../../../arm-none-eabi/lib/armv7e-m/softfp\libc_nano.a
END GROUP
START GROUP
LOAD c:/infineon/tools/dave ide/4.5.0.202105191637/eclipse/arm-gcc-49/bin/../lib/gcc/arm-none-eabi/4.9.3/armv7e-m/softfp\libgcc.a
LOAD c:/infineon/tools/dave ide/4.5.0.202105191637/eclipse/arm-gcc-49/bin/../lib/gcc/arm-none-eabi/4.9.3/../../../../arm-none-eabi/lib/armv7e-m/softfp\libc_nano.a
LOAD c:/infineon/tools/dave ide/4.5.0.202105191637/eclipse/arm-gcc-49/bin/../lib/gcc/arm-none-eabi/4.9.3/../../../../arm-none-eabi/lib/armv7e-m/softfp\libnosys.a
END GROUP
START GROUP
LOAD c:/infineon/tools/dave ide/4.5.0.202105191637/eclipse/arm-gcc-49/bin/../lib/gcc/arm-none-eabi/4.9.3/armv7e-m/softfp\libgcc.a
LOAD c:/infineon/tools/dave ide/4.5.0.202105191637/eclipse/arm-gcc-49/bin/../lib/gcc/arm-none-eabi/4.9.3/../../../../arm-none-eabi/lib/armv7e-m/softfp\libc_nano.a
LOAD c:/infineon/tools/dave ide/4.5.0.202105191637/eclipse/arm-gcc-49/bin/../lib/gcc/arm-none-eabi/4.9.3/../../../../arm-none-eabi/lib/armv7e-m/softfp\libnosys.a
END GROUP
                0x00000800                stack_size = DEFINED (stack_size)?stack_size:0x800
                0x00000040                no_init_size = 0x40

.text           0x08000000     0x4b08 load address 0x0c000000
                0x08000000                sText = .
 *(.reset)
 .reset         0x08000000      0x29c ./Startup/startup_XMC4800.o
                0x08000000                __Vectors
                0x08000200                Reset_Handler
                0x08000298                DSD0_7_IRQHandler
                0x08000298                DebugMon_Handler
                0x08000298                VADC0_C0_0_IRQHandler
                0x08000298                CAN0_4_IRQHandler
                0x08000298                VADC0_G2_0_IRQHandler
                0x08000298                USIC0_5_IRQHandler
                0x08000298                POSIF0_0_IRQHandler
                0x08000298                POSIF1_0_IRQHandler
                0x08000298                HardFault_Handler
                0x08000298                VADC0_G1_1_IRQHandler
                0x08000298                SysTick_Handler
                0x08000298                PendSV_Handler
                0x08000298                NMI_Handler
                0x08000298                USIC1_3_IRQHandler
                0x08000298                CCU40_2_IRQHandler
                0x08000298                SCU_0_IRQHandler
                0x08000298                ERU0_0_IRQHandler
                0x08000298                CCU41_0_IRQHandler
                0x08000298                USIC1_5_IRQHandler
                0x08000298                DSD0_4_IRQHandler
                0x08000298                CCU80_1_IRQHandler
                0x08000298                CCU81_0_IRQHandler
                0x08000298                UsageFault_Handler
                0x08000298                USIC0_0_IRQHandler
                0x08000298                POSIF1_1_IRQHandler
                0x08000298                ERU0_2_IRQHandler
                0x08000298                CCU81_1_IRQHandler
                0x08000298                ERU1_1_IRQHandler
                0x08000298                VADC0_G2_3_IRQHandler
                0x08000298                VADC0_G2_2_IRQHandler
                0x08000298                CCU42_3_IRQHandler
                0x08000298                ERU0_3_IRQHandler
                0x08000298                DSD0_5_IRQHandler
                0x08000298                VADC0_C0_3_IRQHandler
                0x08000298                CAN0_6_IRQHandler
                0x08000298                CCU43_0_IRQHandler
                0x08000298                CCU81_2_IRQHandler
                0x08000298                USIC2_4_IRQHandler
                0x08000298                CCU81_3_IRQHandler
                0x08000298                CCU42_1_IRQHandler
                0x08000298                USIC1_1_IRQHandler
                0x08000298                USIC2_5_IRQHandler
                0x08000298                CCU40_0_IRQHandler
                0x08000298                CAN0_0_IRQHandler
                0x08000298                ERU1_0_IRQHandler
                0x08000298                CCU42_2_IRQHandler
                0x08000298                Default_Handler
                0x08000298                USIC1_4_IRQHandler
                0x08000298                ERU1_3_IRQHandler
                0x08000298                USIC1_0_IRQHandler
                0x08000298                POSIF0_1_IRQHandler
                0x08000298                VADC0_G0_0_IRQHandler
                0x08000298                DSD0_2_IRQHandler
                0x08000298                CCU80_3_IRQHandler
                0x08000298                CCU41_3_IRQHandler
                0x08000298                CCU80_2_IRQHandler
                0x08000298                VADC0_G1_3_IRQHandler
                0x08000298                VADC0_G0_3_IRQHandler
                0x08000298                GPDMA0_0_IRQHandler
                0x08000298                PMU0_0_IRQHandler
                0x08000298                CAN0_7_IRQHandler
                0x08000298                DSD0_1_IRQHandler
                0x08000298                CCU41_2_IRQHandler
                0x08000298                VADC0_C0_1_IRQHandler
                0x08000298                CCU43_2_IRQHandler
                0x08000298                USIC2_2_IRQHandler
                0x08000298                MemManage_Handler
                0x08000298                VADC0_G3_1_IRQHandler
                0x08000298                DAC0_0_IRQHandler
                0x08000298                SVC_Handler
                0x08000298                VADC0_G3_3_IRQHandler
                0x08000298                ERU1_2_IRQHandler
                0x08000298                CCU41_1_IRQHandler
                0x08000298                DSD0_6_IRQHandler
                0x08000298                CCU43_1_IRQHandler
                0x08000298                VADC0_G1_2_IRQHandler
                0x08000298                USIC2_3_IRQHandler
                0x08000298                CAN0_2_IRQHandler
                0x08000298                USIC2_0_IRQHandler
                0x08000298                VADC0_G0_2_IRQHandler
                0x08000298                ECAT0_0_IRQHandler
                0x08000298                VADC0_G2_1_IRQHandler
                0x08000298                CAN0_3_IRQHandler
                0x08000298                ETH0_0_IRQHandler
                0x08000298                USIC0_3_IRQHandler
                0x08000298                DSD0_0_IRQHandler
                0x08000298                VADC0_C0_2_IRQHandler
                0x08000298                CCU42_0_IRQHandler
                0x08000298                FCE0_0_IRQHandler
                0x08000298                VADC0_G1_0_IRQHandler
                0x08000298                USB0_0_IRQHandler
                0x08000298                CAN0_5_IRQHandler
                0x08000298                CCU80_0_IRQHandler
                0x08000298                CCU40_1_IRQHandler
                0x08000298                USIC2_1_IRQHandler
                0x08000298                USIC0_1_IRQHandler
                0x08000298                VADC0_G3_2_IRQHandler
                0x08000298                CCU40_3_IRQHandler
                0x08000298                BusFault_Handler
                0x08000298                LEDTS0_0_IRQHandler
                0x08000298                USIC0_4_IRQHandler
                0x08000298                CCU43_3_IRQHandler
                0x08000298                ERU0_1_IRQHandler
                0x08000298                VADC0_G3_0_IRQHandler
                0x08000298                USIC1_2_IRQHandler
                0x08000298                DSD0_3_IRQHandler
                0x08000298                SDMMC0_0_IRQHandler
                0x08000298                CAN0_1_IRQHandler
                0x08000298                USIC0_2_IRQHandler
                0x08000298                DAC0_1_IRQHandler
                0x08000298                GPDMA1_0_IRQHandler
 *(.text .text.* .gnu.linkonce.t.*)
 .text.SystemInit
                0x0800029c       0x20 ./Startup/system_XMC4800.o
                0x0800029c                SystemInit
 .text.SystemCoreClockUpdate
                0x080002bc       0xd4 ./Startup/system_XMC4800.o
                0x080002bc                SystemCoreClockUpdate
 .text.XMC_SCU_CLOCK_GetCpuClockFrequency
                0x08000390       0x18 ./Libraries/XMCLib/src/xmc4_scu.o
 .text.XMC_SCU_GetMirrorStatus
                0x080003a8       0x18 ./Libraries/XMCLib/src/xmc4_scu.o
 .text.XMC_SCU_lDelay
                0x080003c0       0x44 ./Libraries/XMCLib/src/xmc4_scu.o
 .text.XMC_SCU_INTERUPT_GetEventStatus
                0x08000404       0x18 ./Libraries/XMCLib/src/xmc4_scu.o
                0x08000404                XMC_SCU_INTERUPT_GetEventStatus
 .text.XMC_SCU_INTERRUPT_ClearEventStatus
                0x0800041c       0x1c ./Libraries/XMCLib/src/xmc4_scu.o
                0x0800041c                XMC_SCU_INTERRUPT_ClearEventStatus
 .text.XMC_SCU_CLOCK_Init
                0x08000438       0xf8 ./Libraries/XMCLib/src/xmc4_scu.o
                0x08000438                XMC_SCU_CLOCK_Init
 .text.XMC_SCU_RESET_DeassertPeripheralReset
                0x08000530       0x38 ./Libraries/XMCLib/src/xmc4_scu.o
                0x08000530                XMC_SCU_RESET_DeassertPeripheralReset
 .text.XMC_SCU_RESET_IsPeripheralResetAsserted
                0x08000568       0x48 ./Libraries/XMCLib/src/xmc4_scu.o
                0x08000568                XMC_SCU_RESET_IsPeripheralResetAsserted
 .text.XMC_SCU_CLOCK_GetPeripheralClockFrequency
                0x080005b0       0x20 ./Libraries/XMCLib/src/xmc4_scu.o
                0x080005b0                XMC_SCU_CLOCK_GetPeripheralClockFrequency
 .text.XMC_SCU_CLOCK_SetSystemClockSource
                0x080005d0       0x28 ./Libraries/XMCLib/src/xmc4_scu.o
                0x080005d0                XMC_SCU_CLOCK_SetSystemClockSource
 .text.XMC_SCU_CLOCK_SetUsbClockSource
                0x080005f8       0x28 ./Libraries/XMCLib/src/xmc4_scu.o
                0x080005f8                XMC_SCU_CLOCK_SetUsbClockSource
 .text.XMC_SCU_CLOCK_SetWdtClockSource
                0x08000620       0x28 ./Libraries/XMCLib/src/xmc4_scu.o
                0x08000620                XMC_SCU_CLOCK_SetWdtClockSource
 .text.XMC_SCU_CLOCK_SetSystemPllClockSource
                0x08000648       0x40 ./Libraries/XMCLib/src/xmc4_scu.o
                0x08000648                XMC_SCU_CLOCK_SetSystemPllClockSource
 .text.XMC_SCU_HIB_SetRtcClockSource
                0x08000688       0x3c ./Libraries/XMCLib/src/xmc4_scu.o
                0x08000688                XMC_SCU_HIB_SetRtcClockSource
 .text.XMC_SCU_HIB_SetStandbyClockSource
                0x080006c4       0x3c ./Libraries/XMCLib/src/xmc4_scu.o
                0x080006c4                XMC_SCU_HIB_SetStandbyClockSource
 .text.XMC_SCU_CLOCK_SetSystemClockDivider
                0x08000700       0x28 ./Libraries/XMCLib/src/xmc4_scu.o
                0x08000700                XMC_SCU_CLOCK_SetSystemClockDivider
 .text.XMC_SCU_CLOCK_SetCcuClockDivider
                0x08000728       0x28 ./Libraries/XMCLib/src/xmc4_scu.o
                0x08000728                XMC_SCU_CLOCK_SetCcuClockDivider
 .text.XMC_SCU_CLOCK_SetCpuClockDivider
                0x08000750       0x28 ./Libraries/XMCLib/src/xmc4_scu.o
                0x08000750                XMC_SCU_CLOCK_SetCpuClockDivider
 .text.XMC_SCU_CLOCK_SetPeripheralClockDivider
                0x08000778       0x28 ./Libraries/XMCLib/src/xmc4_scu.o
                0x08000778                XMC_SCU_CLOCK_SetPeripheralClockDivider
 .text.XMC_SCU_CLOCK_SetUsbClockDivider
                0x080007a0       0x28 ./Libraries/XMCLib/src/xmc4_scu.o
                0x080007a0                XMC_SCU_CLOCK_SetUsbClockDivider
 .text.XMC_SCU_CLOCK_SetEbuClockDivider
                0x080007c8       0x28 ./Libraries/XMCLib/src/xmc4_scu.o
                0x080007c8                XMC_SCU_CLOCK_SetEbuClockDivider
 .text.XMC_SCU_CLOCK_SetWdtClockDivider
                0x080007f0       0x28 ./Libraries/XMCLib/src/xmc4_scu.o
                0x080007f0                XMC_SCU_CLOCK_SetWdtClockDivider
 .text.XMC_SCU_CLOCK_SetECATClockDivider
                0x08000818       0x28 ./Libraries/XMCLib/src/xmc4_scu.o
                0x08000818                XMC_SCU_CLOCK_SetECATClockDivider
 .text.XMC_SCU_CLOCK_EnableClock
                0x08000840       0x20 ./Libraries/XMCLib/src/xmc4_scu.o
                0x08000840                XMC_SCU_CLOCK_EnableClock
 .text.XMC_SCU_CLOCK_UngatePeripheralClock
                0x08000860       0x38 ./Libraries/XMCLib/src/xmc4_scu.o
                0x08000860                XMC_SCU_CLOCK_UngatePeripheralClock
 .text.XMC_SCU_CLOCK_EnableUsbPll
                0x08000898       0x20 ./Libraries/XMCLib/src/xmc4_scu.o
                0x08000898                XMC_SCU_CLOCK_EnableUsbPll
 .text.XMC_SCU_CLOCK_StartUsbPll
                0x080008b8       0xb4 ./Libraries/XMCLib/src/xmc4_scu.o
                0x080008b8                XMC_SCU_CLOCK_StartUsbPll
 .text.XMC_SCU_CLOCK_SetBackupClockCalibrationMode
                0x0800096c       0x4c ./Libraries/XMCLib/src/xmc4_scu.o
                0x0800096c                XMC_SCU_CLOCK_SetBackupClockCalibrationMode
 .text.XMC_SCU_HIB_EnableHibernateDomain
                0x080009b8       0x58 ./Libraries/XMCLib/src/xmc4_scu.o
                0x080009b8                XMC_SCU_HIB_EnableHibernateDomain
 .text.XMC_SCU_CLOCK_IsLowPowerOscillatorStable
                0x08000a10       0x24 ./Libraries/XMCLib/src/xmc4_scu.o
                0x08000a10                XMC_SCU_CLOCK_IsLowPowerOscillatorStable
 .text.XMC_SCU_CLOCK_EnableLowPowerOscillator
                0x08000a34       0x70 ./Libraries/XMCLib/src/xmc4_scu.o
                0x08000a34                XMC_SCU_CLOCK_EnableLowPowerOscillator
 .text.XMC_SCU_CLOCK_EnableHighPerformanceOscillator
                0x08000aa4       0x50 ./Libraries/XMCLib/src/xmc4_scu.o
                0x08000aa4                XMC_SCU_CLOCK_EnableHighPerformanceOscillator
 .text.XMC_SCU_CLOCK_IsHighPerformanceOscillatorStable
                0x08000af4       0x28 ./Libraries/XMCLib/src/xmc4_scu.o
                0x08000af4                XMC_SCU_CLOCK_IsHighPerformanceOscillatorStable
 .text.XMC_SCU_CLOCK_EnableSystemPll
                0x08000b1c       0x20 ./Libraries/XMCLib/src/xmc4_scu.o
                0x08000b1c                XMC_SCU_CLOCK_EnableSystemPll
 .text.XMC_SCU_CLOCK_DisableSystemPll
                0x08000b3c       0x20 ./Libraries/XMCLib/src/xmc4_scu.o
                0x08000b3c                XMC_SCU_CLOCK_DisableSystemPll
 .text.XMC_SCU_CLOCK_StartSystemPll
                0x08000b5c      0x19c ./Libraries/XMCLib/src/xmc4_scu.o
                0x08000b5c                XMC_SCU_CLOCK_StartSystemPll
 .text.XMC_SCU_CLOCK_StepSystemPllFrequency
                0x08000cf8       0x3c ./Libraries/XMCLib/src/xmc4_scu.o
                0x08000cf8                XMC_SCU_CLOCK_StepSystemPllFrequency
 .text.XMC_CCU4_StartPrescaler
                0x08000d34       0x1c ./Libraries/XMCLib/src/xmc_ccu4.o
 .text.XMC_CCU4_lDeassertReset
                0x08000d50       0x60 ./Libraries/XMCLib/src/xmc_ccu4.o
 .text.XMC_CCU4_lUngateClock
                0x08000db0       0x60 ./Libraries/XMCLib/src/xmc_ccu4.o
 .text.XMC_CCU4_EnableModule
                0x08000e10       0x20 ./Libraries/XMCLib/src/xmc_ccu4.o
                0x08000e10                XMC_CCU4_EnableModule
 .text.XMC_CCU4_Init
                0x08000e30       0x3c ./Libraries/XMCLib/src/xmc_ccu4.o
                0x08000e30                XMC_CCU4_Init
 .text.XMC_CCU4_SLICE_CompareInit
                0x08000e6c       0x6c ./Libraries/XMCLib/src/xmc_ccu4.o
                0x08000e6c                XMC_CCU4_SLICE_CompareInit
 .text.XMC_CCU4_SLICE_SetInterruptNode
                0x08000ed8       0xc8 ./Libraries/XMCLib/src/xmc_ccu4.o
                0x08000ed8                XMC_CCU4_SLICE_SetInterruptNode
 .text.XMC_DAC_CH_EnableOutput
                0x08000fa0       0x30 ./Libraries/XMCLib/src/xmc_dac.o
 .text.XMC_DAC_CH_EnablePatternSignOutput
                0x08000fd0       0x30 ./Libraries/XMCLib/src/xmc_dac.o
 .text.XMC_DAC_CH_DisablePatternSignOutput
                0x08001000       0x30 ./Libraries/XMCLib/src/xmc_dac.o
 .text.XMC_DAC_CH_SetRampStart
                0x08001030       0x28 ./Libraries/XMCLib/src/xmc_dac.o
 .text.XMC_DAC_CH_SetRampStop
                0x08001058       0x3c ./Libraries/XMCLib/src/xmc_dac.o
 .text.XMC_DAC_CH_SetTrigger
                0x08001094       0x34 ./Libraries/XMCLib/src/xmc_dac.o
 .text.XMC_DAC_CH_SetMode
                0x080010c8       0x34 ./Libraries/XMCLib/src/xmc_dac.o
 .text.XMC_DAC_Enable
                0x080010fc       0x20 ./Libraries/XMCLib/src/xmc_dac.o
                0x080010fc                XMC_DAC_Enable
 .text.XMC_DAC_CH_Init
                0x0800111c       0x48 ./Libraries/XMCLib/src/xmc_dac.o
                0x0800111c                XMC_DAC_CH_Init
 .text.XMC_DAC_CH_SetFrequency
                0x08001164       0x60 ./Libraries/XMCLib/src/xmc_dac.o
                0x08001164                XMC_DAC_CH_SetFrequency
 .text.XMC_DAC_CH_SetRampFrequency
                0x080011c4       0x50 ./Libraries/XMCLib/src/xmc_dac.o
                0x080011c4                XMC_DAC_CH_SetRampFrequency
 .text.XMC_DAC_CH_StartSingleValueMode
                0x08001214       0x24 ./Libraries/XMCLib/src/xmc_dac.o
                0x08001214                XMC_DAC_CH_StartSingleValueMode
 .text.XMC_DAC_CH_StartDataMode
                0x08001238       0x60 ./Libraries/XMCLib/src/xmc_dac.o
                0x08001238                XMC_DAC_CH_StartDataMode
 .text.XMC_DAC_CH_StartRampMode
                0x08001298       0x88 ./Libraries/XMCLib/src/xmc_dac.o
                0x08001298                XMC_DAC_CH_StartRampMode
 .text.XMC_DAC_CH_StartPatternMode
                0x08001320       0x90 ./Libraries/XMCLib/src/xmc_dac.o
                0x08001320                XMC_DAC_CH_StartPatternMode
 .text.XMC_DAC_CH_StartNoiseMode
                0x080013b0       0x60 ./Libraries/XMCLib/src/xmc_dac.o
                0x080013b0                XMC_DAC_CH_StartNoiseMode
 .text.XMC_DAC_CH_SetPattern
                0x08001410       0xa0 ./Libraries/XMCLib/src/xmc_dac.o
                0x08001410                XMC_DAC_CH_SetPattern
 .text.XMC_VADC_GROUP_ExternalMuxControlInit
                0x080014b0       0x7c ./Libraries/XMCLib/src/xmc_vadc.o
 .text.XMC_VADC_GROUP_ScanEnableArbitrationSlot
                0x0800152c       0x24 ./Libraries/XMCLib/src/xmc_vadc.o
 .text.XMC_VADC_GROUP_ScanDisableArbitrationSlot
                0x08001550       0x24 ./Libraries/XMCLib/src/xmc_vadc.o
 .text.XMC_VADC_GLOBAL_EnableModule
                0x08001574       0x14 ./Libraries/XMCLib/src/xmc_vadc.o
                0x08001574                XMC_VADC_GLOBAL_EnableModule
 .text.XMC_VADC_GLOBAL_Init
                0x08001588       0x54 ./Libraries/XMCLib/src/xmc_vadc.o
                0x08001588                XMC_VADC_GLOBAL_Init
 .text.XMC_VADC_GLOBAL_StartupCalibration
                0x080015dc       0x64 ./Libraries/XMCLib/src/xmc_vadc.o
                0x080015dc                XMC_VADC_GLOBAL_StartupCalibration
 .text.XMC_VADC_GROUP_Init
                0x08001640       0x68 ./Libraries/XMCLib/src/xmc_vadc.o
                0x08001640                XMC_VADC_GROUP_Init
 .text.XMC_VADC_GROUP_InputClassInit
                0x080016a8       0xb8 ./Libraries/XMCLib/src/xmc_vadc.o
                0x080016a8                XMC_VADC_GROUP_InputClassInit
 .text.XMC_VADC_GROUP_SetPowerMode
                0x08001760       0x38 ./Libraries/XMCLib/src/xmc_vadc.o
                0x08001760                XMC_VADC_GROUP_SetPowerMode
 .text.XMC_VADC_GROUP_SetSyncSlave
                0x08001798       0x44 ./Libraries/XMCLib/src/xmc_vadc.o
                0x08001798                XMC_VADC_GROUP_SetSyncSlave
 .text.XMC_VADC_GROUP_SetSyncMaster
                0x080017dc       0x2c ./Libraries/XMCLib/src/xmc_vadc.o
                0x080017dc                XMC_VADC_GROUP_SetSyncMaster
 .text.XMC_VADC_GROUP_CheckSlaveReadiness
                0x08001808       0x68 ./Libraries/XMCLib/src/xmc_vadc.o
                0x08001808                XMC_VADC_GROUP_CheckSlaveReadiness
 .text.XMC_VADC_GROUP_ScanInit
                0x08001870       0x9c ./Libraries/XMCLib/src/xmc_vadc.o
                0x08001870                XMC_VADC_GROUP_ScanInit
 .text.XMC_VADC_GROUP_ScanSetReqSrcEventInterruptNode
                0x0800190c       0x38 ./Libraries/XMCLib/src/xmc_vadc.o
                0x0800190c                XMC_VADC_GROUP_ScanSetReqSrcEventInterruptNode
 .text.XMC_VADC_GROUP_ChannelInit
                0x08001944       0xdc ./Libraries/XMCLib/src/xmc_vadc.o
                0x08001944                XMC_VADC_GROUP_ChannelInit
 .text.XMC_VADC_GROUP_SetResultInterruptNode
                0x08001a20       0x90 ./Libraries/XMCLib/src/xmc_vadc.o
                0x08001a20                XMC_VADC_GROUP_SetResultInterruptNode
 .text._init    0x08001ab0        0xc ./Libraries/Newlib/syscalls.o
                0x08001ab0                _init
 .text.XMC_CCU4_EnableClock
                0x08001abc       0x20 ./Dave/Generated/TIMER/timer.o
 .text.XMC_CCU4_SLICE_StartTimer
                0x08001adc       0x18 ./Dave/Generated/TIMER/timer.o
 .text.XMC_CCU4_SLICE_ClearTimer
                0x08001af4       0x18 ./Dave/Generated/TIMER/timer.o
 .text.XMC_CCU4_SLICE_SetTimerPeriodMatch
                0x08001b0c       0x1c ./Dave/Generated/TIMER/timer.o
 .text.XMC_CCU4_SLICE_SetTimerCompareMatch
                0x08001b28       0x1c ./Dave/Generated/TIMER/timer.o
 .text.XMC_CCU4_EnableShadowTransfer
                0x08001b44       0x1c ./Dave/Generated/TIMER/timer.o
 .text.XMC_CCU4_SLICE_EnableEvent
                0x08001b60       0x2c ./Dave/Generated/TIMER/timer.o
 .text.TIMER_Init
                0x08001b8c       0x3c ./Dave/Generated/TIMER/timer.o
                0x08001b8c                TIMER_Init
 .text.TIMER_CCU4_lInit
                0x08001bc8       0x98 ./Dave/Generated/TIMER/timer.o
                0x08001bc8                TIMER_CCU4_lInit
 .text.TIMER_CCU4_lShadowTransfer
                0x08001c60       0x3c ./Dave/Generated/TIMER/timer.o
                0x08001c60                TIMER_CCU4_lShadowTransfer
 .text.__NVIC_GetPriorityGrouping
                0x08001c9c       0x1c ./Dave/Generated/INTERRUPT/interrupt.o
 .text.__NVIC_EnableIRQ
                0x08001cb8       0x38 ./Dave/Generated/INTERRUPT/interrupt.o
 .text.__NVIC_SetPriority
                0x08001cf0       0x54 ./Dave/Generated/INTERRUPT/interrupt.o
 .text.NVIC_EncodePriority
                0x08001d44       0x64 ./Dave/Generated/INTERRUPT/interrupt.o
 .text.INTERRUPT_Enable
                0x08001da8       0x1c ./Dave/Generated/INTERRUPT/interrupt.o
 .text.INTERRUPT_Init
                0x08001dc4       0x4c ./Dave/Generated/INTERRUPT/interrupt.o
                0x08001dc4                INTERRUPT_Init
 .text.XMC_CCU4_StartPrescaler
                0x08001e10       0x1c ./Dave/Generated/GLOBAL_CCU4/global_ccu4.o
 .text.GLOBAL_CCU4_Init
                0x08001e2c       0x40 ./Dave/Generated/GLOBAL_CCU4/global_ccu4.o
                0x08001e2c                GLOBAL_CCU4_Init
 .text.XMC_VADC_GLOBAL_DisablePostCalibration
                0x08001e6c       0x2c ./Dave/Generated/GLOBAL_ADC/global_adc.o
 .text.GLOBAL_ADC_Init
                0x08001e98       0xb0 ./Dave/Generated/GLOBAL_ADC/global_adc.o
                0x08001e98                GLOBAL_ADC_Init
 .text.XMC_DAC_EnableSimultaneousDataMode
                0x08001f48       0x20 ./Dave/Generated/DAC/dac.o
 .text.XMC_DAC_CH_Write
                0x08001f68       0x28 ./Dave/Generated/DAC/dac.o
 .text.XMC_DAC_CH_SetMode
                0x08001f90       0x34 ./Dave/Generated/DAC/dac.o
 .text.XMC_DAC_CH_EnableEvent
                0x08001fc4       0x30 ./Dave/Generated/DAC/dac.o
 .text.XMC_DAC_CH_SetOutputScale
                0x08001ff4       0x38 ./Dave/Generated/DAC/dac.o
 .text.DAC_ModeConfig
                0x0800202c      0x158 ./Dave/Generated/DAC/dac.o
                0x0800202c                DAC_ModeConfig
 .text.DAC_Init
                0x08002184       0x84 ./Dave/Generated/DAC/dac.o
                0x08002184                DAC_Init
 .text.DAC_SingleValue_SetValue_u16
                0x08002208       0x40 ./Dave/Generated/DAC/dac.o
                0x08002208                DAC_SingleValue_SetValue_u16
 .text.__NVIC_SetPriorityGrouping
                0x08002248       0x48 ./Dave/Generated/CPU_CTRL_XMC4/cpu_ctrl_xmc4_conf.o
 .text.SystemCoreSetup
                0x08002290       0xa0 ./Dave/Generated/CPU_CTRL_XMC4/cpu_ctrl_xmc4_conf.o
                0x08002290                SystemCoreSetup
 .text.CLOCK_XMC4_Init
                0x08002330       0x20 ./Dave/Generated/CLOCK_XMC4/clock_xmc4.o
                0x08002330                CLOCK_XMC4_Init
 .text.OSCHP_GetFrequency
                0x08002350       0x14 ./Dave/Generated/CLOCK_XMC4/clock_xmc4.o
                0x08002350                OSCHP_GetFrequency
 .text.XMC_SCU_CLOCK_SetECATClockSource
                0x08002364       0x28 ./Dave/Generated/CLOCK_XMC4/clock_xmc4_conf.o
 .text.SystemCoreClockSetup
                0x0800238c       0x64 ./Dave/Generated/CLOCK_XMC4/clock_xmc4_conf.o
                0x0800238c                SystemCoreClockSetup
 .text.ANALOG_IO_Init
                0x080023f0       0x34 ./Dave/Generated/ANALOG_IO/analog_io.o
                0x080023f0                ANALOG_IO_Init
 .text.__NVIC_GetPriorityGrouping
                0x08002424       0x1c ./Dave/Generated/ADC_MEASUREMENT_ADV/adc_measurement_adv.o
 .text.__NVIC_EnableIRQ
                0x08002440       0x38 ./Dave/Generated/ADC_MEASUREMENT_ADV/adc_measurement_adv.o
 .text.__NVIC_SetPriority
                0x08002478       0x54 ./Dave/Generated/ADC_MEASUREMENT_ADV/adc_measurement_adv.o
 .text.NVIC_EncodePriority
                0x080024cc       0x64 ./Dave/Generated/ADC_MEASUREMENT_ADV/adc_measurement_adv.o
 .text.XMC_VADC_GROUP_ScanEnableArbitrationSlot
                0x08002530       0x24 ./Dave/Generated/ADC_MEASUREMENT_ADV/adc_measurement_adv.o
 .text.XMC_VADC_GROUP_ScanDisableArbitrationSlot
                0x08002554       0x24 ./Dave/Generated/ADC_MEASUREMENT_ADV/adc_measurement_adv.o
 .text.XMC_VADC_GROUP_ScanIsArbitrationSlotEnabled
                0x08002578       0x2c ./Dave/Generated/ADC_MEASUREMENT_ADV/adc_measurement_adv.o
 .text.XMC_VADC_GROUP_ScanSetGatingMode
                0x080025a4       0x38 ./Dave/Generated/ADC_MEASUREMENT_ADV/adc_measurement_adv.o
 .text.XMC_VADC_GROUP_ScanAddMultipleChannels
                0x080025dc       0x1c ./Dave/Generated/ADC_MEASUREMENT_ADV/adc_measurement_adv.o
 .text.XMC_VADC_GROUP_ResultInit
                0x080025f8       0x24 ./Dave/Generated/ADC_MEASUREMENT_ADV/adc_measurement_adv.o
 .text.ADC_MEASUREMENT_ADV_lScanInit
                0x0800261c       0xb4 ./Dave/Generated/ADC_MEASUREMENT_ADV/adc_measurement_adv.o
 .text.ADC_MEASUREMENT_ADV_lRequestSrcInit
                0x080026d0       0x28 ./Dave/Generated/ADC_MEASUREMENT_ADV/adc_measurement_adv.o
 .text.ADC_MEASUREMENT_ADV_lArbitrationStatus
                0x080026f8       0x58 ./Dave/Generated/ADC_MEASUREMENT_ADV/adc_measurement_adv.o
 .text.ADC_MEASUREMENT_ADV_lDisableArbitration
                0x08002750       0x34 ./Dave/Generated/ADC_MEASUREMENT_ADV/adc_measurement_adv.o
 .text.ADC_MEASUREMENT_ADV_lInsertChannels
                0x08002784       0x2c ./Dave/Generated/ADC_MEASUREMENT_ADV/adc_measurement_adv.o
                0x08002784                ADC_MEASUREMENT_ADV_lInsertChannels
 .text.ADC_MEASUREMENT_ADV_lSyncADCClocks
                0x080027b0       0x7c ./Dave/Generated/ADC_MEASUREMENT_ADV/adc_measurement_adv.o
                0x080027b0                ADC_MEASUREMENT_ADV_lSyncADCClocks
 .text.ADC_MEASUREMENT_ADV_StartADC
                0x0800282c       0x24 ./Dave/Generated/ADC_MEASUREMENT_ADV/adc_measurement_adv.o
                0x0800282c                ADC_MEASUREMENT_ADV_StartADC
 .text.ADC_MEASUREMENT_ADC_lNvicEnable
                0x08002850       0x30 ./Dave/Generated/ADC_MEASUREMENT_ADV/adc_measurement_adv.o
                0x08002850                ADC_MEASUREMENT_ADC_lNvicEnable
 .text.ADC_MEASUREMENT_ADC_lResultInit
                0x08002880       0x38 ./Dave/Generated/ADC_MEASUREMENT_ADV/adc_measurement_adv.o
 .text.ADC_MEASUREMENT_ADV_Init
                0x080028b8       0xcc ./Dave/Generated/ADC_MEASUREMENT_ADV/adc_measurement_adv.o
                0x080028b8                ADC_MEASUREMENT_ADV_Init
 .text.ADC_MEASUREMENT_ADV_0_event_config
                0x08002984       0x14 ./Dave/Generated/ADC_MEASUREMENT_ADV/adc_measurement_adv_conf.o
 .text.DAVE_Init
                0x08002998       0x74 ./Dave/Generated/DAVE.o
                0x08002998                DAVE_Init
 .text.XMC_VADC_GROUP_GetResult
                0x08002a0c       0x24 ./main.o
 .text.ADC_MEASUREMENT_ADV_GetResult
                0x08002a30       0x3c ./main.o
 .text.main     0x08002a6c       0x18 ./main.o
                0x08002a6c                main
 .text.VADC0_G0_1_IRQHandler
                0x08002a84      0x12c ./main.o
                0x08002a84                VADC0_G0_1_IRQHandler
 .text.sin      0x08002bb0       0x94 c:/infineon/tools/dave ide/4.5.0.202105191637/eclipse/arm-gcc-49/bin/../lib/gcc/arm-none-eabi/4.9.3/../../../../arm-none-eabi/lib/armv7e-m/softfp\libm.a(lib_a-s_sin.o)
                0x08002bb0                sin
 *fill*         0x08002c44        0x4 
 .text.__ieee754_rem_pio2
                0x08002c48      0x440 c:/infineon/tools/dave ide/4.5.0.202105191637/eclipse/arm-gcc-49/bin/../lib/gcc/arm-none-eabi/4.9.3/../../../../arm-none-eabi/lib/armv7e-m/softfp\libm.a(lib_a-e_rem_pio2.o)
                0x08002c48                __ieee754_rem_pio2
 .text.__kernel_cos
                0x08003088      0x250 c:/infineon/tools/dave ide/4.5.0.202105191637/eclipse/arm-gcc-49/bin/../lib/gcc/arm-none-eabi/4.9.3/../../../../arm-none-eabi/lib/armv7e-m/softfp\libm.a(lib_a-k_cos.o)
                0x08003088                __kernel_cos
 .text.__kernel_rem_pio2
                0x080032d8      0x7d8 c:/infineon/tools/dave ide/4.5.0.202105191637/eclipse/arm-gcc-49/bin/../lib/gcc/arm-none-eabi/4.9.3/../../../../arm-none-eabi/lib/armv7e-m/softfp\libm.a(lib_a-k_rem_pio2.o)
                0x080032d8                __kernel_rem_pio2
 .text.__kernel_sin
                0x08003ab0      0x170 c:/infineon/tools/dave ide/4.5.0.202105191637/eclipse/arm-gcc-49/bin/../lib/gcc/arm-none-eabi/4.9.3/../../../../arm-none-eabi/lib/armv7e-m/softfp\libm.a(lib_a-k_sin.o)
                0x08003ab0                __kernel_sin
 .text.fabs     0x08003c20        0x8 c:/infineon/tools/dave ide/4.5.0.202105191637/eclipse/arm-gcc-49/bin/../lib/gcc/arm-none-eabi/4.9.3/../../../../arm-none-eabi/lib/armv7e-m/softfp\libm.a(lib_a-s_fabs.o)
                0x08003c20                fabs
 .text.floor    0x08003c28      0x110 c:/infineon/tools/dave ide/4.5.0.202105191637/eclipse/arm-gcc-49/bin/../lib/gcc/arm-none-eabi/4.9.3/../../../../arm-none-eabi/lib/armv7e-m/softfp\libm.a(lib_a-s_floor.o)
                0x08003c28                floor
 .text.scalbn   0x08003d38      0x108 c:/infineon/tools/dave ide/4.5.0.202105191637/eclipse/arm-gcc-49/bin/../lib/gcc/arm-none-eabi/4.9.3/../../../../arm-none-eabi/lib/armv7e-m/softfp\libm.a(lib_a-s_scalbn.o)
                0x08003d38                scalbn
 .text.copysign
                0x08003e40       0x10 c:/infineon/tools/dave ide/4.5.0.202105191637/eclipse/arm-gcc-49/bin/../lib/gcc/arm-none-eabi/4.9.3/../../../../arm-none-eabi/lib/armv7e-m/softfp\libm.a(lib_a-s_copysign.o)
                0x08003e40                copysign
 .text          0x08003e50      0x370 c:/infineon/tools/dave ide/4.5.0.202105191637/eclipse/arm-gcc-49/bin/../lib/gcc/arm-none-eabi/4.9.3/armv7e-m/softfp\libgcc.a(_arm_addsubdf3.o)
                0x08003e50                __aeabi_drsub
                0x08003e58                __aeabi_dsub
                0x08003e58                __subdf3
                0x08003e5c                __aeabi_dadd
                0x08003e5c                __adddf3
                0x080040d4                __floatunsidf
                0x080040d4                __aeabi_ui2d
                0x080040f4                __floatsidf
                0x080040f4                __aeabi_i2d
                0x08004118                __aeabi_f2d
                0x08004118                __extendsfdf2
                0x08004154                __floatundidf
                0x08004154                __aeabi_ul2d
                0x08004164                __floatdidf
                0x08004164                __aeabi_l2d
 .text          0x080041c0      0x424 c:/infineon/tools/dave ide/4.5.0.202105191637/eclipse/arm-gcc-49/bin/../lib/gcc/arm-none-eabi/4.9.3/armv7e-m/softfp\libgcc.a(_arm_muldivdf3.o)
                0x080041c0                __aeabi_dmul
                0x080041c0                __muldf3
                0x08004414                __divdf3
                0x08004414                __aeabi_ddiv
 .text          0x080045e4      0x110 c:/infineon/tools/dave ide/4.5.0.202105191637/eclipse/arm-gcc-49/bin/../lib/gcc/arm-none-eabi/4.9.3/armv7e-m/softfp\libgcc.a(_arm_cmpdf2.o)
                0x080045e4                __gtdf2
                0x080045e4                __gedf2
                0x080045ec                __ltdf2
                0x080045ec                __ledf2
                0x080045f4                __nedf2
                0x080045f4                __eqdf2
                0x080045f4                __cmpdf2
                0x08004670                __aeabi_cdrcmple
                0x08004680                __aeabi_cdcmpeq
                0x08004680                __aeabi_cdcmple
                0x08004690                __aeabi_dcmpeq
                0x080046a4                __aeabi_dcmplt
                0x080046b8                __aeabi_dcmple
                0x080046cc                __aeabi_dcmpge
                0x080046e0                __aeabi_dcmpgt
 .text          0x080046f4       0x50 c:/infineon/tools/dave ide/4.5.0.202105191637/eclipse/arm-gcc-49/bin/../lib/gcc/arm-none-eabi/4.9.3/armv7e-m/softfp\libgcc.a(_arm_fixdfsi.o)
                0x080046f4                __aeabi_d2iz
                0x080046f4                __fixdfsi
 .text          0x08004744       0x40 c:/infineon/tools/dave ide/4.5.0.202105191637/eclipse/arm-gcc-49/bin/../lib/gcc/arm-none-eabi/4.9.3/armv7e-m/softfp\libgcc.a(_arm_fixunsdfsi.o)
                0x08004744                __aeabi_d2uiz
                0x08004744                __fixunsdfsi
 .text.__libc_init_array
                0x08004784       0x4c c:/infineon/tools/dave ide/4.5.0.202105191637/eclipse/arm-gcc-49/bin/../lib/gcc/arm-none-eabi/4.9.3/../../../../arm-none-eabi/lib/armv7e-m/softfp\libg_nano.a(lib_a-init.o)
                0x08004784                __libc_init_array
 *(.init)
 *(.fini)
 *crtbegin.o(.ctors)
 *crtbegin?.o(.ctors)
 *(EXCLUDE_FILE(*crtend.o *crtend?.o) .ctors)
 *(SORT(.ctors.*))
 *(.ctors)
 *crtbegin.o(.dtors)
 *crtbegin?.o(.dtors)
 *(EXCLUDE_FILE(*crtend.o *crtend?.o) .dtors)
 *(SORT(.dtors.*))
 *(.dtors)
 *(.rodata .rodata.*)
 .rodata.g_xmc_vadc_group_array
                0x080047d0       0x10 ./Libraries/XMCLib/src/xmc_vadc.o
 .rodata.INTERRUPT_0
                0x080047e0        0x4 ./Dave/Generated/INTERRUPT/interrupt_conf.o
                0x080047e0                INTERRUPT_0
 .rodata.group_init_handle0
                0x080047e4       0x14 ./Dave/Generated/GLOBAL_ADC/global_adc_conf.o
                0x080047e4                group_init_handle0
 .rodata.group_init_handle1
                0x080047f8       0x14 ./Dave/Generated/GLOBAL_ADC/global_adc_conf.o
                0x080047f8                group_init_handle1
 .rodata.group_init_handle2
                0x0800480c       0x14 ./Dave/Generated/GLOBAL_ADC/global_adc_conf.o
                0x0800480c                group_init_handle2
 .rodata.group_init_handle3
                0x08004820       0x14 ./Dave/Generated/GLOBAL_ADC/global_adc_conf.o
                0x08004820                group_init_handle3
 .rodata.global_config
                0x08004834       0x18 ./Dave/Generated/GLOBAL_ADC/global_adc_conf.o
                0x08004834                global_config
 .rodata        0x0800484c       0x14 ./Dave/Generated/CLOCK_XMC4/clock_xmc4_conf.o
 .rodata.ANALOG_IO_0
                0x08004860       0x10 ./Dave/Generated/ANALOG_IO/analog_io_conf.o
                0x08004860                ANALOG_IO_0
 .rodata.ANALOG_IO_1
                0x08004870       0x10 ./Dave/Generated/ANALOG_IO/analog_io_conf.o
                0x08004870                ANALOG_IO_1
 .rodata.ANALOG_IO_2
                0x08004880       0x10 ./Dave/Generated/ANALOG_IO/analog_io_conf.o
                0x08004880                ANALOG_IO_2
 .rodata.group_ptrs
                0x08004890       0x10 ./Dave/Generated/ADC_MEASUREMENT_ADV/adc_measurement_adv.o
                0x08004890                group_ptrs
 .rodata.ADC_MEASUREMENT_ADV_0_Channel_A_ch_config
                0x080048a0       0x10 ./Dave/Generated/ADC_MEASUREMENT_ADV/adc_measurement_adv_conf.o
 .rodata.ADC_MEASUREMENT_ADV_0_Channel_A_res_config
                0x080048b0        0x4 ./Dave/Generated/ADC_MEASUREMENT_ADV/adc_measurement_adv_conf.o
 .rodata.ADC_MEASUREMENT_ADV_0_Channel_A_handle
                0x080048b4       0x10 ./Dave/Generated/ADC_MEASUREMENT_ADV/adc_measurement_adv_conf.o
                0x080048b4                ADC_MEASUREMENT_ADV_0_Channel_A_handle
 .rodata.ADC_MEASUREMENT_ADV_0_Channel_B_ch_config
                0x080048c4       0x10 ./Dave/Generated/ADC_MEASUREMENT_ADV/adc_measurement_adv_conf.o
 .rodata.ADC_MEASUREMENT_ADV_0_Channel_B_res_config
                0x080048d4        0x4 ./Dave/Generated/ADC_MEASUREMENT_ADV/adc_measurement_adv_conf.o
 .rodata.ADC_MEASUREMENT_ADV_0_Channel_B_handle
                0x080048d8       0x10 ./Dave/Generated/ADC_MEASUREMENT_ADV/adc_measurement_adv_conf.o
                0x080048d8                ADC_MEASUREMENT_ADV_0_Channel_B_handle
 .rodata.ADC_MEASUREMENT_ADV_0_scan_config
                0x080048e8        0xc ./Dave/Generated/ADC_MEASUREMENT_ADV/adc_measurement_adv_conf.o
 .rodata.ADC_MEASUREMENT_ADV_0_scan_handle
                0x080048f4       0x24 ./Dave/Generated/ADC_MEASUREMENT_ADV/adc_measurement_adv_conf.o
 .rodata.ADC_MEASUREMENT_ADV_0
                0x08004918       0x18 ./Dave/Generated/ADC_MEASUREMENT_ADV/adc_measurement_adv_conf.o
                0x08004918                ADC_MEASUREMENT_ADV_0
 .rodata.npio2_hw
                0x08004930       0x80 c:/infineon/tools/dave ide/4.5.0.202105191637/eclipse/arm-gcc-49/bin/../lib/gcc/arm-none-eabi/4.9.3/../../../../arm-none-eabi/lib/armv7e-m/softfp\libm.a(lib_a-e_rem_pio2.o)
 .rodata.two_over_pi
                0x080049b0      0x108 c:/infineon/tools/dave ide/4.5.0.202105191637/eclipse/arm-gcc-49/bin/../lib/gcc/arm-none-eabi/4.9.3/../../../../arm-none-eabi/lib/armv7e-m/softfp\libm.a(lib_a-e_rem_pio2.o)
 .rodata.init_jk
                0x08004ab8       0x10 c:/infineon/tools/dave ide/4.5.0.202105191637/eclipse/arm-gcc-49/bin/../lib/gcc/arm-none-eabi/4.9.3/../../../../arm-none-eabi/lib/armv7e-m/softfp\libm.a(lib_a-k_rem_pio2.o)
 .rodata.PIo2   0x08004ac8       0x40 c:/infineon/tools/dave ide/4.5.0.202105191637/eclipse/arm-gcc-49/bin/../lib/gcc/arm-none-eabi/4.9.3/../../../../arm-none-eabi/lib/armv7e-m/softfp\libm.a(lib_a-k_rem_pio2.o)
 *(.gnu.linkonce.r*)
 *(vtable)
                0x08004b08                . = ALIGN (0x4)

.glue_7         0x08004b08        0x0 load address 0x0c004b08
 .glue_7        0x00000000        0x0 linker stubs

.glue_7t        0x08004b08        0x0 load address 0x0c004b08
 .glue_7t       0x00000000        0x0 linker stubs

.vfp11_veneer   0x08004b08        0x0 load address 0x0c004b08
 .vfp11_veneer  0x00000000        0x0 linker stubs

.v4_bx          0x08004b08        0x0 load address 0x0c004b08
 .v4_bx         0x00000000        0x0 linker stubs

.iplt           0x08004b08        0x0 load address 0x0c004b08
 .iplt          0x00000000        0x0 ./Startup/startup_XMC4800.o

.rel.dyn        0x08004b08        0x0 load address 0x0c004b08
 .rel.iplt      0x00000000        0x0 ./Startup/startup_XMC4800.o

.eh_frame_hdr
 *(.eh_frame_hdr)

.eh_frame
 *(.eh_frame)

.ARM.extab
 *(.ARM.extab* .gnu.linkonce.armextab.*)
                0x08004b08                . = ALIGN (0x4)
                0x08004b08                __exidx_start = .

.ARM.exidx
 *(.ARM.exidx* .gnu.linkonce.armexidx.*)
                0x08004b08                __exidx_end = .
                0x08004b08                . = ALIGN (0x4)

Stack           0x1ffe8000      0x800
                0x1ffe8000                __stack_start = .
                0x1ffe8800                . = (. + stack_size)
 *fill*         0x1ffe8000      0x800 
                0x1ffe8800                __stack_end = .
                0x1ffe8800                __initial_sp = .

.ram_code       0x1ffe8800        0x0 load address 0x0c004b08
                0x1ffe8800                . = ALIGN (0x4)
                0x1ffe8800                __ram_code_start = .
 *(.ram_code)
                0x1ffe8800                . = ALIGN (0x4)
                0x1ffe8800                __ram_code_end = .
                0x0c004b08                __ram_code_load = LOADADDR (.ram_code)
                0x00000000                __ram_code_size = (__ram_code_end - __ram_code_start)

.data           0x1ffe8800       0xcc load address 0x0c004b08
                0x1ffe8800                . = ALIGN (0x4)
                0x1ffe8800                __data_start = .
 *(.data)
 *(.data*)
 .data.TIMER_0_config
                0x1ffe8800        0x8 ./Dave/Generated/TIMER/timer_conf.o
                0x1ffe8800                TIMER_0_config
 .data.TIMER_0  0x1ffe8808       0x28 ./Dave/Generated/TIMER/timer_conf.o
                0x1ffe8808                TIMER_0
 .data.GLOBAL_CCU4_0
                0x1ffe8830       0x10 ./Dave/Generated/GLOBAL_CCU4/global_ccu4_conf.o
                0x1ffe8830                GLOBAL_CCU4_0
 .data.group_0_config
                0x1ffe8840        0xc ./Dave/Generated/GLOBAL_ADC/global_adc_conf.o
                0x1ffe8840                group_0_config
 .data.group_1_config
                0x1ffe884c        0xc ./Dave/Generated/GLOBAL_ADC/global_adc_conf.o
                0x1ffe884c                group_1_config
 .data.group_2_config
                0x1ffe8858        0xc ./Dave/Generated/GLOBAL_ADC/global_adc_conf.o
                0x1ffe8858                group_2_config
 .data.group_3_config
                0x1ffe8864        0xc ./Dave/Generated/GLOBAL_ADC/global_adc_conf.o
                0x1ffe8864                group_3_config
 .data.GLOBAL_ADC_0
                0x1ffe8870       0x1c ./Dave/Generated/GLOBAL_ADC/global_adc_conf.o
                0x1ffe8870                GLOBAL_ADC_0
 .data.DAC_0    0x1ffe888c       0x30 ./Dave/Generated/DAC/dac_conf.o
                0x1ffe888c                DAC_0
 .data.ADC_MEASUREMENT_ADV_0_channel_array
                0x1ffe88bc        0x8 ./Dave/Generated/ADC_MEASUREMENT_ADV/adc_measurement_adv_conf.o
 .data.ADC_MEASUREMENT_ADV_0_initialization_status
                0x1ffe88c4        0x1 ./Dave/Generated/ADC_MEASUREMENT_ADV/adc_measurement_adv_conf.o
 *fill*         0x1ffe88c5        0x1 
 .data.amplitude
                0x1ffe88c6        0x2 ./main.o
                0x1ffe88c6                amplitude
 .data.pi       0x1ffe88c8        0x4 ./main.o
                0x1ffe88c8                pi
 *(*.data)
 *(.gnu.linkonce.d*)
                0x1ffe88cc                . = ALIGN (0x4)
                0x1ffe88cc                PROVIDE (__preinit_array_start, .)
 *(.preinit_array)
                0x1ffe88cc                PROVIDE (__preinit_array_end, .)
                0x1ffe88cc                . = ALIGN (0x4)
                0x1ffe88cc                PROVIDE (__init_array_start, .)
 *(SORT(.init_array.*))
 *(.init_array)
                0x1ffe88cc                PROVIDE (__init_array_end, .)
                0x1ffe88cc                . = ALIGN (0x4)
                0x1ffe88cc                PROVIDE (__fini_array_start, .)
 *(SORT(.fini_array.*))
 *(.fini_array)
                0x1ffe88cc                PROVIDE (__fini_array_end, .)
                0x1ffe88cc                . = ALIGN (0x4)
                0x1ffe88cc                __data_end = .
                0x0c004b08                __data_load = LOADADDR (.data)
                0x000000cc                __data_size = (__data_end - __data_start)
                0x00004bd4                __text_size = (((__exidx_end - sText) + __data_size) + __ram_code_size)
                0x08004bd4                eText = (sText + __text_size)

.igot.plt       0x1ffe88cc        0x0 load address 0x0c004bd4
 .igot.plt      0x00000000        0x0 ./Startup/startup_XMC4800.o

.bss            0x1ffe88cc       0x18 load address 0x0c004bd4
                0x1ffe88cc                . = ALIGN (0x4)
                0x1ffe88cc                __bss_start = .
 *(.bss)
 *(.bss*)
 .bss.DAC_0_Channel_Config
                0x1ffe88cc        0x8 ./Dave/Generated/DAC/dac_conf.o
                0x1ffe88cc                DAC_0_Channel_Config
 .bss.CLOCK_XMC4_0
                0x1ffe88d4        0x4 ./Dave/Generated/CLOCK_XMC4/clock_xmc4_conf.o
                0x1ffe88d4                CLOCK_XMC4_0
 .bss.ANALOG_IO_0_state
                0x1ffe88d8        0x1 ./Dave/Generated/ANALOG_IO/analog_io_conf.o
 .bss.ANALOG_IO_1_state
                0x1ffe88d9        0x1 ./Dave/Generated/ANALOG_IO/analog_io_conf.o
 .bss.ANALOG_IO_2_state
                0x1ffe88da        0x1 ./Dave/Generated/ANALOG_IO/analog_io_conf.o
 .bss.counter   0x1ffe88db        0x1 ./main.o
                0x1ffe88db                counter
 .bss.single_data
                0x1ffe88dc        0x2 ./main.o
                0x1ffe88dc                single_data
 .bss.offset    0x1ffe88de        0x2 ./main.o
                0x1ffe88de                offset
 .bss.x         0x1ffe88e0        0x4 ./main.o
                0x1ffe88e0                x
 *(COMMON)
 *(.gnu.linkonce.b*)
                0x1ffe88e4                . = ALIGN (0x4)
                0x1ffe88e4                __bss_end = .
                0x00000018                __bss_size = (__bss_end - __bss_start)
                0x0001771c                __shift_loc = (__bss_end >= ORIGIN (DSRAM_1_system))?0x0:(ORIGIN (DSRAM_1_system) - __bss_end)

USB_RAM         0x20000000        0x0
                0x20000000                . = ALIGN (0x4)
                0x20000000                USB_RAM_start = .
 *(USB_RAM)
                0x20000000                . = ALIGN (0x4)
                0x20000000                USB_RAM_end = .
                0x00000000                USB_RAM_size = (USB_RAM_end - USB_RAM_start)

ETH_RAM         0x20000000        0x0
                0x20000000                . = ALIGN (0x4)
                0x20000000                ETH_RAM_start = .
 *(ETH_RAM)
                0x20000000                . = ALIGN (0x4)
                0x20000000                ETH_RAM_end = .
                0x20000000                . = ALIGN (0x8)
                0x20000000                Heap_Bank1_Start = .
                0x00000000                ETH_RAM_size = (ETH_RAM_end - ETH_RAM_start)

.no_init        0x2003ffc0       0x14
                0x2003ffc0                Heap_Bank1_End = .
 *(.no_init)
 .no_init       0x2003ffc0       0x14 ./Startup/system_XMC4800.o
                0x2003ffc0                SystemCoreClock
                0x2003ffc4                g_chipid
                0x0003ffc0                Heap_Bank1_Size = (Heap_Bank1_End - Heap_Bank1_Start)
                0x00000001                ASSERT ((Heap_Bank1_Start <= Heap_Bank1_End), region SRAM_combined overflowed no_init section)

/DISCARD/
 *(.comment)

.stab
 *(.stab)

.stabstr
 *(.stabstr)

.debug
 *(.debug)

.line
 *(.line)

.debug_srcinfo
 *(.debug_srcinfo)

.debug_sfnames
 *(.debug_sfnames)

.debug_aranges  0x00000000      0xe50
 *(.debug_aranges)
 .debug_aranges
                0x00000000       0x20 ./Startup/startup_XMC4800.o
 .debug_aranges
                0x00000020       0x48 ./Startup/system_XMC4800.o
 .debug_aranges
                0x00000068      0x3f8 ./Libraries/XMCLib/src/xmc4_scu.o
 .debug_aranges
                0x00000460      0x138 ./Libraries/XMCLib/src/xmc_ccu4.o
 .debug_aranges
                0x00000598       0xb0 ./Libraries/XMCLib/src/xmc_dac.o
 .debug_aranges
                0x00000648      0x280 ./Libraries/XMCLib/src/xmc_vadc.o
 .debug_aranges
                0x000008c8       0x28 ./Libraries/Newlib/syscalls.o
 .debug_aranges
                0x000008f0       0xd8 ./Dave/Generated/TIMER/timer.o
 .debug_aranges
                0x000009c8       0x18 ./Dave/Generated/TIMER/timer_conf.o
 .debug_aranges
                0x000009e0       0x50 ./Dave/Generated/INTERRUPT/interrupt.o
 .debug_aranges
                0x00000a30       0x18 ./Dave/Generated/INTERRUPT/interrupt_conf.o
 .debug_aranges
                0x00000a48       0x30 ./Dave/Generated/GLOBAL_CCU4/global_ccu4.o
 .debug_aranges
                0x00000a78       0x18 ./Dave/Generated/GLOBAL_CCU4/global_ccu4_conf.o
 .debug_aranges
                0x00000a90       0x30 ./Dave/Generated/GLOBAL_ADC/global_adc.o
 .debug_aranges
                0x00000ac0       0x18 ./Dave/Generated/GLOBAL_ADC/global_adc_conf.o
 .debug_aranges
                0x00000ad8       0xf8 ./Dave/Generated/DAC/dac.o
 .debug_aranges
                0x00000bd0       0x18 ./Dave/Generated/DAC/dac_conf.o
 .debug_aranges
                0x00000be8       0x28 ./Dave/Generated/CPU_CTRL_XMC4/cpu_ctrl_xmc4_conf.o
 .debug_aranges
                0x00000c10       0x38 ./Dave/Generated/CLOCK_XMC4/clock_xmc4.o
 .debug_aranges
                0x00000c48       0x28 ./Dave/Generated/CLOCK_XMC4/clock_xmc4_conf.o
 .debug_aranges
                0x00000c70       0x28 ./Dave/Generated/ANALOG_IO/analog_io.o
 .debug_aranges
                0x00000c98       0x18 ./Dave/Generated/ANALOG_IO/analog_io_conf.o
 .debug_aranges
                0x00000cb0      0x128 ./Dave/Generated/ADC_MEASUREMENT_ADV/adc_measurement_adv.o
 .debug_aranges
                0x00000dd8       0x20 ./Dave/Generated/ADC_MEASUREMENT_ADV/adc_measurement_adv_conf.o
 .debug_aranges
                0x00000df8       0x20 ./Dave/Generated/DAVE.o
 .debug_aranges
                0x00000e18       0x38 ./main.o

.debug_pubnames
 *(.debug_pubnames)

.debug_pubtypes
 *(.debug_pubtypes)

.debug_info     0x00000000    0x17510
 *(.debug_info .gnu.linkonce.wi.*)
 .debug_info    0x00000000       0x68 ./Startup/startup_XMC4800.o
 .debug_info    0x00000068      0xa42 ./Startup/system_XMC4800.o
 .debug_info    0x00000aaa     0x24b2 ./Libraries/XMCLib/src/xmc4_scu.o
 .debug_info    0x00002f5c     0x17ab ./Libraries/XMCLib/src/xmc_ccu4.o
 .debug_info    0x00004707      0xc80 ./Libraries/XMCLib/src/xmc_dac.o
 .debug_info    0x00005387     0x317a ./Libraries/XMCLib/src/xmc_vadc.o
 .debug_info    0x00008501      0x11f ./Libraries/Newlib/syscalls.o
 .debug_info    0x00008620      0xe3f ./Dave/Generated/TIMER/timer.o
 .debug_info    0x0000945f      0x8e8 ./Dave/Generated/TIMER/timer_conf.o
 .debug_info    0x00009d47      0x9d0 ./Dave/Generated/INTERRUPT/interrupt.o
 .debug_info    0x0000a717      0x4db ./Dave/Generated/INTERRUPT/interrupt_conf.o
 .debug_info    0x0000abf2      0x43a ./Dave/Generated/GLOBAL_CCU4/global_ccu4.o
 .debug_info    0x0000b02c      0x33a ./Dave/Generated/GLOBAL_CCU4/global_ccu4_conf.o
 .debug_info    0x0000b366     0x10a9 ./Dave/Generated/GLOBAL_ADC/global_adc.o
 .debug_info    0x0000c40f     0x10ac ./Dave/Generated/GLOBAL_ADC/global_adc_conf.o
 .debug_info    0x0000d4bb     0x12a6 ./Dave/Generated/DAC/dac.o
 .debug_info    0x0000e761      0x8b7 ./Dave/Generated/DAC/dac_conf.o
 .debug_info    0x0000f018      0x52e ./Dave/Generated/CPU_CTRL_XMC4/cpu_ctrl_xmc4_conf.o
 .debug_info    0x0000f546      0x2dd ./Dave/Generated/CLOCK_XMC4/clock_xmc4.o
 .debug_info    0x0000f823      0x659 ./Dave/Generated/CLOCK_XMC4/clock_xmc4_conf.o
 .debug_info    0x0000fe7c      0x447 ./Dave/Generated/ANALOG_IO/analog_io.o
 .debug_info    0x000102c3      0x3d9 ./Dave/Generated/ANALOG_IO/analog_io_conf.o
 .debug_info    0x0001069c     0x2a0a ./Dave/Generated/ADC_MEASUREMENT_ADV/adc_measurement_adv.o
 .debug_info    0x000130a6     0x1479 ./Dave/Generated/ADC_MEASUREMENT_ADV/adc_measurement_adv_conf.o
 .debug_info    0x0001451f     0x1e62 ./Dave/Generated/DAVE.o
 .debug_info    0x00016381     0x118f ./main.o

.debug_abbrev   0x00000000     0x2daf
 *(.debug_abbrev)
 .debug_abbrev  0x00000000       0x14 ./Startup/startup_XMC4800.o
 .debug_abbrev  0x00000014      0x1f1 ./Startup/system_XMC4800.o
 .debug_abbrev  0x00000205      0x2a3 ./Libraries/XMCLib/src/xmc4_scu.o
 .debug_abbrev  0x000004a8      0x232 ./Libraries/XMCLib/src/xmc_ccu4.o
 .debug_abbrev  0x000006da      0x245 ./Libraries/XMCLib/src/xmc_dac.o
 .debug_abbrev  0x0000091f      0x282 ./Libraries/XMCLib/src/xmc_vadc.o
 .debug_abbrev  0x00000ba1       0xbd ./Libraries/Newlib/syscalls.o
 .debug_abbrev  0x00000c5e      0x252 ./Dave/Generated/TIMER/timer.o
 .debug_abbrev  0x00000eb0      0x181 ./Dave/Generated/TIMER/timer_conf.o
 .debug_abbrev  0x00001031      0x212 ./Dave/Generated/INTERRUPT/interrupt.o
 .debug_abbrev  0x00001243       0xd8 ./Dave/Generated/INTERRUPT/interrupt_conf.o
 .debug_abbrev  0x0000131b      0x196 ./Dave/Generated/GLOBAL_CCU4/global_ccu4.o
 .debug_abbrev  0x000014b1      0x124 ./Dave/Generated/GLOBAL_CCU4/global_ccu4_conf.o
 .debug_abbrev  0x000015d5      0x20d ./Dave/Generated/GLOBAL_ADC/global_adc.o
 .debug_abbrev  0x000017e2      0x1ac ./Dave/Generated/GLOBAL_ADC/global_adc_conf.o
 .debug_abbrev  0x0000198e      0x282 ./Dave/Generated/DAC/dac.o
 .debug_abbrev  0x00001c10      0x188 ./Dave/Generated/DAC/dac_conf.o
 .debug_abbrev  0x00001d98      0x1b4 ./Dave/Generated/CPU_CTRL_XMC4/cpu_ctrl_xmc4_conf.o
 .debug_abbrev  0x00001f4c      0x13d ./Dave/Generated/CLOCK_XMC4/clock_xmc4.o
 .debug_abbrev  0x00002089      0x168 ./Dave/Generated/CLOCK_XMC4/clock_xmc4_conf.o
 .debug_abbrev  0x000021f1      0x178 ./Dave/Generated/ANALOG_IO/analog_io.o
 .debug_abbrev  0x00002369      0x13c ./Dave/Generated/ANALOG_IO/analog_io_conf.o
 .debug_abbrev  0x000024a5      0x322 ./Dave/Generated/ADC_MEASUREMENT_ADV/adc_measurement_adv.o
 .debug_abbrev  0x000027c7      0x1cd ./Dave/Generated/ADC_MEASUREMENT_ADV/adc_measurement_adv_conf.o
 .debug_abbrev  0x00002994      0x1cf ./Dave/Generated/DAVE.o
 .debug_abbrev  0x00002b63      0x24c ./main.o

.debug_line     0x00000000     0x6268
 *(.debug_line)
 .debug_line    0x00000000       0x87 ./Startup/startup_XMC4800.o
 .debug_line    0x00000087      0x31f ./Startup/system_XMC4800.o
 .debug_line    0x000003a6      0xe17 ./Libraries/XMCLib/src/xmc4_scu.o
 .debug_line    0x000011bd      0x5e4 ./Libraries/XMCLib/src/xmc_ccu4.o
 .debug_line    0x000017a1      0x3e5 ./Libraries/XMCLib/src/xmc_dac.o
 .debug_line    0x00001b86      0xaaf ./Libraries/XMCLib/src/xmc_vadc.o
 .debug_line    0x00002635       0xd0 ./Libraries/Newlib/syscalls.o
 .debug_line    0x00002705      0x4e4 ./Dave/Generated/TIMER/timer.o
 .debug_line    0x00002be9      0x295 ./Dave/Generated/TIMER/timer_conf.o
 .debug_line    0x00002e7e      0x2d2 ./Dave/Generated/INTERRUPT/interrupt.o
 .debug_line    0x00003150      0x1de ./Dave/Generated/INTERRUPT/interrupt_conf.o
 .debug_line    0x0000332e      0x2c0 ./Dave/Generated/GLOBAL_CCU4/global_ccu4.o
 .debug_line    0x000035ee      0x246 ./Dave/Generated/GLOBAL_CCU4/global_ccu4_conf.o
 .debug_line    0x00003834      0x2cc ./Dave/Generated/GLOBAL_ADC/global_adc.o
 .debug_line    0x00003b00      0x235 ./Dave/Generated/GLOBAL_ADC/global_adc_conf.o
 .debug_line    0x00003d35      0x618 ./Dave/Generated/DAC/dac.o
 .debug_line    0x0000434d      0x289 ./Dave/Generated/DAC/dac_conf.o
 .debug_line    0x000045d6      0x24f ./Dave/Generated/CPU_CTRL_XMC4/cpu_ctrl_xmc4_conf.o
 .debug_line    0x00004825      0x26e ./Dave/Generated/CLOCK_XMC4/clock_xmc4.o
 .debug_line    0x00004a93      0x268 ./Dave/Generated/CLOCK_XMC4/clock_xmc4_conf.o
 .debug_line    0x00004cfb      0x229 ./Dave/Generated/ANALOG_IO/analog_io.o
 .debug_line    0x00004f24      0x1c5 ./Dave/Generated/ANALOG_IO/analog_io_conf.o
 .debug_line    0x000050e9      0x6e0 ./Dave/Generated/ADC_MEASUREMENT_ADV/adc_measurement_adv.o
 .debug_line    0x000057c9      0x2cc ./Dave/Generated/ADC_MEASUREMENT_ADV/adc_measurement_adv_conf.o
 .debug_line    0x00005a95      0x40f ./Dave/Generated/DAVE.o
 .debug_line    0x00005ea4      0x3c4 ./main.o

.debug_frame    0x00000000     0x3db0
 *(.debug_frame)
 .debug_frame   0x00000000       0xec ./Startup/system_XMC4800.o
 .debug_frame   0x000000ec     0x12ac ./Libraries/XMCLib/src/xmc4_scu.o
 .debug_frame   0x00001398      0x5b0 ./Libraries/XMCLib/src/xmc_ccu4.o
 .debug_frame   0x00001948      0x308 ./Libraries/XMCLib/src/xmc_dac.o
 .debug_frame   0x00001c50      0xc00 ./Libraries/XMCLib/src/xmc_vadc.o
 .debug_frame   0x00002850       0x5c ./Libraries/Newlib/syscalls.o
 .debug_frame   0x000028ac      0x3e0 ./Dave/Generated/TIMER/timer.o
 .debug_frame   0x00002c8c      0x124 ./Dave/Generated/INTERRUPT/interrupt.o
 .debug_frame   0x00002db0       0x88 ./Dave/Generated/GLOBAL_CCU4/global_ccu4.o
 .debug_frame   0x00002e38       0x88 ./Dave/Generated/GLOBAL_ADC/global_adc.o
 .debug_frame   0x00002ec0      0x478 ./Dave/Generated/DAC/dac.o
 .debug_frame   0x00003338       0x60 ./Dave/Generated/CPU_CTRL_XMC4/cpu_ctrl_xmc4_conf.o
 .debug_frame   0x00003398       0xac ./Dave/Generated/CLOCK_XMC4/clock_xmc4.o
 .debug_frame   0x00003444       0x64 ./Dave/Generated/CLOCK_XMC4/clock_xmc4_conf.o
 .debug_frame   0x000034a8       0x60 ./Dave/Generated/ANALOG_IO/analog_io.o
 .debug_frame   0x00003508      0x560 ./Dave/Generated/ADC_MEASUREMENT_ADV/adc_measurement_adv.o
 .debug_frame   0x00003a68       0x2c ./Dave/Generated/ADC_MEASUREMENT_ADV/adc_measurement_adv_conf.o
 .debug_frame   0x00003a94       0x38 ./Dave/Generated/DAVE.o
 .debug_frame   0x00003acc       0xa4 ./main.o
 .debug_frame   0x00003b70       0x40 c:/infineon/tools/dave ide/4.5.0.202105191637/eclipse/arm-gcc-49/bin/../lib/gcc/arm-none-eabi/4.9.3/../../../../arm-none-eabi/lib/armv7e-m/softfp\libm.a(lib_a-s_sin.o)
 .debug_frame   0x00003bb0       0x48 c:/infineon/tools/dave ide/4.5.0.202105191637/eclipse/arm-gcc-49/bin/../lib/gcc/arm-none-eabi/4.9.3/../../../../arm-none-eabi/lib/armv7e-m/softfp\libm.a(lib_a-e_rem_pio2.o)
 .debug_frame   0x00003bf8       0x4c c:/infineon/tools/dave ide/4.5.0.202105191637/eclipse/arm-gcc-49/bin/../lib/gcc/arm-none-eabi/4.9.3/../../../../arm-none-eabi/lib/armv7e-m/softfp\libm.a(lib_a-k_cos.o)
 .debug_frame   0x00003c44       0x54 c:/infineon/tools/dave ide/4.5.0.202105191637/eclipse/arm-gcc-49/bin/../lib/gcc/arm-none-eabi/4.9.3/../../../../arm-none-eabi/lib/armv7e-m/softfp\libm.a(lib_a-k_rem_pio2.o)
 .debug_frame   0x00003c98       0x48 c:/infineon/tools/dave ide/4.5.0.202105191637/eclipse/arm-gcc-49/bin/../lib/gcc/arm-none-eabi/4.9.3/../../../../arm-none-eabi/lib/armv7e-m/softfp\libm.a(lib_a-k_sin.o)
 .debug_frame   0x00003ce0       0x20 c:/infineon/tools/dave ide/4.5.0.202105191637/eclipse/arm-gcc-49/bin/../lib/gcc/arm-none-eabi/4.9.3/../../../../arm-none-eabi/lib/armv7e-m/softfp\libm.a(lib_a-s_fabs.o)
 .debug_frame   0x00003d00       0x34 c:/infineon/tools/dave ide/4.5.0.202105191637/eclipse/arm-gcc-49/bin/../lib/gcc/arm-none-eabi/4.9.3/../../../../arm-none-eabi/lib/armv7e-m/softfp\libm.a(lib_a-s_floor.o)
 .debug_frame   0x00003d34       0x30 c:/infineon/tools/dave ide/4.5.0.202105191637/eclipse/arm-gcc-49/bin/../lib/gcc/arm-none-eabi/4.9.3/../../../../arm-none-eabi/lib/armv7e-m/softfp\libm.a(lib_a-s_scalbn.o)
 .debug_frame   0x00003d64       0x20 c:/infineon/tools/dave ide/4.5.0.202105191637/eclipse/arm-gcc-49/bin/../lib/gcc/arm-none-eabi/4.9.3/../../../../arm-none-eabi/lib/armv7e-m/softfp\libm.a(lib_a-s_copysign.o)
 .debug_frame   0x00003d84       0x2c c:/infineon/tools/dave ide/4.5.0.202105191637/eclipse/arm-gcc-49/bin/../lib/gcc/arm-none-eabi/4.9.3/../../../../arm-none-eabi/lib/armv7e-m/softfp\libg_nano.a(lib_a-init.o)

.debug_str      0x00000000     0x9aed
 *(.debug_str)
 .debug_str     0x00000000      0x5d7 ./Startup/system_XMC4800.o
                                0x657 (size before relaxing)
 .debug_str     0x000005d7     0x23ea ./Libraries/XMCLib/src/xmc4_scu.o
                               0x296f (size before relaxing)
 .debug_str     0x000029c1     0x14fd ./Libraries/XMCLib/src/xmc_ccu4.o
                               0x1ef2 (size before relaxing)
 .debug_str     0x00003ebe      0x5d9 ./Libraries/XMCLib/src/xmc_dac.o
                                0xf47 (size before relaxing)
 .debug_str     0x00004497     0x2357 ./Libraries/XMCLib/src/xmc_vadc.o
                               0x2d5e (size before relaxing)
 .debug_str     0x000067ee       0x6f ./Libraries/Newlib/syscalls.o
                                0x203 (size before relaxing)
 .debug_str     0x0000685d      0x56f ./Dave/Generated/TIMER/timer.o
                                0xc82 (size before relaxing)
 .debug_str     0x00006dcc      0x29a ./Dave/Generated/TIMER/timer_conf.o
                                0xbc7 (size before relaxing)
 .debug_str     0x00007066      0x7c6 ./Dave/Generated/INTERRUPT/interrupt.o
                                0xb00 (size before relaxing)
 .debug_str     0x0000782c       0x39 ./Dave/Generated/INTERRUPT/interrupt_conf.o
                                0x8ce (size before relaxing)
 .debug_str     0x00007865       0xb5 ./Dave/Generated/GLOBAL_CCU4/global_ccu4.o
                                0x5c5 (size before relaxing)
 .debug_str     0x0000791a       0x31 ./Dave/Generated/GLOBAL_CCU4/global_ccu4_conf.o
                                0x4d9 (size before relaxing)
 .debug_str     0x0000794b      0x1b2 ./Dave/Generated/GLOBAL_ADC/global_adc.o
                                0xaa0 (size before relaxing)
 .debug_str     0x00007afd      0x21d ./Dave/Generated/GLOBAL_ADC/global_adc_conf.o
                                0xb9f (size before relaxing)
 .debug_str     0x00007d1a      0x85f ./Dave/Generated/DAC/dac.o
                                0xff1 (size before relaxing)
 .debug_str     0x00008579      0x166 ./Dave/Generated/DAC/dac_conf.o
                                0xaed (size before relaxing)
 .debug_str     0x000086df       0x88 ./Dave/Generated/CPU_CTRL_XMC4/cpu_ctrl_xmc4_conf.o
                                0x407 (size before relaxing)
 .debug_str     0x00008767       0xf3 ./Dave/Generated/CLOCK_XMC4/clock_xmc4.o
                                0x3b8 (size before relaxing)
 .debug_str     0x0000885a       0xe5 ./Dave/Generated/CLOCK_XMC4/clock_xmc4_conf.o
                                0x940 (size before relaxing)
 .debug_str     0x0000893f       0xa0 ./Dave/Generated/ANALOG_IO/analog_io.o
                                0x432 (size before relaxing)
 .debug_str     0x000089df       0x7b ./Dave/Generated/ANALOG_IO/analog_io_conf.o
                                0x3d4 (size before relaxing)
 .debug_str     0x00008a5a      0xbcd ./Dave/Generated/ADC_MEASUREMENT_ADV/adc_measurement_adv.o
                               0x2985 (size before relaxing)
 .debug_str     0x00009627      0x3e0 ./Dave/Generated/ADC_MEASUREMENT_ADV/adc_measurement_adv_conf.o
                               0x1a1b (size before relaxing)
 .debug_str     0x00009a07       0x65 ./Dave/Generated/DAVE.o
                               0x1f52 (size before relaxing)
 .debug_str     0x00009a6c       0x81 ./main.o
                                0xe2b (size before relaxing)

.debug_loc      0x00000000     0x7cd0
 *(.debug_loc)
 .debug_loc     0x00000000      0x1a4 ./Startup/system_XMC4800.o
 .debug_loc     0x000001a4     0x2708 ./Libraries/XMCLib/src/xmc4_scu.o
 .debug_loc     0x000028ac      0xc90 ./Libraries/XMCLib/src/xmc_ccu4.o
 .debug_loc     0x0000353c      0x650 ./Libraries/XMCLib/src/xmc_dac.o
 .debug_loc     0x00003b8c     0x1ac8 ./Libraries/XMCLib/src/xmc_vadc.o
 .debug_loc     0x00005654       0x94 ./Libraries/Newlib/syscalls.o
 .debug_loc     0x000056e8      0x81c ./Dave/Generated/TIMER/timer.o
 .debug_loc     0x00005f04      0x254 ./Dave/Generated/INTERRUPT/interrupt.o
 .debug_loc     0x00006158      0x108 ./Dave/Generated/GLOBAL_CCU4/global_ccu4.o
 .debug_loc     0x00006260      0x108 ./Dave/Generated/GLOBAL_ADC/global_adc.o
 .debug_loc     0x00006368      0x95c ./Dave/Generated/DAC/dac.o
 .debug_loc     0x00006cc4       0xac ./Dave/Generated/CPU_CTRL_XMC4/cpu_ctrl_xmc4_conf.o
 .debug_loc     0x00006d70      0x14c ./Dave/Generated/CLOCK_XMC4/clock_xmc4.o
 .debug_loc     0x00006ebc       0xac ./Dave/Generated/CLOCK_XMC4/clock_xmc4_conf.o
 .debug_loc     0x00006f68       0xac ./Dave/Generated/ANALOG_IO/analog_io.o
 .debug_loc     0x00007014      0xb30 ./Dave/Generated/ADC_MEASUREMENT_ADV/adc_measurement_adv.o
 .debug_loc     0x00007b44       0x2c ./Dave/Generated/ADC_MEASUREMENT_ADV/adc_measurement_adv_conf.o
 .debug_loc     0x00007b70       0x50 ./Dave/Generated/DAVE.o
 .debug_loc     0x00007bc0      0x110 ./main.o

.debug_macinfo
 *(.debug_macinfo)

.debug_ranges   0x00000000      0xc70
 *(.debug_ranges)
 .debug_ranges  0x00000000       0x38 ./Startup/system_XMC4800.o
 .debug_ranges  0x00000038      0x3e8 ./Libraries/XMCLib/src/xmc4_scu.o
 .debug_ranges  0x00000420      0x128 ./Libraries/XMCLib/src/xmc_ccu4.o
 .debug_ranges  0x00000548       0xa0 ./Libraries/XMCLib/src/xmc_dac.o
 .debug_ranges  0x000005e8      0x270 ./Libraries/XMCLib/src/xmc_vadc.o
 .debug_ranges  0x00000858       0x18 ./Libraries/Newlib/syscalls.o
 .debug_ranges  0x00000870       0xc8 ./Dave/Generated/TIMER/timer.o
 .debug_ranges  0x00000938       0x40 ./Dave/Generated/INTERRUPT/interrupt.o
 .debug_ranges  0x00000978       0x20 ./Dave/Generated/GLOBAL_CCU4/global_ccu4.o
 .debug_ranges  0x00000998       0x20 ./Dave/Generated/GLOBAL_ADC/global_adc.o
 .debug_ranges  0x000009b8       0xe8 ./Dave/Generated/DAC/dac.o
 .debug_ranges  0x00000aa0       0x18 ./Dave/Generated/CPU_CTRL_XMC4/cpu_ctrl_xmc4_conf.o
 .debug_ranges  0x00000ab8       0x28 ./Dave/Generated/CLOCK_XMC4/clock_xmc4.o
 .debug_ranges  0x00000ae0       0x18 ./Dave/Generated/CLOCK_XMC4/clock_xmc4_conf.o
 .debug_ranges  0x00000af8       0x18 ./Dave/Generated/ANALOG_IO/analog_io.o
 .debug_ranges  0x00000b10      0x118 ./Dave/Generated/ADC_MEASUREMENT_ADV/adc_measurement_adv.o
 .debug_ranges  0x00000c28       0x10 ./Dave/Generated/ADC_MEASUREMENT_ADV/adc_measurement_adv_conf.o
 .debug_ranges  0x00000c38       0x10 ./Dave/Generated/DAVE.o
 .debug_ranges  0x00000c48       0x28 ./main.o

.debug_weaknames
 *(.debug_weaknames)

.debug_funcnames
 *(.debug_funcnames)

.debug_typenames
 *(.debug_typenames)

.debug_varnames
 *(.debug_varnames)

.build_attributes
                0x00000000      0x822
 *(.ARM.attributes)
 .ARM.attributes
                0x00000000       0x25 ./Startup/startup_XMC4800.o
 .ARM.attributes
                0x00000025       0x37 ./Startup/system_XMC4800.o
 .ARM.attributes
                0x0000005c       0x37 ./Libraries/XMCLib/src/xmc4_scu.o
 .ARM.attributes
                0x00000093       0x37 ./Libraries/XMCLib/src/xmc_ccu4.o
 .ARM.attributes
                0x000000ca       0x37 ./Libraries/XMCLib/src/xmc_dac.o
 .ARM.attributes
                0x00000101       0x37 ./Libraries/XMCLib/src/xmc_vadc.o
 .ARM.attributes
                0x00000138       0x37 ./Libraries/Newlib/syscalls.o
 .ARM.attributes
                0x0000016f       0x37 ./Dave/Generated/TIMER/timer.o
 .ARM.attributes
                0x000001a6       0x37 ./Dave/Generated/TIMER/timer_conf.o
 .ARM.attributes
                0x000001dd       0x37 ./Dave/Generated/INTERRUPT/interrupt.o
 .ARM.attributes
                0x00000214       0x37 ./Dave/Generated/INTERRUPT/interrupt_conf.o
 .ARM.attributes
                0x0000024b       0x37 ./Dave/Generated/GLOBAL_CCU4/global_ccu4.o
 .ARM.attributes
                0x00000282       0x37 ./Dave/Generated/GLOBAL_CCU4/global_ccu4_conf.o
 .ARM.attributes
                0x000002b9       0x37 ./Dave/Generated/GLOBAL_ADC/global_adc.o
 .ARM.attributes
                0x000002f0       0x37 ./Dave/Generated/GLOBAL_ADC/global_adc_conf.o
 .ARM.attributes
                0x00000327       0x37 ./Dave/Generated/DAC/dac.o
 .ARM.attributes
                0x0000035e       0x37 ./Dave/Generated/DAC/dac_conf.o
 .ARM.attributes
                0x00000395       0x37 ./Dave/Generated/CPU_CTRL_XMC4/cpu_ctrl_xmc4_conf.o
 .ARM.attributes
                0x000003cc       0x37 ./Dave/Generated/CLOCK_XMC4/clock_xmc4.o
 .ARM.attributes
                0x00000403       0x37 ./Dave/Generated/CLOCK_XMC4/clock_xmc4_conf.o
 .ARM.attributes
                0x0000043a       0x37 ./Dave/Generated/ANALOG_IO/analog_io.o
 .ARM.attributes
                0x00000471       0x37 ./Dave/Generated/ANALOG_IO/analog_io_conf.o
 .ARM.attributes
                0x000004a8       0x37 ./Dave/Generated/ADC_MEASUREMENT_ADV/adc_measurement_adv.o
 .ARM.attributes
                0x000004df       0x37 ./Dave/Generated/ADC_MEASUREMENT_ADV/adc_measurement_adv_conf.o
 .ARM.attributes
                0x00000516       0x37 ./Dave/Generated/DAVE.o
 .ARM.attributes
                0x0000054d       0x37 ./main.o
 .ARM.attributes
                0x00000584       0x32 c:/infineon/tools/dave ide/4.5.0.202105191637/eclipse/arm-gcc-49/bin/../lib/gcc/arm-none-eabi/4.9.3/../../../../arm-none-eabi/lib/armv7e-m/softfp\libm.a(lib_a-s_sin.o)
 .ARM.attributes
                0x000005b6       0x32 c:/infineon/tools/dave ide/4.5.0.202105191637/eclipse/arm-gcc-49/bin/../lib/gcc/arm-none-eabi/4.9.3/../../../../arm-none-eabi/lib/armv7e-m/softfp\libm.a(lib_a-e_rem_pio2.o)
 .ARM.attributes
                0x000005e8       0x32 c:/infineon/tools/dave ide/4.5.0.202105191637/eclipse/arm-gcc-49/bin/../lib/gcc/arm-none-eabi/4.9.3/../../../../arm-none-eabi/lib/armv7e-m/softfp\libm.a(lib_a-k_cos.o)
 .ARM.attributes
                0x0000061a       0x32 c:/infineon/tools/dave ide/4.5.0.202105191637/eclipse/arm-gcc-49/bin/../lib/gcc/arm-none-eabi/4.9.3/../../../../arm-none-eabi/lib/armv7e-m/softfp\libm.a(lib_a-k_rem_pio2.o)
 .ARM.attributes
                0x0000064c       0x32 c:/infineon/tools/dave ide/4.5.0.202105191637/eclipse/arm-gcc-49/bin/../lib/gcc/arm-none-eabi/4.9.3/../../../../arm-none-eabi/lib/armv7e-m/softfp\libm.a(lib_a-k_sin.o)
 .ARM.attributes
                0x0000067e       0x32 c:/infineon/tools/dave ide/4.5.0.202105191637/eclipse/arm-gcc-49/bin/../lib/gcc/arm-none-eabi/4.9.3/../../../../arm-none-eabi/lib/armv7e-m/softfp\libm.a(lib_a-s_fabs.o)
 .ARM.attributes
                0x000006b0       0x32 c:/infineon/tools/dave ide/4.5.0.202105191637/eclipse/arm-gcc-49/bin/../lib/gcc/arm-none-eabi/4.9.3/../../../../arm-none-eabi/lib/armv7e-m/softfp\libm.a(lib_a-s_floor.o)
 .ARM.attributes
                0x000006e2       0x32 c:/infineon/tools/dave ide/4.5.0.202105191637/eclipse/arm-gcc-49/bin/../lib/gcc/arm-none-eabi/4.9.3/../../../../arm-none-eabi/lib/armv7e-m/softfp\libm.a(lib_a-s_scalbn.o)
 .ARM.attributes
                0x00000714       0x32 c:/infineon/tools/dave ide/4.5.0.202105191637/eclipse/arm-gcc-49/bin/../lib/gcc/arm-none-eabi/4.9.3/../../../../arm-none-eabi/lib/armv7e-m/softfp\libm.a(lib_a-s_copysign.o)
 .ARM.attributes
                0x00000746       0x22 c:/infineon/tools/dave ide/4.5.0.202105191637/eclipse/arm-gcc-49/bin/../lib/gcc/arm-none-eabi/4.9.3/armv7e-m/softfp\libgcc.a(_arm_addsubdf3.o)
 .ARM.attributes
                0x00000768       0x22 c:/infineon/tools/dave ide/4.5.0.202105191637/eclipse/arm-gcc-49/bin/../lib/gcc/arm-none-eabi/4.9.3/armv7e-m/softfp\libgcc.a(_arm_muldivdf3.o)
 .ARM.attributes
                0x0000078a       0x22 c:/infineon/tools/dave ide/4.5.0.202105191637/eclipse/arm-gcc-49/bin/../lib/gcc/arm-none-eabi/4.9.3/armv7e-m/softfp\libgcc.a(_arm_cmpdf2.o)
 .ARM.attributes
                0x000007ac       0x22 c:/infineon/tools/dave ide/4.5.0.202105191637/eclipse/arm-gcc-49/bin/../lib/gcc/arm-none-eabi/4.9.3/armv7e-m/softfp\libgcc.a(_arm_fixdfsi.o)
 .ARM.attributes
                0x000007ce       0x22 c:/infineon/tools/dave ide/4.5.0.202105191637/eclipse/arm-gcc-49/bin/../lib/gcc/arm-none-eabi/4.9.3/armv7e-m/softfp\libgcc.a(_arm_fixunsdfsi.o)
 .ARM.attributes
                0x000007f0       0x32 c:/infineon/tools/dave ide/4.5.0.202105191637/eclipse/arm-gcc-49/bin/../lib/gcc/arm-none-eabi/4.9.3/../../../../arm-none-eabi/lib/armv7e-m/softfp\libg_nano.a(lib_a-init.o)
OUTPUT(DAC_ADC.elf elf32-littlearm)
