Archive member included because of file (symbol)

c:/infineon/tools/dave ide/4.5.0.202105191637/eclipse/arm-gcc-49/bin/../lib/gcc/arm-none-eabi/4.9.3/../../../../arm-none-eabi/lib/armv7e-m/softfp\libg_nano.a(lib_a-errno.o)
                              ./Libraries/Newlib/syscalls.o (__errno)
c:/infineon/tools/dave ide/4.5.0.202105191637/eclipse/arm-gcc-49/bin/../lib/gcc/arm-none-eabi/4.9.3/../../../../arm-none-eabi/lib/armv7e-m/softfp\libg_nano.a(lib_a-impure.o)
                              c:/infineon/tools/dave ide/4.5.0.202105191637/eclipse/arm-gcc-49/bin/../lib/gcc/arm-none-eabi/4.9.3/../../../../arm-none-eabi/lib/armv7e-m/softfp\libg_nano.a(lib_a-errno.o) (_impure_ptr)
c:/infineon/tools/dave ide/4.5.0.202105191637/eclipse/arm-gcc-49/bin/../lib/gcc/arm-none-eabi/4.9.3/../../../../arm-none-eabi/lib/armv7e-m/softfp\libg_nano.a(lib_a-init.o)
                              ./Startup/startup_XMC4800.o (__libc_init_array)
c:/infineon/tools/dave ide/4.5.0.202105191637/eclipse/arm-gcc-49/bin/../lib/gcc/arm-none-eabi/4.9.3/../../../../arm-none-eabi/lib/armv7e-m/softfp\libg_nano.a(lib_a-memcpy.o)
                              ./Libraries/XMCLib/src/xmc_eth_mac.o (memcpy)
c:/infineon/tools/dave ide/4.5.0.202105191637/eclipse/arm-gcc-49/bin/../lib/gcc/arm-none-eabi/4.9.3/../../../../arm-none-eabi/lib/armv7e-m/softfp\libg_nano.a(lib_a-memset.o)
                              ./Libraries/XMCLib/src/xmc_usbd.o (memset)
c:/infineon/tools/dave ide/4.5.0.202105191637/eclipse/arm-gcc-49/bin/../lib/gcc/arm-none-eabi/4.9.3/../../../../arm-none-eabi/lib/armv7e-m/softfp\libg_nano.a(lib_a-strcmp.o)
                              ./main.o (strcmp)
c:/infineon/tools/dave ide/4.5.0.202105191637/eclipse/arm-gcc-49/bin/../lib/gcc/arm-none-eabi/4.9.3/../../../../arm-none-eabi/lib/armv7e-m/softfp\libg_nano.a(lib_a-strlen.o)
                              ./Dave/Generated/USBD_VCOM/class_driver/device/cdc_class_device.o (strlen)
c:/infineon/tools/dave ide/4.5.0.202105191637/eclipse/arm-gcc-49/bin/../lib/gcc/arm-none-eabi/4.9.3/../../../../arm-none-eabi/lib/armv7e-m/softfp\libg_nano.a(lib_a-strsep.o)
                              ./main.o (strsep)
c:/infineon/tools/dave ide/4.5.0.202105191637/eclipse/arm-gcc-49/bin/../lib/gcc/arm-none-eabi/4.9.3/../../../../arm-none-eabi/lib/armv7e-m/softfp\libg_nano.a(lib_a-strtok_r.o)
                              c:/infineon/tools/dave ide/4.5.0.202105191637/eclipse/arm-gcc-49/bin/../lib/gcc/arm-none-eabi/4.9.3/../../../../arm-none-eabi/lib/armv7e-m/softfp\libg_nano.a(lib_a-strsep.o) (__strtok_r)
c:/infineon/tools/dave ide/4.5.0.202105191637/eclipse/arm-gcc-49/bin/../lib/gcc/arm-none-eabi/4.9.3/../../../../arm-none-eabi/lib/armv7e-m/softfp\libg_nano.a(lib_a-strtoul.o)
                              ./main.o (strtoul)
c:/infineon/tools/dave ide/4.5.0.202105191637/eclipse/arm-gcc-49/bin/../lib/gcc/arm-none-eabi/4.9.3/../../../../arm-none-eabi/lib/armv7e-m/softfp\libg_nano.a(lib_a-vsnprintf.o)
                              ./main.o (vsnprintf)
c:/infineon/tools/dave ide/4.5.0.202105191637/eclipse/arm-gcc-49/bin/../lib/gcc/arm-none-eabi/4.9.3/../../../../arm-none-eabi/lib/armv7e-m/softfp\libg_nano.a(lib_a-ctype_.o)
                              c:/infineon/tools/dave ide/4.5.0.202105191637/eclipse/arm-gcc-49/bin/../lib/gcc/arm-none-eabi/4.9.3/../../../../arm-none-eabi/lib/armv7e-m/softfp\libg_nano.a(lib_a-strtoul.o) (__ctype_ptr__)
c:/infineon/tools/dave ide/4.5.0.202105191637/eclipse/arm-gcc-49/bin/../lib/gcc/arm-none-eabi/4.9.3/../../../../arm-none-eabi/lib/armv7e-m/softfp\libg_nano.a(lib_a-nano-svfprintf.o)
                              c:/infineon/tools/dave ide/4.5.0.202105191637/eclipse/arm-gcc-49/bin/../lib/gcc/arm-none-eabi/4.9.3/../../../../arm-none-eabi/lib/armv7e-m/softfp\libg_nano.a(lib_a-vsnprintf.o) (_svfprintf_r)
c:/infineon/tools/dave ide/4.5.0.202105191637/eclipse/arm-gcc-49/bin/../lib/gcc/arm-none-eabi/4.9.3/../../../../arm-none-eabi/lib/armv7e-m/softfp\libg_nano.a(lib_a-nano-vfprintf_i.o)
                              c:/infineon/tools/dave ide/4.5.0.202105191637/eclipse/arm-gcc-49/bin/../lib/gcc/arm-none-eabi/4.9.3/../../../../arm-none-eabi/lib/armv7e-m/softfp\libg_nano.a(lib_a-nano-svfprintf.o) (_printf_i)
c:/infineon/tools/dave ide/4.5.0.202105191637/eclipse/arm-gcc-49/bin/../lib/gcc/arm-none-eabi/4.9.3/../../../../arm-none-eabi/lib/armv7e-m/softfp\libg_nano.a(lib_a-memchr.o)
                              c:/infineon/tools/dave ide/4.5.0.202105191637/eclipse/arm-gcc-49/bin/../lib/gcc/arm-none-eabi/4.9.3/../../../../arm-none-eabi/lib/armv7e-m/softfp\libg_nano.a(lib_a-nano-svfprintf.o) (memchr)
c:/infineon/tools/dave ide/4.5.0.202105191637/eclipse/arm-gcc-49/bin/../lib/gcc/arm-none-eabi/4.9.3/../../../../arm-none-eabi/lib/armv7e-m/softfp\libg_nano.a(lib_a-memmove.o)
                              c:/infineon/tools/dave ide/4.5.0.202105191637/eclipse/arm-gcc-49/bin/../lib/gcc/arm-none-eabi/4.9.3/../../../../arm-none-eabi/lib/armv7e-m/softfp\libg_nano.a(lib_a-nano-svfprintf.o) (memmove)
[...]
Memory Configuration

Name             Origin             Length             Attributes
FLASH_1_cached   0x08000000         0x00200000         xr
FLASH_1_uncached 0x0c000000         0x00200000         xr
PSRAM_1          0x1ffe8000         0x00018000         !xr
DSRAM_1_system   0x20000000         0x00020000         !xr
DSRAM_2_comm     0x20020000         0x00020000         !xr
SRAM_combined    0x1ffe8000         0x00058000         !xr
*default*        0x00000000         0xffffffff

Linker script and memory map

LOAD ./Startup/startup_XMC4800.o
LOAD ./Startup/system_XMC4800.o
LOAD ./Libraries/XMCLib/src/xmc4_eru.o
LOAD ./Libraries/XMCLib/src/xmc4_flash.o
LOAD ./Libraries/XMCLib/src/xmc4_gpio.o
LOAD ./Libraries/XMCLib/src/xmc4_rtc.o
LOAD ./Libraries/XMCLib/src/xmc4_scu.o
LOAD ./Libraries/XMCLib/src/xmc_can.o
LOAD ./Libraries/XMCLib/src/xmc_ccu4.o
LOAD ./Libraries/XMCLib/src/xmc_ccu8.o
LOAD ./Libraries/XMCLib/src/xmc_common.o
LOAD ./Libraries/XMCLib/src/xmc_dac.o
LOAD ./Libraries/XMCLib/src/xmc_dma.o
LOAD ./Libraries/XMCLib/src/xmc_dsd.o
LOAD ./Libraries/XMCLib/src/xmc_ebu.o
LOAD ./Libraries/XMCLib/src/xmc_ecat.o
LOAD ./Libraries/XMCLib/src/xmc_eru.o
LOAD ./Libraries/XMCLib/src/xmc_eth_mac.o
LOAD ./Libraries/XMCLib/src/xmc_eth_phy_dp83848.o
LOAD ./Libraries/XMCLib/src/xmc_eth_phy_ksz8031rnl.o
LOAD ./Libraries/XMCLib/src/xmc_eth_phy_ksz8081rnb.o
LOAD ./Libraries/XMCLib/src/xmc_fce.o
LOAD ./Libraries/XMCLib/src/xmc_gpio.o
LOAD ./Libraries/XMCLib/src/xmc_hrpwm.o
LOAD ./Libraries/XMCLib/src/xmc_i2c.o
LOAD ./Libraries/XMCLib/src/xmc_i2s.o
LOAD ./Libraries/XMCLib/src/xmc_ledts.o
LOAD ./Libraries/XMCLib/src/xmc_posif.o
LOAD ./Libraries/XMCLib/src/xmc_rtc.o
LOAD ./Libraries/XMCLib/src/xmc_sdmmc.o
LOAD ./Libraries/XMCLib/src/xmc_spi.o
LOAD ./Libraries/XMCLib/src/xmc_uart.o
LOAD ./Libraries/XMCLib/src/xmc_usbd.o
LOAD ./Libraries/XMCLib/src/xmc_usbh.o
LOAD ./Libraries/XMCLib/src/xmc_usic.o
LOAD ./Libraries/XMCLib/src/xmc_vadc.o
LOAD ./Libraries/XMCLib/src/xmc_wdt.o
LOAD ./Libraries/Newlib/syscalls.o
LOAD ./Dave/Generated/USBD_VCOM/virtual_com/descriptors.o
LOAD ./Dave/Generated/USBD_VCOM/class_driver/device/cdc_class_device.o
LOAD ./Dave/Generated/USBD_VCOM/usbd_vcom.o
LOAD ./Dave/Generated/USBD_VCOM/usbd_vcom_conf.o
LOAD ./Dave/Generated/USBD/usb/core/xmc4000/usbd_endpoint_stream_xmc4000.o
LOAD ./Dave/Generated/USBD/usb/core/xmc4000/usbd_endpoint_xmc4000.o
LOAD ./Dave/Generated/USBD/usb/core/usb_task.o
LOAD ./Dave/Generated/USBD/usbd.o
LOAD ./Dave/Generated/USBD/usbd_conf.o
LOAD ./Dave/Generated/CPU_CTRL_XMC4/cpu_ctrl_xmc4.o
LOAD ./Dave/Generated/CPU_CTRL_XMC4/cpu_ctrl_xmc4_conf.o
LOAD ./Dave/Generated/CLOCK_XMC4/clock_xmc4.o
LOAD ./Dave/Generated/CLOCK_XMC4/clock_xmc4_conf.o
LOAD ./Dave/Generated/DAVE.o
LOAD ./main.o
LOAD c:/infineon/tools/dave ide/4.5.0.202105191637/eclipse/arm-gcc-49/bin/../lib/gcc/arm-none-eabi/4.9.3/../../../../arm-none-eabi/lib/armv7e-m/softfp\libm.a
START GROUP
LOAD c:/infineon/tools/dave ide/4.5.0.202105191637/eclipse/arm-gcc-49/bin/../lib/gcc/arm-none-eabi/4.9.3/armv7e-m/softfp\libgcc.a
LOAD c:/infineon/tools/dave ide/4.5.0.202105191637/eclipse/arm-gcc-49/bin/../lib/gcc/arm-none-eabi/4.9.3/../../../../arm-none-eabi/lib/armv7e-m/softfp\libg_nano.a
LOAD c:/infineon/tools/dave ide/4.5.0.202105191637/eclipse/arm-gcc-49/bin/../lib/gcc/arm-none-eabi/4.9.3/../../../../arm-none-eabi/lib/armv7e-m/softfp\libc_nano.a
END GROUP
START GROUP
LOAD c:/infineon/tools/dave ide/4.5.0.202105191637/eclipse/arm-gcc-49/bin/../lib/gcc/arm-none-eabi/4.9.3/armv7e-m/softfp\libgcc.a
LOAD c:/infineon/tools/dave ide/4.5.0.202105191637/eclipse/arm-gcc-49/bin/../lib/gcc/arm-none-eabi/4.9.3/../../../../arm-none-eabi/lib/armv7e-m/softfp\libc_nano.a
LOAD c:/infineon/tools/dave ide/4.5.0.202105191637/eclipse/arm-gcc-49/bin/../lib/gcc/arm-none-eabi/4.9.3/../../../../arm-none-eabi/lib/armv7e-m/softfp\libnosys.a
END GROUP
START GROUP
LOAD c:/infineon/tools/dave ide/4.5.0.202105191637/eclipse/arm-gcc-49/bin/../lib/gcc/arm-none-eabi/4.9.3/armv7e-m/softfp\libgcc.a
LOAD c:/infineon/tools/dave ide/4.5.0.202105191637/eclipse/arm-gcc-49/bin/../lib/gcc/arm-none-eabi/4.9.3/../../../../arm-none-eabi/lib/armv7e-m/softfp\libc_nano.a
LOAD c:/infineon/tools/dave ide/4.5.0.202105191637/eclipse/arm-gcc-49/bin/../lib/gcc/arm-none-eabi/4.9.3/../../../../arm-none-eabi/lib/armv7e-m/softfp\libnosys.a
END GROUP
                0x00000800                stack_size = DEFINED (stack_size)?stack_size:0x800
                0x00000040                no_init_size = 0x40

.text           0x08000000     0x5bc0 load address 0x0c000000
                0x08000000                sText = .
 *(.reset)
 .reset         0x08000000      0x29c ./Startup/startup_XMC4800.o
                0x08000000                __Vectors
                0x08000200                Reset_Handler
                0x08000298                DSD0_7_IRQHandler
                0x08000298                DebugMon_Handler
                0x08000298                VADC0_C0_0_IRQHandler
                0x08000298                CAN0_4_IRQHandler
                0x08000298                VADC0_G2_0_IRQHandler
                0x08000298                USIC0_5_IRQHandler
                0x08000298                POSIF0_0_IRQHandler
                0x08000298                POSIF1_0_IRQHandler
                0x08000298                HardFault_Handler
                0x08000298                VADC0_G1_1_IRQHandler
                0x08000298                SysTick_Handler
                0x08000298                PendSV_Handler
                0x08000298                NMI_Handler
                0x08000298                USIC1_3_IRQHandler
                0x08000298                CCU40_2_IRQHandler
                0x08000298                SCU_0_IRQHandler
                0x08000298                ERU0_0_IRQHandler
                0x08000298                CCU41_0_IRQHandler
                0x08000298                USIC1_5_IRQHandler
                0x08000298                DSD0_4_IRQHandler
                0x08000298                CCU80_1_IRQHandler
                0x08000298                CCU81_0_IRQHandler
                0x08000298                UsageFault_Handler
                0x08000298                USIC0_0_IRQHandler
                0x08000298                POSIF1_1_IRQHandler
                0x08000298                ERU0_2_IRQHandler
                0x08000298                CCU81_1_IRQHandler
                0x08000298                ERU1_1_IRQHandler
                0x08000298                VADC0_G2_3_IRQHandler
                0x08000298                VADC0_G2_2_IRQHandler
                0x08000298                CCU42_3_IRQHandler
                0x08000298                ERU0_3_IRQHandler
                0x08000298                DSD0_5_IRQHandler
                0x08000298                VADC0_C0_3_IRQHandler
                0x08000298                CAN0_6_IRQHandler
                0x08000298                CCU43_0_IRQHandler
                0x08000298                VADC0_G0_1_IRQHandler
                0x08000298                CCU81_2_IRQHandler
                0x08000298                USIC2_4_IRQHandler
                0x08000298                CCU81_3_IRQHandler
                0x08000298                CCU42_1_IRQHandler
                0x08000298                USIC1_1_IRQHandler
                0x08000298                USIC2_5_IRQHandler
                0x08000298                CCU40_0_IRQHandler
                0x08000298                CAN0_0_IRQHandler
                0x08000298                ERU1_0_IRQHandler
                0x08000298                CCU42_2_IRQHandler
                0x08000298                Default_Handler
                0x08000298                USIC1_4_IRQHandler
                0x08000298                ERU1_3_IRQHandler
                0x08000298                USIC1_0_IRQHandler
                0x08000298                POSIF0_1_IRQHandler
                0x08000298                VADC0_G0_0_IRQHandler
                0x08000298                DSD0_2_IRQHandler
                0x08000298                CCU80_3_IRQHandler
                0x08000298                CCU41_3_IRQHandler
                0x08000298                CCU80_2_IRQHandler
                0x08000298                VADC0_G1_3_IRQHandler
                0x08000298                VADC0_G0_3_IRQHandler
                0x08000298                GPDMA0_0_IRQHandler
                0x08000298                PMU0_0_IRQHandler
                0x08000298                CAN0_7_IRQHandler
                0x08000298                DSD0_1_IRQHandler
                0x08000298                CCU41_2_IRQHandler
                0x08000298                VADC0_C0_1_IRQHandler
                0x08000298                CCU43_2_IRQHandler
                0x08000298                USIC2_2_IRQHandler
                0x08000298                MemManage_Handler
                0x08000298                VADC0_G3_1_IRQHandler
                0x08000298                DAC0_0_IRQHandler
                0x08000298                SVC_Handler
                0x08000298                VADC0_G3_3_IRQHandler
                0x08000298                ERU1_2_IRQHandler
                0x08000298                CCU41_1_IRQHandler
                0x08000298                DSD0_6_IRQHandler
                0x08000298                CCU43_1_IRQHandler
                0x08000298                VADC0_G1_2_IRQHandler
                0x08000298                USIC2_3_IRQHandler
                0x08000298                CAN0_2_IRQHandler
                0x08000298                USIC2_0_IRQHandler
                0x08000298                VADC0_G0_2_IRQHandler
                0x08000298                ECAT0_0_IRQHandler
                0x08000298                VADC0_G2_1_IRQHandler
                0x08000298                CAN0_3_IRQHandler
                0x08000298                ETH0_0_IRQHandler
                0x08000298                USIC0_3_IRQHandler
                0x08000298                DSD0_0_IRQHandler
                0x08000298                VADC0_C0_2_IRQHandler
                0x08000298                CCU42_0_IRQHandler
                0x08000298                FCE0_0_IRQHandler
                0x08000298                VADC0_G1_0_IRQHandler
                0x08000298                CAN0_5_IRQHandler
                0x08000298                CCU80_0_IRQHandler
                0x08000298                CCU40_1_IRQHandler
                0x08000298                USIC2_1_IRQHandler
                0x08000298                USIC0_1_IRQHandler
                0x08000298                VADC0_G3_2_IRQHandler
                0x08000298                CCU40_3_IRQHandler
                0x08000298                BusFault_Handler
                0x08000298                LEDTS0_0_IRQHandler
                0x08000298                USIC0_4_IRQHandler
                0x08000298                CCU43_3_IRQHandler
                0x08000298                ERU0_1_IRQHandler
                0x08000298                VADC0_G3_0_IRQHandler
                0x08000298                USIC1_2_IRQHandler
                0x08000298                DSD0_3_IRQHandler
                0x08000298                SDMMC0_0_IRQHandler
                0x08000298                CAN0_1_IRQHandler
                0x08000298                USIC0_2_IRQHandler
                0x08000298                DAC0_1_IRQHandler
                0x08000298                GPDMA1_0_IRQHandler
 *(.text .text.* .gnu.linkonce.t.*)
 .text.SystemInit
                0x0800029c       0x20 ./Startup/system_XMC4800.o
                0x0800029c                SystemInit
 .text.SystemCoreClockUpdate
                0x080002bc       0xd4 ./Startup/system_XMC4800.o
                0x080002bc                SystemCoreClockUpdate
 .text.XMC_SCU_GetMirrorStatus
                0x08000390       0x18 ./Libraries/XMCLib/src/xmc4_scu.o
 .text.XMC_SCU_lDelay
                0x080003a8       0x44 ./Libraries/XMCLib/src/xmc4_scu.o
 .text.XMC_SCU_INTERUPT_GetEventStatus
                0x080003ec       0x18 ./Libraries/XMCLib/src/xmc4_scu.o
                0x080003ec                XMC_SCU_INTERUPT_GetEventStatus
 .text.XMC_SCU_INTERRUPT_ClearEventStatus
                0x08000404       0x1c ./Libraries/XMCLib/src/xmc4_scu.o
                0x08000404                XMC_SCU_INTERRUPT_ClearEventStatus
 .text.XMC_SCU_CLOCK_Init
                0x08000420       0xf8 ./Libraries/XMCLib/src/xmc4_scu.o
                0x08000420                XMC_SCU_CLOCK_Init
 .text.XMC_SCU_RESET_AssertPeripheralReset
                0x08000518       0x38 ./Libraries/XMCLib/src/xmc4_scu.o
                0x08000518                XMC_SCU_RESET_AssertPeripheralReset
 .text.XMC_SCU_RESET_DeassertPeripheralReset
                0x08000550       0x38 ./Libraries/XMCLib/src/xmc4_scu.o
                0x08000550                XMC_SCU_RESET_DeassertPeripheralReset
 .text.XMC_SCU_CLOCK_SetSystemClockSource
                0x08000588       0x28 ./Libraries/XMCLib/src/xmc4_scu.o
                0x08000588                XMC_SCU_CLOCK_SetSystemClockSource
 .text.XMC_SCU_CLOCK_SetUsbClockSource
                0x080005b0       0x28 ./Libraries/XMCLib/src/xmc4_scu.o
                0x080005b0                XMC_SCU_CLOCK_SetUsbClockSource
 .text.XMC_SCU_CLOCK_SetWdtClockSource
                0x080005d8       0x28 ./Libraries/XMCLib/src/xmc4_scu.o
                0x080005d8                XMC_SCU_CLOCK_SetWdtClockSource
 .text.XMC_SCU_CLOCK_SetSystemPllClockSource
                0x08000600       0x40 ./Libraries/XMCLib/src/xmc4_scu.o
                0x08000600                XMC_SCU_CLOCK_SetSystemPllClockSource
 .text.XMC_SCU_HIB_SetRtcClockSource
                0x08000640       0x3c ./Libraries/XMCLib/src/xmc4_scu.o
                0x08000640                XMC_SCU_HIB_SetRtcClockSource
 .text.XMC_SCU_HIB_SetStandbyClockSource
                0x0800067c       0x3c ./Libraries/XMCLib/src/xmc4_scu.o
                0x0800067c                XMC_SCU_HIB_SetStandbyClockSource
 .text.XMC_SCU_CLOCK_SetSystemClockDivider
                0x080006b8       0x28 ./Libraries/XMCLib/src/xmc4_scu.o
                0x080006b8                XMC_SCU_CLOCK_SetSystemClockDivider
 .text.XMC_SCU_CLOCK_SetCcuClockDivider
                0x080006e0       0x28 ./Libraries/XMCLib/src/xmc4_scu.o
                0x080006e0                XMC_SCU_CLOCK_SetCcuClockDivider
 .text.XMC_SCU_CLOCK_SetCpuClockDivider
                0x08000708       0x28 ./Libraries/XMCLib/src/xmc4_scu.o
                0x08000708                XMC_SCU_CLOCK_SetCpuClockDivider
 .text.XMC_SCU_CLOCK_SetPeripheralClockDivider
                0x08000730       0x28 ./Libraries/XMCLib/src/xmc4_scu.o
                0x08000730                XMC_SCU_CLOCK_SetPeripheralClockDivider
 .text.XMC_SCU_CLOCK_SetUsbClockDivider
                0x08000758       0x28 ./Libraries/XMCLib/src/xmc4_scu.o
                0x08000758                XMC_SCU_CLOCK_SetUsbClockDivider
 .text.XMC_SCU_CLOCK_SetEbuClockDivider
                0x08000780       0x28 ./Libraries/XMCLib/src/xmc4_scu.o
                0x08000780                XMC_SCU_CLOCK_SetEbuClockDivider
 .text.XMC_SCU_CLOCK_SetWdtClockDivider
                0x080007a8       0x28 ./Libraries/XMCLib/src/xmc4_scu.o
                0x080007a8                XMC_SCU_CLOCK_SetWdtClockDivider
 .text.XMC_SCU_CLOCK_SetECATClockDivider
                0x080007d0       0x28 ./Libraries/XMCLib/src/xmc4_scu.o
                0x080007d0                XMC_SCU_CLOCK_SetECATClockDivider
 .text.XMC_SCU_CLOCK_EnableClock
                0x080007f8       0x20 ./Libraries/XMCLib/src/xmc4_scu.o
                0x080007f8                XMC_SCU_CLOCK_EnableClock
 .text.XMC_SCU_CLOCK_GatePeripheralClock
                0x08000818       0x38 ./Libraries/XMCLib/src/xmc4_scu.o
                0x08000818                XMC_SCU_CLOCK_GatePeripheralClock
 .text.XMC_SCU_CLOCK_UngatePeripheralClock
                0x08000850       0x38 ./Libraries/XMCLib/src/xmc4_scu.o
                0x08000850                XMC_SCU_CLOCK_UngatePeripheralClock
 .text.XMC_SCU_CLOCK_EnableUsbPll
                0x08000888       0x20 ./Libraries/XMCLib/src/xmc4_scu.o
                0x08000888                XMC_SCU_CLOCK_EnableUsbPll
 .text.XMC_SCU_CLOCK_StartUsbPll
                0x080008a8       0xb4 ./Libraries/XMCLib/src/xmc4_scu.o
                0x080008a8                XMC_SCU_CLOCK_StartUsbPll
 .text.XMC_SCU_CLOCK_SetBackupClockCalibrationMode
                0x0800095c       0x4c ./Libraries/XMCLib/src/xmc4_scu.o
                0x0800095c                XMC_SCU_CLOCK_SetBackupClockCalibrationMode
 .text.XMC_SCU_POWER_EnableUsb
                0x080009a8       0x18 ./Libraries/XMCLib/src/xmc4_scu.o
                0x080009a8                XMC_SCU_POWER_EnableUsb
 .text.XMC_SCU_POWER_DisableUsb
                0x080009c0       0x18 ./Libraries/XMCLib/src/xmc4_scu.o
                0x080009c0                XMC_SCU_POWER_DisableUsb
 .text.XMC_SCU_HIB_EnableHibernateDomain
                0x080009d8       0x58 ./Libraries/XMCLib/src/xmc4_scu.o
                0x080009d8                XMC_SCU_HIB_EnableHibernateDomain
 .text.XMC_SCU_CLOCK_IsLowPowerOscillatorStable
                0x08000a30       0x24 ./Libraries/XMCLib/src/xmc4_scu.o
                0x08000a30                XMC_SCU_CLOCK_IsLowPowerOscillatorStable
 .text.XMC_SCU_CLOCK_EnableLowPowerOscillator
                0x08000a54       0x70 ./Libraries/XMCLib/src/xmc4_scu.o
                0x08000a54                XMC_SCU_CLOCK_EnableLowPowerOscillator
 .text.XMC_SCU_CLOCK_EnableHighPerformanceOscillator
                0x08000ac4       0x50 ./Libraries/XMCLib/src/xmc4_scu.o
                0x08000ac4                XMC_SCU_CLOCK_EnableHighPerformanceOscillator
 .text.XMC_SCU_CLOCK_IsHighPerformanceOscillatorStable
                0x08000b14       0x28 ./Libraries/XMCLib/src/xmc4_scu.o
                0x08000b14                XMC_SCU_CLOCK_IsHighPerformanceOscillatorStable
 .text.XMC_SCU_CLOCK_EnableSystemPll
                0x08000b3c       0x20 ./Libraries/XMCLib/src/xmc4_scu.o
                0x08000b3c                XMC_SCU_CLOCK_EnableSystemPll
 .text.XMC_SCU_CLOCK_DisableSystemPll
                0x08000b5c       0x20 ./Libraries/XMCLib/src/xmc4_scu.o
                0x08000b5c                XMC_SCU_CLOCK_DisableSystemPll
 .text.XMC_SCU_CLOCK_StartSystemPll
                0x08000b7c      0x19c ./Libraries/XMCLib/src/xmc4_scu.o
                0x08000b7c                XMC_SCU_CLOCK_StartSystemPll
 .text.XMC_SCU_CLOCK_StepSystemPllFrequency
                0x08000d18       0x3c ./Libraries/XMCLib/src/xmc4_scu.o
                0x08000d18                XMC_SCU_CLOCK_StepSystemPllFrequency
 .text.XMC_USBD_lDeviceActive
                0x08000d54       0x6c ./Libraries/XMCLib/src/xmc_usbd.o
 .text.XMC_USBD_lReadFifo
                0x08000dc0       0xe8 ./Libraries/XMCLib/src/xmc_usbd.o
 .text.XMC_USBD_lWriteFifo
                0x08000ea8       0xa4 ./Libraries/XMCLib/src/xmc_usbd.o
 .text.XMC_USBD_lFlushTXFifo
                0x08000f4c       0x84 ./Libraries/XMCLib/src/xmc_usbd.o
 .text.XMC_USBD_lFlushRXFifo
                0x08000fd0       0x68 ./Libraries/XMCLib/src/xmc_usbd.o
 .text.XMC_USBD_lAssignTXFifo
                0x08001038       0x70 ./Libraries/XMCLib/src/xmc_usbd.o
 .text.XMC_USBD_lUnassignFifo
                0x080010a8       0x38 ./Libraries/XMCLib/src/xmc_usbd.o
 .text.XMC_USBD_lStartReadXfer
                0x080010e0      0x178 ./Libraries/XMCLib/src/xmc_usbd.o
 .text.XMC_USBD_lStartWriteXfer
                0x08001258      0x194 ./Libraries/XMCLib/src/xmc_usbd.o
 .text.XMC_USBD_lHandleUSBReset
                0x080013ec      0x14c ./Libraries/XMCLib/src/xmc_usbd.o
 .text.XMC_USBD_lHandleOTGInt
                0x08001538       0x48 ./Libraries/XMCLib/src/xmc_usbd.o
 .text.XMC_USBD_lHandleEnumDone
                0x08001580       0x78 ./Libraries/XMCLib/src/xmc_usbd.o
 .text.XMC_USBD_lHandleOEPInt
                0x080015f8      0x1b8 ./Libraries/XMCLib/src/xmc_usbd.o
 .text.XMC_USBD_lHandleIEPInt
                0x080017b0      0x1b8 ./Libraries/XMCLib/src/xmc_usbd.o
 .text.XMC_USBD_lHandleRxFLvl
                0x08001968       0x80 ./Libraries/XMCLib/src/xmc_usbd.o
 .text.XMC_USBD_IRQHandler
                0x080019e8      0x14c ./Libraries/XMCLib/src/xmc_usbd.o
                0x080019e8                XMC_USBD_IRQHandler
 .text.XMC_USBD_Enable
                0x08001b34       0x1c ./Libraries/XMCLib/src/xmc_usbd.o
                0x08001b34                XMC_USBD_Enable
 .text.XMC_USBD_Disable
                0x08001b50       0x1c ./Libraries/XMCLib/src/xmc_usbd.o
                0x08001b50                XMC_USBD_Disable
 .text.XMC_USBD_ClearEvent
                0x08001b6c       0xc8 ./Libraries/XMCLib/src/xmc_usbd.o
                0x08001b6c                XMC_USBD_ClearEvent
 .text.XMC_USBD_lClearEventOTG
                0x08001c34       0x28 ./Libraries/XMCLib/src/xmc_usbd.o
 .text.XMC_USBD_ClearEventINEP
                0x08001c5c       0x2c ./Libraries/XMCLib/src/xmc_usbd.o
                0x08001c5c                XMC_USBD_ClearEventINEP
 .text.XMC_USBD_ClearEventOUTEP
                0x08001c88       0x30 ./Libraries/XMCLib/src/xmc_usbd.o
                0x08001c88                XMC_USBD_ClearEventOUTEP
 .text.XMC_USBD_EnableEventOUTEP
                0x08001cb8       0x30 ./Libraries/XMCLib/src/xmc_usbd.o
                0x08001cb8                XMC_USBD_EnableEventOUTEP
 .text.XMC_USBD_EnableEventINEP
                0x08001ce8       0x30 ./Libraries/XMCLib/src/xmc_usbd.o
                0x08001ce8                XMC_USBD_EnableEventINEP
 .text.XMC_USBD_GetCapabilities
                0x08001d18       0x68 ./Libraries/XMCLib/src/xmc_usbd.o
                0x08001d18                XMC_USBD_GetCapabilities
 .text.XMC_USBD_Init
                0x08001d80      0x23c ./Libraries/XMCLib/src/xmc_usbd.o
                0x08001d80                XMC_USBD_Init
 .text.XMC_USBD_Uninitialize
                0x08001fbc       0x3c ./Libraries/XMCLib/src/xmc_usbd.o
                0x08001fbc                XMC_USBD_Uninitialize
 .text.XMC_USBD_DeviceConnect
                0x08001ff8       0x34 ./Libraries/XMCLib/src/xmc_usbd.o
                0x08001ff8                XMC_USBD_DeviceConnect
 .text.XMC_USBD_DeviceDisconnect
                0x0800202c       0x34 ./Libraries/XMCLib/src/xmc_usbd.o
                0x0800202c                XMC_USBD_DeviceDisconnect
 .text.XMC_USBD_DeviceGetState
                0x08002060       0x64 ./Libraries/XMCLib/src/xmc_usbd.o
                0x08002060                XMC_USBD_DeviceGetState
 .text.XMC_USBD_EndpointReadStart
                0x080020c4       0x8c ./Libraries/XMCLib/src/xmc_usbd.o
                0x080020c4                XMC_USBD_EndpointReadStart
 .text.XMC_USBD_EndpointRead
                0x08002150       0x78 ./Libraries/XMCLib/src/xmc_usbd.o
                0x08002150                XMC_USBD_EndpointRead
 .text.XMC_USBD_EndpointWrite
                0x080021c8       0xa8 ./Libraries/XMCLib/src/xmc_usbd.o
                0x080021c8                XMC_USBD_EndpointWrite
 .text.XMC_USBD_DeviceSetAddress
                0x08002270       0x4c ./Libraries/XMCLib/src/xmc_usbd.o
                0x08002270                XMC_USBD_DeviceSetAddress
 .text.XMC_USBD_EndpointStall
                0x080022bc      0x14c ./Libraries/XMCLib/src/xmc_usbd.o
                0x080022bc                XMC_USBD_EndpointStall
 .text.XMC_USBD_EndpointAbort
                0x08002408       0x88 ./Libraries/XMCLib/src/xmc_usbd.o
                0x08002408                XMC_USBD_EndpointAbort
 .text.XMC_USBD_EndpointConfigure
                0x08002490      0x2f4 ./Libraries/XMCLib/src/xmc_usbd.o
                0x08002490                XMC_USBD_EndpointConfigure
 .text.XMC_USBD_EndpointUnconfigure
                0x08002784      0x170 ./Libraries/XMCLib/src/xmc_usbd.o
                0x08002784                XMC_USBD_EndpointUnconfigure
 .text.XMC_USBD_GetFrameNumber
                0x080028f4       0x2c ./Libraries/XMCLib/src/xmc_usbd.o
                0x080028f4                XMC_USBD_GetFrameNumber
 .text.XMC_USBD_IsEnumDone
                0x08002920       0x38 ./Libraries/XMCLib/src/xmc_usbd.o
                0x08002920                XMC_USBD_IsEnumDone
 .text._sbrk    0x08002958       0x68 ./Libraries/Newlib/syscalls.o
                0x08002958                _sbrk
 .text._init    0x080029c0        0xc ./Libraries/Newlib/syscalls.o
                0x080029c0                _init
 .text.USBD_VCOM_Event_GetDescriptor
                0x080029cc       0xa0 ./Dave/Generated/USBD_VCOM/virtual_com/descriptors.o
                0x080029cc                USBD_VCOM_Event_GetDescriptor
 .text.Endpoint_SelectEndpoint
                0x08002a6c       0x34 ./Dave/Generated/USBD_VCOM/class_driver/device/cdc_class_device.o
 .text.Endpoint_IsSETUPReceived
                0x08002aa0       0x2c ./Dave/Generated/USBD_VCOM/class_driver/device/cdc_class_device.o
 .text.Endpoint_ClearSETUP
                0x08002acc       0x20 ./Dave/Generated/USBD_VCOM/class_driver/device/cdc_class_device.o
 .text.Endpoint_ClearStatusStage
                0x08002aec        0xc ./Dave/Generated/USBD_VCOM/class_driver/device/cdc_class_device.o
 .text.Endpoint_IsINReady
                0x08002af8       0x58 ./Dave/Generated/USBD_VCOM/class_driver/device/cdc_class_device.o
 .text.Endpoint_IsOUTReceived
                0x08002b50       0x44 ./Dave/Generated/USBD_VCOM/class_driver/device/cdc_class_device.o
 .text.Endpoint_BytesInEndpoint
                0x08002b94       0x48 ./Dave/Generated/USBD_VCOM/class_driver/device/cdc_class_device.o
 .text.CDC_Device_ProcessControlRequest
                0x08002bdc      0x184 ./Dave/Generated/USBD_VCOM/class_driver/device/cdc_class_device.o
                0x08002bdc                CDC_Device_ProcessControlRequest
 .text.CDC_Device_ConfigureEndpoints
                0x08002d60       0x88 ./Dave/Generated/USBD_VCOM/class_driver/device/cdc_class_device.o
                0x08002d60                CDC_Device_ConfigureEndpoints
 .text.CDC_Device_USBTask
                0x08002de8       0x40 ./Dave/Generated/USBD_VCOM/class_driver/device/cdc_class_device.o
                0x08002de8                CDC_Device_USBTask
 .text.CDC_Device_SendString
                0x08002e28       0x58 ./Dave/Generated/USBD_VCOM/class_driver/device/cdc_class_device.o
                0x08002e28                CDC_Device_SendString
 .text.CDC_Device_Flush
                0x08002e80       0x50 ./Dave/Generated/USBD_VCOM/class_driver/device/cdc_class_device.o
                0x08002e80                CDC_Device_Flush
 .text.CDC_Device_BytesReceived
                0x08002ed0       0x64 ./Dave/Generated/USBD_VCOM/class_driver/device/cdc_class_device.o
                0x08002ed0                CDC_Device_BytesReceived
 .text.CDC_Device_ReceiveByte
                0x08002f34       0x5c ./Dave/Generated/USBD_VCOM/class_driver/device/cdc_class_device.o
                0x08002f34                CDC_Device_ReceiveByte
 .text.__NVIC_EnableIRQ
                0x08002f90       0x38 ./Dave/Generated/USBD_VCOM/usbd_vcom.o
 .text.__NVIC_DisableIRQ
                0x08002fc8       0x44 ./Dave/Generated/USBD_VCOM/usbd_vcom.o
 .text.USBD_VCOM_Init
                0x0800300c       0x98 ./Dave/Generated/USBD_VCOM/usbd_vcom.o
                0x0800300c                USBD_VCOM_Init
 .text.USBD_VCOM_IsEnumDone
                0x080030a4       0x28 ./Dave/Generated/USBD_VCOM/usbd_vcom.o
                0x080030a4                USBD_VCOM_IsEnumDone
 .text.USBD_VCOM_SendString
                0x080030cc       0x48 ./Dave/Generated/USBD_VCOM/usbd_vcom.o
                0x080030cc                USBD_VCOM_SendString
 .text.USBD_VCOM_ReceiveByte
                0x08003114       0x48 ./Dave/Generated/USBD_VCOM/usbd_vcom.o
                0x08003114                USBD_VCOM_ReceiveByte
 .text.USBD_VCOM_GetLineEncoding
                0x0800315c       0x58 ./Dave/Generated/USBD_VCOM/usbd_vcom.o
                0x0800315c                USBD_VCOM_GetLineEncoding
 .text.USBD_VCOM_BytesReceived
                0x080031b4       0x30 ./Dave/Generated/USBD_VCOM/usbd_vcom.o
                0x080031b4                USBD_VCOM_BytesReceived
 .text.USBD_VCOM_Register_USBEvent_CB
                0x080031e4       0xa4 ./Dave/Generated/USBD_VCOM/usbd_vcom.o
                0x080031e4                USBD_VCOM_Register_USBEvent_CB
 .text.USBD_VCOM_Event_ConfigurationChanged
                0x08003288       0x5c ./Dave/Generated/USBD_VCOM/usbd_vcom.o
                0x08003288                USBD_VCOM_Event_ConfigurationChanged
 .text.USBD_VCOM_Event_ControlRequest
                0x080032e4       0x10 ./Dave/Generated/USBD_VCOM/usbd_vcom.o
                0x080032e4                USBD_VCOM_Event_ControlRequest
 .text.USBD_VCOM_Event_Reset
                0x080032f4       0x40 ./Dave/Generated/USBD_VCOM/usbd_vcom.o
                0x080032f4                USBD_VCOM_Event_Reset
 .text.USBD_VCOM_CDCClass_Event_LineEncodingChanged
                0x08003334       0x1c ./Dave/Generated/USBD_VCOM/usbd_vcom.o
                0x08003334                USBD_VCOM_CDCClass_Event_LineEncodingChanged
 .text.USBD_VCOM_CDCClass_Event_ControlLineStateChanged
                0x08003350       0x1c ./Dave/Generated/USBD_VCOM/usbd_vcom.o
                0x08003350                USBD_VCOM_CDCClass_Event_ControlLineStateChanged
 .text.USBD_VCOM_CDCClass_Event_BreakSent
                0x0800336c       0x20 ./Dave/Generated/USBD_VCOM/usbd_vcom.o
                0x0800336c                USBD_VCOM_CDCClass_Event_BreakSent
 .text.USBD_VCOM_Connect
                0x0800338c       0x10 ./Dave/Generated/USBD_VCOM/usbd_vcom.o
                0x0800338c                USBD_VCOM_Connect
 .text.Endpoint_Write_Stream_LE
                0x0800339c      0x10c ./Dave/Generated/USBD/usb/core/xmc4000/usbd_endpoint_stream_xmc4000.o
                0x0800339c                Endpoint_Write_Stream_LE
 .text.__NVIC_EnableIRQ
                0x080034a8       0x38 ./Dave/Generated/USBD/usb/core/xmc4000/usbd_endpoint_xmc4000.o
 .text.__NVIC_DisableIRQ
                0x080034e0       0x44 ./Dave/Generated/USBD/usb/core/xmc4000/usbd_endpoint_xmc4000.o
 .text.Endpoint_IsINReady
                0x08003524       0x58 ./Dave/Generated/USBD/usb/core/xmc4000/usbd_endpoint_xmc4000.o
 .text.Endpoint_IsOUTReceived
                0x0800357c       0x44 ./Dave/Generated/USBD/usb/core/xmc4000/usbd_endpoint_xmc4000.o
 .text.Endpoint_GetEndpointDirection
                0x080035c0       0x38 ./Dave/Generated/USBD/usb/core/xmc4000/usbd_endpoint_xmc4000.o
 .text.Endpoint_IsStalled
                0x080035f8       0x40 ./Dave/Generated/USBD/usb/core/xmc4000/usbd_endpoint_xmc4000.o
 .text.USB_Device_GetFrameNumber
                0x08003638       0x18 ./Dave/Generated/USBD/usb/core/xmc4000/usbd_endpoint_xmc4000.o
 .text.Endpoint_WaitUntilReady
                0x08003650       0x90 ./Dave/Generated/USBD/usb/core/xmc4000/usbd_endpoint_xmc4000.o
                0x08003650                Endpoint_WaitUntilReady
 .text.Endpoint_ClearOUT
                0x080036e0       0x9c ./Dave/Generated/USBD/usb/core/xmc4000/usbd_endpoint_xmc4000.o
                0x080036e0                Endpoint_ClearOUT
 .text.Endpoint_ClearIN
                0x0800377c       0xa4 ./Dave/Generated/USBD/usb/core/xmc4000/usbd_endpoint_xmc4000.o
                0x0800377c                Endpoint_ClearIN
 .text.Endpoint_IsReadWriteAllowed
                0x08003820       0x64 ./Dave/Generated/USBD/usb/core/xmc4000/usbd_endpoint_xmc4000.o
                0x08003820                Endpoint_IsReadWriteAllowed
 .text.Endpoint_Write_8
                0x08003884       0x68 ./Dave/Generated/USBD/usb/core/xmc4000/usbd_endpoint_xmc4000.o
                0x08003884                Endpoint_Write_8
 .text.Endpoint_Read_8
                0x080038ec       0x70 ./Dave/Generated/USBD/usb/core/xmc4000/usbd_endpoint_xmc4000.o
                0x080038ec                Endpoint_Read_8
 .text.Endpoint_Write_32_LE
                0x0800395c       0x68 ./Dave/Generated/USBD/usb/core/xmc4000/usbd_endpoint_xmc4000.o
                0x0800395c                Endpoint_Write_32_LE
 .text.Endpoint_Read_32_LE
                0x080039c4       0x70 ./Dave/Generated/USBD/usb/core/xmc4000/usbd_endpoint_xmc4000.o
                0x080039c4                Endpoint_Read_32_LE
 .text.Endpoint_ConfigureEndpointTable
                0x08003a34      0x150 ./Dave/Generated/USBD/usb/core/xmc4000/usbd_endpoint_xmc4000.o
                0x08003a34                Endpoint_ConfigureEndpointTable
 .text.__NVIC_GetPriorityGrouping
                0x08003b84       0x1c ./Dave/Generated/USBD/usbd.o
 .text.__NVIC_EnableIRQ
                0x08003ba0       0x38 ./Dave/Generated/USBD/usbd.o
 .text.__NVIC_DisableIRQ
                0x08003bd8       0x44 ./Dave/Generated/USBD/usbd.o
 .text.__NVIC_ClearPendingIRQ
                0x08003c1c       0x3c ./Dave/Generated/USBD/usbd.o
 .text.__NVIC_SetPriority
                0x08003c58       0x54 ./Dave/Generated/USBD/usbd.o
 .text.NVIC_EncodePriority
                0x08003cac       0x64 ./Dave/Generated/USBD/usbd.o
 .text.USBD_Init
                0x08003d10      0x124 ./Dave/Generated/USBD/usbd.o
                0x08003d10                USBD_Init
 .text.USBD_Connect
                0x08003e34       0x18 ./Dave/Generated/USBD/usbd.o
                0x08003e34                USBD_Connect
 .text.USBD_IsEnumDone
                0x08003e4c       0x18 ./Dave/Generated/USBD/usbd.o
                0x08003e4c                USBD_IsEnumDone
 .text.USBD_SetEndpointBuffer
                0x08003e64       0x78 ./Dave/Generated/USBD/usbd.o
                0x08003e64                USBD_SetEndpointBuffer
 .text.USB0_0_IRQHandler
                0x08003edc       0x14 ./Dave/Generated/USBD/usbd.o
                0x08003edc                USB0_0_IRQHandler
 .text.USB_EnableUSBInterrupt
                0x08003ef0       0x2c ./Dave/Generated/USBD/usbd.o
 .text.USB_DisableUSBInterrupt
                0x08003f1c       0x14 ./Dave/Generated/USBD/usbd.o
 .text.USBD_HandleEP0_Stall
                0x08003f30       0x30 ./Dave/Generated/USBD/usbd.o
 .text.USBD_Handle_DeviceRequest
                0x08003f60      0x4b8 ./Dave/Generated/USBD/usbd.o
 .text.USBD_HandleEP0_IN
                0x08004418       0x4c ./Dave/Generated/USBD/usbd.o
 .text.USBD_HandleEP0_OUT
                0x08004464       0x54 ./Dave/Generated/USBD/usbd.o
 .text.USBD_HandleEP0_SETUP
                0x080044b8       0x98 ./Dave/Generated/USBD/usbd.o
 .text.USBD_SignalDeviceEventHandler
                0x08004550      0x25c ./Dave/Generated/USBD/usbd.o
 .text.USBD_SignalEndpointEvent_Handler
                0x080047ac      0x1a0 ./Dave/Generated/USBD/usbd.o
 .text.__NVIC_SetPriorityGrouping
                0x0800494c       0x48 ./Dave/Generated/CPU_CTRL_XMC4/cpu_ctrl_xmc4_conf.o
 .text.SystemCoreSetup
                0x08004994       0xa0 ./Dave/Generated/CPU_CTRL_XMC4/cpu_ctrl_xmc4_conf.o
                0x08004994                SystemCoreSetup
 .text.CLOCK_XMC4_Init
                0x08004a34       0x20 ./Dave/Generated/CLOCK_XMC4/clock_xmc4.o
                0x08004a34                CLOCK_XMC4_Init
 .text.OSCHP_GetFrequency
                0x08004a54       0x14 ./Dave/Generated/CLOCK_XMC4/clock_xmc4.o
                0x08004a54                OSCHP_GetFrequency
 .text.XMC_SCU_CLOCK_SetECATClockSource
                0x08004a68       0x28 ./Dave/Generated/CLOCK_XMC4/clock_xmc4_conf.o
 .text.SystemCoreClockSetup
                0x08004a90       0x64 ./Dave/Generated/CLOCK_XMC4/clock_xmc4_conf.o
                0x08004a90                SystemCoreClockSetup
 .text.DAVE_Init
                0x08004af4       0x38 ./Dave/Generated/DAVE.o
                0x08004af4                DAVE_Init
 .text.delay    0x08004b2c       0x28 ./main.o
 .text.USB_printf
                0x08004b54       0x48 ./main.o
                0x08004b54                USB_printf
 .text.processRxCommand
                0x08004b9c       0x60 ./main.o
                0x08004b9c                processRxCommand
 .text.is_printable
                0x08004bfc       0x2c ./main.o
                0x08004bfc                is_printable
 .text.USBD_VCOM_SendPromt
                0x08004c28       0x20 ./main.o
                0x08004c28                USBD_VCOM_SendPromt
 .text.processCommand
                0x08004c48       0x8c ./main.o
                0x08004c48                processCommand
 .text.main     0x08004cd4      0x118 ./main.o
                0x08004cd4                main
 .text.__errno  0x08004dec        0xc c:/infineon/tools/dave ide/4.5.0.202105191637/eclipse/arm-gcc-49/bin/../lib/gcc/arm-none-eabi/4.9.3/../../../../arm-none-eabi/lib/armv7e-m/softfp\libg_nano.a(lib_a-errno.o)
                0x08004dec                __errno
 .text.__libc_init_array
                0x08004df8       0x4c c:/infineon/tools/dave ide/4.5.0.202105191637/eclipse/arm-gcc-49/bin/../lib/gcc/arm-none-eabi/4.9.3/../../../../arm-none-eabi/lib/armv7e-m/softfp\libg_nano.a(lib_a-init.o)
                0x08004df8                __libc_init_array
 .text.memcpy   0x08004e44       0x16 c:/infineon/tools/dave ide/4.5.0.202105191637/eclipse/arm-gcc-49/bin/../lib/gcc/arm-none-eabi/4.9.3/../../../../arm-none-eabi/lib/armv7e-m/softfp\libg_nano.a(lib_a-memcpy.o)
                0x08004e44                memcpy
 .text.memset   0x08004e5a       0x10 c:/infineon/tools/dave ide/4.5.0.202105191637/eclipse/arm-gcc-49/bin/../lib/gcc/arm-none-eabi/4.9.3/../../../../arm-none-eabi/lib/armv7e-m/softfp\libg_nano.a(lib_a-memset.o)
                0x08004e5a                memset
 .text          0x08004e6a       0x14 c:/infineon/tools/dave ide/4.5.0.202105191637/eclipse/arm-gcc-49/bin/../lib/gcc/arm-none-eabi/4.9.3/../../../../arm-none-eabi/lib/armv7e-m/softfp\libg_nano.a(lib_a-strcmp.o)
                0x08004e6a                strcmp
 .text.strlen   0x08004e7e       0x10 c:/infineon/tools/dave ide/4.5.0.202105191637/eclipse/arm-gcc-49/bin/../lib/gcc/arm-none-eabi/4.9.3/../../../../arm-none-eabi/lib/armv7e-m/softfp\libg_nano.a(lib_a-strlen.o)
                0x08004e7e                strlen
 .text.strsep   0x08004e8e        0xa c:/infineon/tools/dave ide/4.5.0.202105191637/eclipse/arm-gcc-49/bin/../lib/gcc/arm-none-eabi/4.9.3/../../../../arm-none-eabi/lib/armv7e-m/softfp\libg_nano.a(lib_a-strsep.o)
                0x08004e8e                strsep
 .text.__strtok_r
                0x08004e98       0x56 c:/infineon/tools/dave ide/4.5.0.202105191637/eclipse/arm-gcc-49/bin/../lib/gcc/arm-none-eabi/4.9.3/../../../../arm-none-eabi/lib/armv7e-m/softfp\libg_nano.a(lib_a-strtok_r.o)
                0x08004e98                __strtok_r
 *fill*         0x08004eee        0x2 
 .text._strtoul_r
                0x08004ef0       0xf8 c:/infineon/tools/dave ide/4.5.0.202105191637/eclipse/arm-gcc-49/bin/../lib/gcc/arm-none-eabi/4.9.3/../../../../arm-none-eabi/lib/armv7e-m/softfp\libg_nano.a(lib_a-strtoul.o)
                0x08004ef0                _strtoul_r
 .text.strtoul  0x08004fe8       0x1c c:/infineon/tools/dave ide/4.5.0.202105191637/eclipse/arm-gcc-49/bin/../lib/gcc/arm-none-eabi/4.9.3/../../../../arm-none-eabi/lib/armv7e-m/softfp\libg_nano.a(lib_a-strtoul.o)
                0x08004fe8                strtoul
 .text._vsnprintf_r
                0x08005004       0x52 c:/infineon/tools/dave ide/4.5.0.202105191637/eclipse/arm-gcc-49/bin/../lib/gcc/arm-none-eabi/4.9.3/../../../../arm-none-eabi/lib/armv7e-m/softfp\libg_nano.a(lib_a-vsnprintf.o)
                0x08005004                _vsniprintf_r
                0x08005004                _vsnprintf_r
 *fill*         0x08005056        0x2 
 .text.vsnprintf
                0x08005058       0x20 c:/infineon/tools/dave ide/4.5.0.202105191637/eclipse/arm-gcc-49/bin/../lib/gcc/arm-none-eabi/4.9.3/../../../../arm-none-eabi/lib/armv7e-m/softfp\libg_nano.a(lib_a-vsnprintf.o)
                0x08005058                vsniprintf
                0x08005058                vsnprintf
 .text.__ssputs_r
                0x08005078       0xb2 c:/infineon/tools/dave ide/4.5.0.202105191637/eclipse/arm-gcc-49/bin/../lib/gcc/arm-none-eabi/4.9.3/../../../../arm-none-eabi/lib/armv7e-m/softfp\libg_nano.a(lib_a-nano-svfprintf.o)
                0x08005078                __ssputs_r
 *fill*         0x0800512a        0x2 
 .text._svfprintf_r
                0x0800512c      0x1e4 c:/infineon/tools/dave ide/4.5.0.202105191637/eclipse/arm-gcc-49/bin/../lib/gcc/arm-none-eabi/4.9.3/../../../../arm-none-eabi/lib/armv7e-m/softfp\libg_nano.a(lib_a-nano-svfprintf.o)
                0x0800512c                _svfiprintf_r
                0x0800512c                _svfprintf_r
 .text._printf_common
                0x08005310       0xea c:/infineon/tools/dave ide/4.5.0.202105191637/eclipse/arm-gcc-49/bin/../lib/gcc/arm-none-eabi/4.9.3/../../../../arm-none-eabi/lib/armv7e-m/softfp\libg_nano.a(lib_a-nano-vfprintf_i.o)
                0x08005310                _printf_common
 *fill*         0x080053fa        0x2 
 .text._printf_i
                0x080053fc      0x234 c:/infineon/tools/dave ide/4.5.0.202105191637/eclipse/arm-gcc-49/bin/../lib/gcc/arm-none-eabi/4.9.3/../../../../arm-none-eabi/lib/armv7e-m/softfp\libg_nano.a(lib_a-nano-vfprintf_i.o)
                0x080053fc                _printf_i
 .text.memchr   0x08005630       0x1e c:/infineon/tools/dave ide/4.5.0.202105191637/eclipse/arm-gcc-49/bin/../lib/gcc/arm-none-eabi/4.9.3/../../../../arm-none-eabi/lib/armv7e-m/softfp\libg_nano.a(lib_a-memchr.o)
                0x08005630                memchr
 .text.memmove  0x0800564e       0x36 c:/infineon/tools/dave ide/4.5.0.202105191637/eclipse/arm-gcc-49/bin/../lib/gcc/arm-none-eabi/4.9.3/../../../../arm-none-eabi/lib/armv7e-m/softfp\libg_nano.a(lib_a-memmove.o)
                0x0800564e                memmove
 .text._free_r  0x08005684       0x88 c:/infineon/tools/dave ide/4.5.0.202105191637/eclipse/arm-gcc-49/bin/../lib/gcc/arm-none-eabi/4.9.3/../../../../arm-none-eabi/lib/armv7e-m/softfp\libg_nano.a(lib_a-nano-freer.o)
                0x08005684                _free_r
 .text._malloc_r
                0x0800570c       0xac c:/infineon/tools/dave ide/4.5.0.202105191637/eclipse/arm-gcc-49/bin/../lib/gcc/arm-none-eabi/4.9.3/../../../../arm-none-eabi/lib/armv7e-m/softfp\libg_nano.a(lib_a-nano-mallocr.o)
                0x0800570c                _malloc_r
 .text._realloc_r
                0x080057b8       0x4c c:/infineon/tools/dave ide/4.5.0.202105191637/eclipse/arm-gcc-49/bin/../lib/gcc/arm-none-eabi/4.9.3/../../../../arm-none-eabi/lib/armv7e-m/softfp\libg_nano.a(lib_a-nano-reallocr.o)
                0x080057b8                _realloc_r
 .text._sbrk_r  0x08005804       0x20 c:/infineon/tools/dave ide/4.5.0.202105191637/eclipse/arm-gcc-49/bin/../lib/gcc/arm-none-eabi/4.9.3/../../../../arm-none-eabi/lib/armv7e-m/softfp\libg_nano.a(lib_a-sbrkr.o)
                0x08005804                _sbrk_r
 .text._malloc_usable_size_r
                0x08005824       0x14 c:/infineon/tools/dave ide/4.5.0.202105191637/eclipse/arm-gcc-49/bin/../lib/gcc/arm-none-eabi/4.9.3/../../../../arm-none-eabi/lib/armv7e-m/softfp\libg_nano.a(lib_a-nano-msizer.o)
                0x08005824                _malloc_usable_size_r
 *(.init)
 *(.fini)
 *crtbegin.o(.ctors)
 *crtbegin?.o(.ctors)
 *(EXCLUDE_FILE(*crtend.o *crtend?.o) .ctors)
 *(SORT(.ctors.*))
 *(.ctors)
 *crtbegin.o(.dtors)
 *crtbegin?.o(.dtors)
 *(EXCLUDE_FILE(*crtend.o *crtend?.o) .dtors)
 *(SORT(.dtors.*))
 *(.dtors)
 *(.rodata .rodata.*)
 .rodata.Driver_USBD0
                0x08005838       0x40 ./Libraries/XMCLib/src/xmc_usbd.o
                0x08005838                Driver_USBD0
 .rodata.device_descriptor
                0x08005878       0x14 ./Dave/Generated/USBD_VCOM/virtual_com/descriptors.o
                0x08005878                device_descriptor
 .rodata.configuration_descriptor
                0x0800588c       0x40 ./Dave/Generated/USBD_VCOM/virtual_com/descriptors.o
                0x0800588c                configuration_descriptor
 .rodata.language_string
                0x080058cc       0x68 ./Dave/Generated/USBD_VCOM/virtual_com/descriptors.o
                0x080058cc                language_string
 .rodata.manufacturer_string
                0x08005934       0x68 ./Dave/Generated/USBD_VCOM/virtual_com/descriptors.o
                0x08005934                manufacturer_string
 .rodata.product_string
                0x0800599c       0x68 ./Dave/Generated/USBD_VCOM/virtual_com/descriptors.o
                0x0800599c                product_string
 .rodata        0x08005a04       0x14 ./Dave/Generated/CLOCK_XMC4/clock_xmc4_conf.o
 .rodata.CommandSeperator
                0x08005a18        0x4 ./main.o
                0x08005a18                CommandSeperator
 .rodata        0x08005a1c       0x6c ./main.o
 .rodata.str1.1
                0x08005a88        0x2 c:/infineon/tools/dave ide/4.5.0.202105191637/eclipse/arm-gcc-49/bin/../lib/gcc/arm-none-eabi/4.9.3/../../../../arm-none-eabi/lib/armv7e-m/softfp\libg_nano.a(lib_a-impure.o)
 .rodata._ctype_
                0x08005a8a      0x101 c:/infineon/tools/dave ide/4.5.0.202105191637/eclipse/arm-gcc-49/bin/../lib/gcc/arm-none-eabi/4.9.3/../../../../arm-none-eabi/lib/armv7e-m/softfp\libg_nano.a(lib_a-ctype_.o)
                0x08005a8a                _ctype_
 .rodata.str1.1
                0x08005b8b       0x11 c:/infineon/tools/dave ide/4.5.0.202105191637/eclipse/arm-gcc-49/bin/../lib/gcc/arm-none-eabi/4.9.3/../../../../arm-none-eabi/lib/armv7e-m/softfp\libg_nano.a(lib_a-nano-svfprintf.o)
 .rodata.str1.1
                0x08005b9c       0x22 c:/infineon/tools/dave ide/4.5.0.202105191637/eclipse/arm-gcc-49/bin/../lib/gcc/arm-none-eabi/4.9.3/../../../../arm-none-eabi/lib/armv7e-m/softfp\libg_nano.a(lib_a-nano-vfprintf_i.o)
 *(.gnu.linkonce.r*)
 *(vtable)
                0x08005bc0                . = ALIGN (0x4)
 *fill*         0x08005bbe        0x2 

.glue_7         0x08005bc0        0x0 load address 0x0c005bc0
 .glue_7        0x00000000        0x0 linker stubs

.glue_7t        0x08005bc0        0x0 load address 0x0c005bc0
 .glue_7t       0x00000000        0x0 linker stubs

.vfp11_veneer   0x08005bc0        0x0 load address 0x0c005bc0
 .vfp11_veneer  0x00000000        0x0 linker stubs

.v4_bx          0x08005bc0        0x0 load address 0x0c005bc0
 .v4_bx         0x00000000        0x0 linker stubs

.iplt           0x08005bc0        0x0 load address 0x0c005bc0
 .iplt          0x00000000        0x0 ./Startup/startup_XMC4800.o

.eh_frame_hdr
 *(.eh_frame_hdr)

.eh_frame       0x08005bc0       0x28 load address 0x0c005bc0
 *(.eh_frame)
 .eh_frame      0x08005bc0       0x28 c:/infineon/tools/dave ide/4.5.0.202105191637/eclipse/arm-gcc-49/bin/../lib/gcc/arm-none-eabi/4.9.3/../../../../arm-none-eabi/lib/armv7e-m/softfp\libg_nano.a(lib_a-strcmp.o)

.rel.dyn        0x08005be8        0x0 load address 0x0c005be8
 .rel.iplt      0x00000000        0x0 ./Startup/startup_XMC4800.o

.ARM.extab
 *(.ARM.extab* .gnu.linkonce.armextab.*)
                0x08005be8                . = ALIGN (0x4)
                0x08005be8                __exidx_start = .

.ARM.exidx
 *(.ARM.exidx* .gnu.linkonce.armexidx.*)
                0x08005be8                __exidx_end = .
                0x08005be8                . = ALIGN (0x4)

Stack           0x1ffe8000      0x800
                0x1ffe8000                __stack_start = .
                0x1ffe8800                . = (. + stack_size)
 *fill*         0x1ffe8000      0x800 
                0x1ffe8800                __stack_end = .
                0x1ffe8800                __initial_sp = .

.ram_code       0x1ffe8800        0x0 load address 0x0c005be8
                0x1ffe8800                . = ALIGN (0x4)
                0x1ffe8800                __ram_code_start = .
 *(.ram_code)
                0x1ffe8800                . = ALIGN (0x4)
                0x1ffe8800                __ram_code_end = .
                0x0c005be8                __ram_code_load = LOADADDR (.ram_code)
                0x00000000                __ram_code_size = (__ram_code_end - __ram_code_start)

.data           0x1ffe8800       0xb8 load address 0x0c005be8
                0x1ffe8800                . = ALIGN (0x4)
                0x1ffe8800                __data_start = .
 *(.data)
 *(.data*)
 .data.usbd_vcom_events
                0x1ffe8800       0x28 ./Dave/Generated/USBD_VCOM/usbd_vcom.o
                0x1ffe8800                usbd_vcom_events
 .data.cdc_class_events
                0x1ffe8828        0xc ./Dave/Generated/USBD_VCOM/usbd_vcom.o
                0x1ffe8828                cdc_class_events
 .data.USBD_VCOM_handle
                0x1ffe8834        0x4 ./Dave/Generated/USBD_VCOM/usbd_vcom_conf.o
                0x1ffe8834                USBD_VCOM_handle
 .data.USBD_0   0x1ffe8838       0x14 ./Dave/Generated/USBD/usbd_conf.o
                0x1ffe8838                USBD_0
 .data.USBD_handle
                0x1ffe884c        0x4 ./Dave/Generated/USBD/usbd_conf.o
                0x1ffe884c                USBD_handle
 .data.impure_data
                0x1ffe8850       0x60 c:/infineon/tools/dave ide/4.5.0.202105191637/eclipse/arm-gcc-49/bin/../lib/gcc/arm-none-eabi/4.9.3/../../../../arm-none-eabi/lib/armv7e-m/softfp\libg_nano.a(lib_a-impure.o)
 .data._impure_ptr
                0x1ffe88b0        0x4 c:/infineon/tools/dave ide/4.5.0.202105191637/eclipse/arm-gcc-49/bin/../lib/gcc/arm-none-eabi/4.9.3/../../../../arm-none-eabi/lib/armv7e-m/softfp\libg_nano.a(lib_a-impure.o)
                0x1ffe88b0                _impure_ptr
 .data.__ctype_ptr__
                0x1ffe88b4        0x4 c:/infineon/tools/dave ide/4.5.0.202105191637/eclipse/arm-gcc-49/bin/../lib/gcc/arm-none-eabi/4.9.3/../../../../arm-none-eabi/lib/armv7e-m/softfp\libg_nano.a(lib_a-ctype_.o)
                0x1ffe88b4                __ctype_ptr__
 *(*.data)
 *(.gnu.linkonce.d*)
                0x1ffe88b8                . = ALIGN (0x4)
                0x1ffe88b8                PROVIDE (__preinit_array_start, .)
 *(.preinit_array)
                0x1ffe88b8                PROVIDE (__preinit_array_end, .)
                0x1ffe88b8                . = ALIGN (0x4)
                0x1ffe88b8                PROVIDE (__init_array_start, .)
 *(SORT(.init_array.*))
 *(.init_array)
                0x1ffe88b8                PROVIDE (__init_array_end, .)
                0x1ffe88b8                . = ALIGN (0x4)
                0x1ffe88b8                PROVIDE (__fini_array_start, .)
 *(SORT(.fini_array.*))
 *(.fini_array)
                0x1ffe88b8                PROVIDE (__fini_array_end, .)
                0x1ffe88b8                . = ALIGN (0x4)
                0x1ffe88b8                __data_end = .
                0x0c005be8                __data_load = LOADADDR (.data)
                0x000000b8                __data_size = (__data_end - __data_start)
                0x00005ca0                __text_size = (((__exidx_end - sText) + __data_size) + __ram_code_size)
                0x08005ca0                eText = (sText + __text_size)

.igot.plt       0x1ffe88b8        0x0 load address 0x0c005ca0
 .igot.plt      0x00000000        0x0 ./Startup/startup_XMC4800.o

.bss            0x1ffe88b8      0x7c4 load address 0x0c005ca0
                0x1ffe88b8                . = ALIGN (0x4)
                0x1ffe88b8                __bss_start = .
 *(.bss)
 *(.bss*)
 .bss.XMC_USBD_EP_OUT_BUFFERSIZE
                0x1ffe88b8       0x1c ./Libraries/XMCLib/src/xmc_usbd.o
 .bss.XMC_USBD_EP_IN_BUFFERSIZE
                0x1ffe88d4       0x1c ./Libraries/XMCLib/src/xmc_usbd.o
 .bss.usbd_init
                0x1ffe88f0        0x4 ./Libraries/XMCLib/src/xmc_usbd.o
 .bss.heap_ptr.4331
                0x1ffe88f4        0x4 ./Libraries/Newlib/syscalls.o
 .bss.USBD_VCOM_0
                0x1ffe88f8        0x4 ./Dave/Generated/USBD_VCOM/usbd_vcom_conf.o
                0x1ffe88f8                USBD_VCOM_0
 .bss.usb_event_cb
                0x1ffe88fc       0x28 ./Dave/Generated/USBD/usbd_conf.o
                0x1ffe88fc                usb_event_cb
 .bss.CLOCK_XMC4_0
                0x1ffe8924        0x4 ./Dave/Generated/CLOCK_XMC4/clock_xmc4_conf.o
                0x1ffe8924                CLOCK_XMC4_0
 .bss.usb_rx_buffer
                0x1ffe8928      0x100 ./main.o
                0x1ffe8928                usb_rx_buffer
 .bss.__malloc_sbrk_start
                0x1ffe8a28        0x4 c:/infineon/tools/dave ide/4.5.0.202105191637/eclipse/arm-gcc-49/bin/../lib/gcc/arm-none-eabi/4.9.3/../../../../arm-none-eabi/lib/armv7e-m/softfp\libg_nano.a(lib_a-nano-mallocr.o)
                0x1ffe8a28                __malloc_sbrk_start
 .bss.__malloc_free_list
                0x1ffe8a2c        0x4 c:/infineon/tools/dave ide/4.5.0.202105191637/eclipse/arm-gcc-49/bin/../lib/gcc/arm-none-eabi/4.9.3/../../../../arm-none-eabi/lib/armv7e-m/softfp\libg_nano.a(lib_a-nano-mallocr.o)
                0x1ffe8a2c                __malloc_free_list
 *(COMMON)
 COMMON         0x1ffe8a30      0x208 ./Libraries/XMCLib/src/xmc_usbd.o
                0x1ffe8a30                xmc_device
 COMMON         0x1ffe8c38       0xe4 ./Dave/Generated/USBD_VCOM/usbd_vcom.o
                0x1ffe8c38                tx_ep_buf
                0x1ffe8c78                cdc_event_flags
                0x1ffe8c7c                notification_ep_buf
                0x1ffe8cbc                rx_ep_buf
                0x1ffe8cfc                USBD_VCOM_cdc_interface
 COMMON         0x1ffe8d1c        0xc ./Dave/Generated/USBD/usb/core/usb_task.o
                0x1ffe8d1c                USB_IsInitialized
                0x1ffe8d1d                USB_DeviceState
                0x1ffe8d20                USB_ControlRequest
 COMMON         0x1ffe8d28      0x344 ./Dave/Generated/USBD/usbd.o
                0x1ffe8d28                endpoint0_in_buffer
                0x1ffe8e28                endpoint0_out_buffer
                0x1ffe8f28                device
 COMMON         0x1ffe906c        0xa ./main.o
                0x1ffe906c                line_encoding_ptr
                0x1ffe9074                send_data
 *fill*         0x1ffe9076        0x2 
 COMMON         0x1ffe9078        0x4 c:/infineon/tools/dave ide/4.5.0.202105191637/eclipse/arm-gcc-49/bin/../lib/gcc/arm-none-eabi/4.9.3/../../../../arm-none-eabi/lib/armv7e-m/softfp\libg_nano.a(lib_a-reent.o)
                0x1ffe9078                errno
 *(.gnu.linkonce.b*)
                0x1ffe907c                . = ALIGN (0x4)
                0x1ffe907c                __bss_end = .
                0x000007c4                __bss_size = (__bss_end - __bss_start)
                0x00016f84                __shift_loc = (__bss_end >= ORIGIN (DSRAM_1_system))?0x0:(ORIGIN (DSRAM_1_system) - __bss_end)

USB_RAM         0x20000000      0xe00
                0x20000000                . = ALIGN (0x4)
                0x20000000                USB_RAM_start = .
 *(USB_RAM)
 USB_RAM        0x20000000      0xe00 ./Libraries/XMCLib/src/xmc_usbd.o
                0x20000e00                . = ALIGN (0x4)
                0x20000e00                USB_RAM_end = .
                0x00000e00                USB_RAM_size = (USB_RAM_end - USB_RAM_start)

ETH_RAM         0x20000e00        0x0
                0x20000e00                . = ALIGN (0x4)
                0x20000e00                ETH_RAM_start = .
 *(ETH_RAM)
                0x20000e00                . = ALIGN (0x4)
                0x20000e00                ETH_RAM_end = .
                0x20000e00                . = ALIGN (0x8)
                0x20000e00                Heap_Bank1_Start = .
                0x00000000                ETH_RAM_size = (ETH_RAM_end - ETH_RAM_start)

.no_init        0x2003ffc0       0x14
                0x2003ffc0                Heap_Bank1_End = .
 *(.no_init)
 .no_init       0x2003ffc0       0x14 ./Startup/system_XMC4800.o
                0x2003ffc0                SystemCoreClock
                0x2003ffc4                g_chipid
                0x0003f1c0                Heap_Bank1_Size = (Heap_Bank1_End - Heap_Bank1_Start)
                0x00000001                ASSERT ((Heap_Bank1_Start <= Heap_Bank1_End), region SRAM_combined overflowed no_init section)

/DISCARD/
 *(.comment)

.stab
 *(.stab)

.stabstr
 *(.stabstr)

.debug
 *(.debug)

.line
 *(.line)

.debug_srcinfo
 *(.debug_srcinfo)

.debug_sfnames
 *(.debug_sfnames)

.debug_aranges  0x00000000      0xa70
 *(.debug_aranges)
 .debug_aranges
                0x00000000       0x20 ./Startup/startup_XMC4800.o
 .debug_aranges
                0x00000020       0x48 ./Startup/system_XMC4800.o
 .debug_aranges
                0x00000068      0x3f8 ./Libraries/XMCLib/src/xmc4_scu.o
 .debug_aranges
                0x00000460      0x158 ./Libraries/XMCLib/src/xmc_usbd.o
 .debug_aranges
                0x000005b8       0x28 ./Libraries/Newlib/syscalls.o
 .debug_aranges
                0x000005e0       0x20 ./Dave/Generated/USBD_VCOM/virtual_com/descriptors.o
 .debug_aranges
                0x00000600       0xa0 ./Dave/Generated/USBD_VCOM/class_driver/device/cdc_class_device.o
 .debug_aranges
                0x000006a0       0xc8 ./Dave/Generated/USBD_VCOM/usbd_vcom.o
 .debug_aranges
                0x00000768       0x18 ./Dave/Generated/USBD_VCOM/usbd_vcom_conf.o
 .debug_aranges
                0x00000780       0x68 ./Dave/Generated/USBD/usb/core/xmc4000/usbd_endpoint_stream_xmc4000.o
 .debug_aranges
                0x000007e8       0x98 ./Dave/Generated/USBD/usb/core/xmc4000/usbd_endpoint_xmc4000.o
 .debug_aranges
                0x00000880       0x18 ./Dave/Generated/USBD/usb/core/usb_task.o
 .debug_aranges
                0x00000898       0xc8 ./Dave/Generated/USBD/usbd.o
 .debug_aranges
                0x00000960       0x18 ./Dave/Generated/USBD/usbd_conf.o
 .debug_aranges
                0x00000978       0x28 ./Dave/Generated/CPU_CTRL_XMC4/cpu_ctrl_xmc4_conf.o
 .debug_aranges
                0x000009a0       0x38 ./Dave/Generated/CLOCK_XMC4/clock_xmc4.o
 .debug_aranges
                0x000009d8       0x28 ./Dave/Generated/CLOCK_XMC4/clock_xmc4_conf.o
 .debug_aranges
                0x00000a00       0x20 ./Dave/Generated/DAVE.o
 .debug_aranges
                0x00000a20       0x50 ./main.o

.debug_pubnames
 *(.debug_pubnames)

.debug_pubtypes
 *(.debug_pubtypes)

.debug_info     0x00000000    0x1affb
 *(.debug_info .gnu.linkonce.wi.*)
 .debug_info    0x00000000       0x78 ./Startup/startup_XMC4800.o
 .debug_info    0x00000078      0xa42 ./Startup/system_XMC4800.o
 .debug_info    0x00000aba     0x24b2 ./Libraries/XMCLib/src/xmc4_scu.o
 .debug_info    0x00002f6c     0x3906 ./Libraries/XMCLib/src/xmc_usbd.o
 .debug_info    0x00006872      0x11f ./Libraries/Newlib/syscalls.o
 .debug_info    0x00006991     0x1d44 ./Dave/Generated/USBD_VCOM/virtual_com/descriptors.o
 .debug_info    0x000086d5     0x1dbb ./Dave/Generated/USBD_VCOM/class_driver/device/cdc_class_device.o
 .debug_info    0x0000a490     0x2408 ./Dave/Generated/USBD_VCOM/usbd_vcom.o
 .debug_info    0x0000c898     0x173c ./Dave/Generated/USBD_VCOM/usbd_vcom_conf.o
 .debug_info    0x0000dfd4     0x1b87 ./Dave/Generated/USBD/usb/core/xmc4000/usbd_endpoint_stream_xmc4000.o
 .debug_info    0x0000fb5b     0x1fa8 ./Dave/Generated/USBD/usb/core/xmc4000/usbd_endpoint_xmc4000.o
 .debug_info    0x00011b03     0x178e ./Dave/Generated/USBD/usb/core/usb_task.o
 .debug_info    0x00013291     0x2394 ./Dave/Generated/USBD/usbd.o
 .debug_info    0x00015625     0x1764 ./Dave/Generated/USBD/usbd_conf.o
 .debug_info    0x00016d89      0x52e ./Dave/Generated/CPU_CTRL_XMC4/cpu_ctrl_xmc4_conf.o
 .debug_info    0x000172b7      0x2dd ./Dave/Generated/CLOCK_XMC4/clock_xmc4.o
 .debug_info    0x00017594      0x659 ./Dave/Generated/CLOCK_XMC4/clock_xmc4_conf.o
 .debug_info    0x00017bed     0x17af ./Dave/Generated/DAVE.o
 .debug_info    0x0001939c     0x1c5f ./main.o

.debug_abbrev   0x00000000     0x2ce1
 *(.debug_abbrev)
 .debug_abbrev  0x00000000       0x14 ./Startup/startup_XMC4800.o
 .debug_abbrev  0x00000014      0x1f1 ./Startup/system_XMC4800.o
 .debug_abbrev  0x00000205      0x2a3 ./Libraries/XMCLib/src/xmc4_scu.o
 .debug_abbrev  0x000004a8      0x3c2 ./Libraries/XMCLib/src/xmc_usbd.o
 .debug_abbrev  0x0000086a       0xbd ./Libraries/Newlib/syscalls.o
 .debug_abbrev  0x00000927      0x27e ./Dave/Generated/USBD_VCOM/virtual_com/descriptors.o
 .debug_abbrev  0x00000ba5      0x342 ./Dave/Generated/USBD_VCOM/class_driver/device/cdc_class_device.o
 .debug_abbrev  0x00000ee7      0x395 ./Dave/Generated/USBD_VCOM/usbd_vcom.o
 .debug_abbrev  0x0000127c      0x22d ./Dave/Generated/USBD_VCOM/usbd_vcom_conf.o
 .debug_abbrev  0x000014a9      0x2f5 ./Dave/Generated/USBD/usb/core/xmc4000/usbd_endpoint_stream_xmc4000.o
 .debug_abbrev  0x0000179e      0x39c ./Dave/Generated/USBD/usb/core/xmc4000/usbd_endpoint_xmc4000.o
 .debug_abbrev  0x00001b3a      0x22d ./Dave/Generated/USBD/usb/core/usb_task.o
 .debug_abbrev  0x00001d67      0x3d5 ./Dave/Generated/USBD/usbd.o
 .debug_abbrev  0x0000213c      0x22d ./Dave/Generated/USBD/usbd_conf.o
 .debug_abbrev  0x00002369      0x1b4 ./Dave/Generated/CPU_CTRL_XMC4/cpu_ctrl_xmc4_conf.o
 .debug_abbrev  0x0000251d      0x13d ./Dave/Generated/CLOCK_XMC4/clock_xmc4.o
 .debug_abbrev  0x0000265a      0x168 ./Dave/Generated/CLOCK_XMC4/clock_xmc4_conf.o
 .debug_abbrev  0x000027c2      0x24d ./Dave/Generated/DAVE.o
 .debug_abbrev  0x00002a0f      0x2d2 ./main.o

.debug_line     0x00000000     0x56c4
 *(.debug_line)
 .debug_line    0x00000000       0x87 ./Startup/startup_XMC4800.o
 .debug_line    0x00000087      0x33f ./Startup/system_XMC4800.o
 .debug_line    0x000003c6      0xe47 ./Libraries/XMCLib/src/xmc4_scu.o
 .debug_line    0x0000120d      0x8cf ./Libraries/XMCLib/src/xmc_usbd.o
 .debug_line    0x00001adc       0xd0 ./Libraries/Newlib/syscalls.o
 .debug_line    0x00001bac      0x3c7 ./Dave/Generated/USBD_VCOM/virtual_com/descriptors.o
 .debug_line    0x00001f73      0x6ac ./Dave/Generated/USBD_VCOM/class_driver/device/cdc_class_device.o
 .debug_line    0x0000261f      0x707 ./Dave/Generated/USBD_VCOM/usbd_vcom.o
 .debug_line    0x00002d26      0x2d1 ./Dave/Generated/USBD_VCOM/usbd_vcom_conf.o
 .debug_line    0x00002ff7      0x47c ./Dave/Generated/USBD/usb/core/xmc4000/usbd_endpoint_stream_xmc4000.o
 .debug_line    0x00003473      0x567 ./Dave/Generated/USBD/usb/core/xmc4000/usbd_endpoint_xmc4000.o
 .debug_line    0x000039da      0x2c8 ./Dave/Generated/USBD/usb/core/usb_task.o
 .debug_line    0x00003ca2      0x6ea ./Dave/Generated/USBD/usbd.o
 .debug_line    0x0000438c      0x277 ./Dave/Generated/USBD/usbd_conf.o
 .debug_line    0x00004603      0x26f ./Dave/Generated/CPU_CTRL_XMC4/cpu_ctrl_xmc4_conf.o
 .debug_line    0x00004872      0x29e ./Dave/Generated/CLOCK_XMC4/clock_xmc4.o
 .debug_line    0x00004b10      0x298 ./Dave/Generated/CLOCK_XMC4/clock_xmc4_conf.o
 .debug_line    0x00004da8      0x329 ./Dave/Generated/DAVE.o
 .debug_line    0x000050d1      0x5f3 ./main.o

.debug_frame    0x00000000     0x2e94
 *(.debug_frame)
 .debug_frame   0x00000000       0xec ./Startup/system_XMC4800.o
 .debug_frame   0x000000ec     0x12ac ./Libraries/XMCLib/src/xmc4_scu.o
 .debug_frame   0x00001398      0x634 ./Libraries/XMCLib/src/xmc_usbd.o
 .debug_frame   0x000019cc       0x5c ./Libraries/Newlib/syscalls.o
 .debug_frame   0x00001a28       0x38 ./Dave/Generated/USBD_VCOM/virtual_com/descriptors.o
 .debug_frame   0x00001a60      0x2ac ./Dave/Generated/USBD_VCOM/class_driver/device/cdc_class_device.o
 .debug_frame   0x00001d0c      0x338 ./Dave/Generated/USBD_VCOM/usbd_vcom.o
 .debug_frame   0x00002044      0x1a0 ./Dave/Generated/USBD/usb/core/xmc4000/usbd_endpoint_stream_xmc4000.o
 .debug_frame   0x000021e4      0x288 ./Dave/Generated/USBD/usb/core/xmc4000/usbd_endpoint_xmc4000.o
 .debug_frame   0x0000246c      0x310 ./Dave/Generated/USBD/usbd.o
 .debug_frame   0x0000277c       0x60 ./Dave/Generated/CPU_CTRL_XMC4/cpu_ctrl_xmc4_conf.o
 .debug_frame   0x000027dc       0xac ./Dave/Generated/CLOCK_XMC4/clock_xmc4.o
 .debug_frame   0x00002888       0x64 ./Dave/Generated/CLOCK_XMC4/clock_xmc4_conf.o
 .debug_frame   0x000028ec       0x38 ./Dave/Generated/DAVE.o
 .debug_frame   0x00002924      0x148 ./main.o
 .debug_frame   0x00002a6c       0x20 c:/infineon/tools/dave ide/4.5.0.202105191637/eclipse/arm-gcc-49/bin/../lib/gcc/arm-none-eabi/4.9.3/../../../../arm-none-eabi/lib/armv7e-m/softfp\libg_nano.a(lib_a-errno.o)
 .debug_frame   0x00002a8c       0x2c c:/infineon/tools/dave ide/4.5.0.202105191637/eclipse/arm-gcc-49/bin/../lib/gcc/arm-none-eabi/4.9.3/../../../../arm-none-eabi/lib/armv7e-m/softfp\libg_nano.a(lib_a-init.o)
 .debug_frame   0x00002ab8       0x28 c:/infineon/tools/dave ide/4.5.0.202105191637/eclipse/arm-gcc-49/bin/../lib/gcc/arm-none-eabi/4.9.3/../../../../arm-none-eabi/lib/armv7e-m/softfp\libg_nano.a(lib_a-memcpy.o)
 .debug_frame   0x00002ae0       0x20 c:/infineon/tools/dave ide/4.5.0.202105191637/eclipse/arm-gcc-49/bin/../lib/gcc/arm-none-eabi/4.9.3/../../../../arm-none-eabi/lib/armv7e-m/softfp\libg_nano.a(lib_a-memset.o)
 .debug_frame   0x00002b00       0x20 c:/infineon/tools/dave ide/4.5.0.202105191637/eclipse/arm-gcc-49/bin/../lib/gcc/arm-none-eabi/4.9.3/../../../../arm-none-eabi/lib/armv7e-m/softfp\libg_nano.a(lib_a-strlen.o)
 .debug_frame   0x00002b20       0x20 c:/infineon/tools/dave ide/4.5.0.202105191637/eclipse/arm-gcc-49/bin/../lib/gcc/arm-none-eabi/4.9.3/../../../../arm-none-eabi/lib/armv7e-m/softfp\libg_nano.a(lib_a-strsep.o)
 .debug_frame   0x00002b40       0x40 c:/infineon/tools/dave ide/4.5.0.202105191637/eclipse/arm-gcc-49/bin/../lib/gcc/arm-none-eabi/4.9.3/../../../../arm-none-eabi/lib/armv7e-m/softfp\libg_nano.a(lib_a-strtok_r.o)
 .debug_frame   0x00002b80       0x54 c:/infineon/tools/dave ide/4.5.0.202105191637/eclipse/arm-gcc-49/bin/../lib/gcc/arm-none-eabi/4.9.3/../../../../arm-none-eabi/lib/armv7e-m/softfp\libg_nano.a(lib_a-strtoul.o)
 .debug_frame   0x00002bd4       0x50 c:/infineon/tools/dave ide/4.5.0.202105191637/eclipse/arm-gcc-49/bin/../lib/gcc/arm-none-eabi/4.9.3/../../../../arm-none-eabi/lib/armv7e-m/softfp\libg_nano.a(lib_a-vsnprintf.o)
 .debug_frame   0x00002c24       0x8c c:/infineon/tools/dave ide/4.5.0.202105191637/eclipse/arm-gcc-49/bin/../lib/gcc/arm-none-eabi/4.9.3/../../../../arm-none-eabi/lib/armv7e-m/softfp\libg_nano.a(lib_a-nano-svfprintf.o)
 .debug_frame   0x00002cb0       0x58 c:/infineon/tools/dave ide/4.5.0.202105191637/eclipse/arm-gcc-49/bin/../lib/gcc/arm-none-eabi/4.9.3/../../../../arm-none-eabi/lib/armv7e-m/softfp\libg_nano.a(lib_a-nano-vfprintf_i.o)
 .debug_frame   0x00002d08       0x28 c:/infineon/tools/dave ide/4.5.0.202105191637/eclipse/arm-gcc-49/bin/../lib/gcc/arm-none-eabi/4.9.3/../../../../arm-none-eabi/lib/armv7e-m/softfp\libg_nano.a(lib_a-memchr.o)
 .debug_frame   0x00002d30       0x28 c:/infineon/tools/dave ide/4.5.0.202105191637/eclipse/arm-gcc-49/bin/../lib/gcc/arm-none-eabi/4.9.3/../../../../arm-none-eabi/lib/armv7e-m/softfp\libg_nano.a(lib_a-memmove.o)
 .debug_frame   0x00002d58       0x2c c:/infineon/tools/dave ide/4.5.0.202105191637/eclipse/arm-gcc-49/bin/../lib/gcc/arm-none-eabi/4.9.3/../../../../arm-none-eabi/lib/armv7e-m/softfp\libg_nano.a(lib_a-nano-freer.o)
 .debug_frame   0x00002d84       0x2c c:/infineon/tools/dave ide/4.5.0.202105191637/eclipse/arm-gcc-49/bin/../lib/gcc/arm-none-eabi/4.9.3/../../../../arm-none-eabi/lib/armv7e-m/softfp\libg_nano.a(lib_a-nano-mallocr.o)
 .debug_frame   0x00002db0       0x3c c:/infineon/tools/dave ide/4.5.0.202105191637/eclipse/arm-gcc-49/bin/../lib/gcc/arm-none-eabi/4.9.3/../../../../arm-none-eabi/lib/armv7e-m/softfp\libg_nano.a(lib_a-nano-reallocr.o)
 .debug_frame   0x00002dec       0x2c c:/infineon/tools/dave ide/4.5.0.202105191637/eclipse/arm-gcc-49/bin/../lib/gcc/arm-none-eabi/4.9.3/../../../../arm-none-eabi/lib/armv7e-m/softfp\libg_nano.a(lib_a-sbrkr.o)
 .debug_frame   0x00002e18       0x20 c:/infineon/tools/dave ide/4.5.0.202105191637/eclipse/arm-gcc-49/bin/../lib/gcc/arm-none-eabi/4.9.3/../../../../arm-none-eabi/lib/armv7e-m/softfp\libg_nano.a(lib_a-nano-msizer.o)
 .debug_frame   0x00002e38       0x5c c:/infineon/tools/dave ide/4.5.0.202105191637/eclipse/arm-gcc-49/bin/../lib/gcc/arm-none-eabi/4.9.3/../../../../arm-none-eabi/lib/armv7e-m/softfp\libg_nano.a(lib_a-reent.o)

.debug_str      0x00000000     0x731d
 *(.debug_str)
 .debug_str     0x00000000      0x5f5 ./Startup/system_XMC4800.o
                                0x667 (size before relaxing)
 .debug_str     0x000005f5     0x2416 ./Libraries/XMCLib/src/xmc4_scu.o
                               0x297f (size before relaxing)
 .debug_str     0x00002a0b     0x1d68 ./Libraries/XMCLib/src/xmc_usbd.o
                               0x2847 (size before relaxing)
 .debug_str     0x00004773       0x6f ./Libraries/Newlib/syscalls.o
                                0x213 (size before relaxing)
 .debug_str     0x000047e2      0xc89 ./Dave/Generated/USBD_VCOM/virtual_com/descriptors.o
                               0x1e21 (size before relaxing)
 .debug_str     0x0000546b      0x6f9 ./Dave/Generated/USBD_VCOM/class_driver/device/cdc_class_device.o
                               0x1b38 (size before relaxing)
 .debug_str     0x00005b64      0xb3d ./Dave/Generated/USBD_VCOM/usbd_vcom.o
                               0x235a (size before relaxing)
 .debug_str     0x000066a1       0x39 ./Dave/Generated/USBD_VCOM/usbd_vcom_conf.o
                               0x143b (size before relaxing)
 .debug_str     0x000066da      0x230 ./Dave/Generated/USBD/usb/core/xmc4000/usbd_endpoint_stream_xmc4000.o
                               0x1702 (size before relaxing)
 .debug_str     0x0000690a      0x1b6 ./Dave/Generated/USBD/usb/core/xmc4000/usbd_endpoint_xmc4000.o
                               0x1ddf (size before relaxing)
 .debug_str     0x00006ac0       0x3d ./Dave/Generated/USBD/usb/core/usb_task.o
                               0x1494 (size before relaxing)
 .debug_str     0x00006afd      0x3ee ./Dave/Generated/USBD/usbd.o
                               0x2109 (size before relaxing)
 .debug_str     0x00006eeb       0x37 ./Dave/Generated/USBD/usbd_conf.o
                               0x1440 (size before relaxing)
 .debug_str     0x00006f22       0x94 ./Dave/Generated/CPU_CTRL_XMC4/cpu_ctrl_xmc4_conf.o
                                0x417 (size before relaxing)
 .debug_str     0x00006fb6       0xf3 ./Dave/Generated/CLOCK_XMC4/clock_xmc4.o
                                0x3c8 (size before relaxing)
 .debug_str     0x000070a9       0xe5 ./Dave/Generated/CLOCK_XMC4/clock_xmc4_conf.o
                                0x950 (size before relaxing)
 .debug_str     0x0000718e       0x65 ./Dave/Generated/DAVE.o
                               0x1493 (size before relaxing)
 .debug_str     0x000071f3      0x12a ./main.o
                               0x1864 (size before relaxing)

.debug_loc      0x00000000     0x5672
 *(.debug_loc)
 .debug_loc     0x00000000      0x1a4 ./Startup/system_XMC4800.o
 .debug_loc     0x000001a4     0x2708 ./Libraries/XMCLib/src/xmc4_scu.o
 .debug_loc     0x000028ac      0xd34 ./Libraries/XMCLib/src/xmc_usbd.o
 .debug_loc     0x000035e0       0x94 ./Libraries/Newlib/syscalls.o
 .debug_loc     0x00003674       0x5c ./Dave/Generated/USBD_VCOM/virtual_com/descriptors.o
 .debug_loc     0x000036d0      0x55c ./Dave/Generated/USBD_VCOM/class_driver/device/cdc_class_device.o
 .debug_loc     0x00003c2c      0x674 ./Dave/Generated/USBD_VCOM/usbd_vcom.o
 .debug_loc     0x000042a0      0x32c ./Dave/Generated/USBD/usb/core/xmc4000/usbd_endpoint_stream_xmc4000.o
 .debug_loc     0x000045cc      0x560 ./Dave/Generated/USBD/usb/core/xmc4000/usbd_endpoint_xmc4000.o
 .debug_loc     0x00004b2c      0x5e4 ./Dave/Generated/USBD/usbd.o
 .debug_loc     0x00005110       0xac ./Dave/Generated/CPU_CTRL_XMC4/cpu_ctrl_xmc4_conf.o
 .debug_loc     0x000051bc      0x14c ./Dave/Generated/CLOCK_XMC4/clock_xmc4.o
 .debug_loc     0x00005308       0xac ./Dave/Generated/CLOCK_XMC4/clock_xmc4_conf.o
 .debug_loc     0x000053b4       0x50 ./Dave/Generated/DAVE.o
 .debug_loc     0x00005404      0x26e ./main.o

.debug_macinfo
 *(.debug_macinfo)

.debug_ranges   0x00000000      0x918
 *(.debug_ranges)
 .debug_ranges  0x00000000       0x38 ./Startup/system_XMC4800.o
 .debug_ranges  0x00000038      0x3e8 ./Libraries/XMCLib/src/xmc4_scu.o
 .debug_ranges  0x00000420      0x148 ./Libraries/XMCLib/src/xmc_usbd.o
 .debug_ranges  0x00000568       0x18 ./Libraries/Newlib/syscalls.o
 .debug_ranges  0x00000580       0x10 ./Dave/Generated/USBD_VCOM/virtual_com/descriptors.o
 .debug_ranges  0x00000590       0x90 ./Dave/Generated/USBD_VCOM/class_driver/device/cdc_class_device.o
 .debug_ranges  0x00000620       0xb8 ./Dave/Generated/USBD_VCOM/usbd_vcom.o
 .debug_ranges  0x000006d8       0x58 ./Dave/Generated/USBD/usb/core/xmc4000/usbd_endpoint_stream_xmc4000.o
 .debug_ranges  0x00000730       0x88 ./Dave/Generated/USBD/usb/core/xmc4000/usbd_endpoint_xmc4000.o
 .debug_ranges  0x000007b8       0xb8 ./Dave/Generated/USBD/usbd.o
 .debug_ranges  0x00000870       0x18 ./Dave/Generated/CPU_CTRL_XMC4/cpu_ctrl_xmc4_conf.o
 .debug_ranges  0x00000888       0x28 ./Dave/Generated/CLOCK_XMC4/clock_xmc4.o
 .debug_ranges  0x000008b0       0x18 ./Dave/Generated/CLOCK_XMC4/clock_xmc4_conf.o
 .debug_ranges  0x000008c8       0x10 ./Dave/Generated/DAVE.o
 .debug_ranges  0x000008d8       0x40 ./main.o

.debug_weaknames
 *(.debug_weaknames)

.debug_funcnames
 *(.debug_funcnames)

.debug_typenames
 *(.debug_typenames)

.debug_varnames
 *(.debug_varnames)

.build_attributes
                0x00000000      0x83d
 *(.ARM.attributes)
 .ARM.attributes
                0x00000000       0x25 ./Startup/startup_XMC4800.o
 .ARM.attributes
                0x00000025       0x37 ./Startup/system_XMC4800.o
 .ARM.attributes
                0x0000005c       0x37 ./Libraries/XMCLib/src/xmc4_scu.o
 .ARM.attributes
                0x00000093       0x37 ./Libraries/XMCLib/src/xmc_usbd.o
 .ARM.attributes
                0x000000ca       0x37 ./Libraries/Newlib/syscalls.o
 .ARM.attributes
                0x00000101       0x37 ./Dave/Generated/USBD_VCOM/virtual_com/descriptors.o
 .ARM.attributes
                0x00000138       0x37 ./Dave/Generated/USBD_VCOM/class_driver/device/cdc_class_device.o
 .ARM.attributes
                0x0000016f       0x37 ./Dave/Generated/USBD_VCOM/usbd_vcom.o
 .ARM.attributes
                0x000001a6       0x37 ./Dave/Generated/USBD_VCOM/usbd_vcom_conf.o
 .ARM.attributes
                0x000001dd       0x37 ./Dave/Generated/USBD/usb/core/xmc4000/usbd_endpoint_stream_xmc4000.o
 .ARM.attributes
                0x00000214       0x37 ./Dave/Generated/USBD/usb/core/xmc4000/usbd_endpoint_xmc4000.o
 .ARM.attributes
                0x0000024b       0x37 ./Dave/Generated/USBD/usb/core/usb_task.o
 .ARM.attributes
                0x00000282       0x37 ./Dave/Generated/USBD/usbd.o
 .ARM.attributes
                0x000002b9       0x37 ./Dave/Generated/USBD/usbd_conf.o
 .ARM.attributes
                0x000002f0       0x37 ./Dave/Generated/CPU_CTRL_XMC4/cpu_ctrl_xmc4_conf.o
 .ARM.attributes
                0x00000327       0x37 ./Dave/Generated/CLOCK_XMC4/clock_xmc4.o
 .ARM.attributes
                0x0000035e       0x37 ./Dave/Generated/CLOCK_XMC4/clock_xmc4_conf.o
 .ARM.attributes
                0x00000395       0x37 ./Dave/Generated/DAVE.o
 .ARM.attributes
                0x000003cc       0x37 ./main.o
 .ARM.attributes
                0x00000403       0x32 c:/infineon/tools/dave ide/4.5.0.202105191637/eclipse/arm-gcc-49/bin/../lib/gcc/arm-none-eabi/4.9.3/../../../../arm-none-eabi/lib/armv7e-m/softfp\libg_nano.a(lib_a-errno.o)
 .ARM.attributes
                0x00000435       0x32 c:/infineon/tools/dave ide/4.5.0.202105191637/eclipse/arm-gcc-49/bin/../lib/gcc/arm-none-eabi/4.9.3/../../../../arm-none-eabi/lib/armv7e-m/softfp\libg_nano.a(lib_a-impure.o)
 .ARM.attributes
                0x00000467       0x32 c:/infineon/tools/dave ide/4.5.0.202105191637/eclipse/arm-gcc-49/bin/../lib/gcc/arm-none-eabi/4.9.3/../../../../arm-none-eabi/lib/armv7e-m/softfp\libg_nano.a(lib_a-init.o)
 .ARM.attributes
                0x00000499       0x32 c:/infineon/tools/dave ide/4.5.0.202105191637/eclipse/arm-gcc-49/bin/../lib/gcc/arm-none-eabi/4.9.3/../../../../arm-none-eabi/lib/armv7e-m/softfp\libg_nano.a(lib_a-memcpy.o)
 .ARM.attributes
                0x000004cb       0x32 c:/infineon/tools/dave ide/4.5.0.202105191637/eclipse/arm-gcc-49/bin/../lib/gcc/arm-none-eabi/4.9.3/../../../../arm-none-eabi/lib/armv7e-m/softfp\libg_nano.a(lib_a-memset.o)
 .ARM.attributes
                0x000004fd       0x20 c:/infineon/tools/dave ide/4.5.0.202105191637/eclipse/arm-gcc-49/bin/../lib/gcc/arm-none-eabi/4.9.3/../../../../arm-none-eabi/lib/armv7e-m/softfp\libg_nano.a(lib_a-strcmp.o)
 .ARM.attributes
                0x0000051d       0x32 c:/infineon/tools/dave ide/4.5.0.202105191637/eclipse/arm-gcc-49/bin/../lib/gcc/arm-none-eabi/4.9.3/../../../../arm-none-eabi/lib/armv7e-m/softfp\libg_nano.a(lib_a-strlen.o)
 .ARM.attributes
                0x0000054f       0x32 c:/infineon/tools/dave ide/4.5.0.202105191637/eclipse/arm-gcc-49/bin/../lib/gcc/arm-none-eabi/4.9.3/../../../../arm-none-eabi/lib/armv7e-m/softfp\libg_nano.a(lib_a-strsep.o)
 .ARM.attributes
                0x00000581       0x32 c:/infineon/tools/dave ide/4.5.0.202105191637/eclipse/arm-gcc-49/bin/../lib/gcc/arm-none-eabi/4.9.3/../../../../arm-none-eabi/lib/armv7e-m/softfp\libg_nano.a(lib_a-strtok_r.o)
 .ARM.attributes
                0x000005b3       0x32 c:/infineon/tools/dave ide/4.5.0.202105191637/eclipse/arm-gcc-49/bin/../lib/gcc/arm-none-eabi/4.9.3/../../../../arm-none-eabi/lib/armv7e-m/softfp\libg_nano.a(lib_a-strtoul.o)
 .ARM.attributes
                0x000005e5       0x32 c:/infineon/tools/dave ide/4.5.0.202105191637/eclipse/arm-gcc-49/bin/../lib/gcc/arm-none-eabi/4.9.3/../../../../arm-none-eabi/lib/armv7e-m/softfp\libg_nano.a(lib_a-vsnprintf.o)
 .ARM.attributes
                0x00000617       0x32 c:/infineon/tools/dave ide/4.5.0.202105191637/eclipse/arm-gcc-49/bin/../lib/gcc/arm-none-eabi/4.9.3/../../../../arm-none-eabi/lib/armv7e-m/softfp\libg_nano.a(lib_a-ctype_.o)
 .ARM.attributes
                0x00000649       0x32 c:/infineon/tools/dave ide/4.5.0.202105191637/eclipse/arm-gcc-49/bin/../lib/gcc/arm-none-eabi/4.9.3/../../../../arm-none-eabi/lib/armv7e-m/softfp\libg_nano.a(lib_a-nano-svfprintf.o)
 .ARM.attributes
                0x0000067b       0x32 c:/infineon/tools/dave ide/4.5.0.202105191637/eclipse/arm-gcc-49/bin/../lib/gcc/arm-none-eabi/4.9.3/../../../../arm-none-eabi/lib/armv7e-m/softfp\libg_nano.a(lib_a-nano-vfprintf_i.o)
 .ARM.attributes
                0x000006ad       0x32 c:/infineon/tools/dave ide/4.5.0.202105191637/eclipse/arm-gcc-49/bin/../lib/gcc/arm-none-eabi/4.9.3/../../../../arm-none-eabi/lib/armv7e-m/softfp\libg_nano.a(lib_a-memchr.o)
 .ARM.attributes
                0x000006df       0x32 c:/infineon/tools/dave ide/4.5.0.202105191637/eclipse/arm-gcc-49/bin/../lib/gcc/arm-none-eabi/4.9.3/../../../../arm-none-eabi/lib/armv7e-m/softfp\libg_nano.a(lib_a-memmove.o)
 .ARM.attributes
                0x00000711       0x32 c:/infineon/tools/dave ide/4.5.0.202105191637/eclipse/arm-gcc-49/bin/../lib/gcc/arm-none-eabi/4.9.3/../../../../arm-none-eabi/lib/armv7e-m/softfp\libg_nano.a(lib_a-nano-freer.o)
 .ARM.attributes
                0x00000743       0x32 c:/infineon/tools/dave ide/4.5.0.202105191637/eclipse/arm-gcc-49/bin/../lib/gcc/arm-none-eabi/4.9.3/../../../../arm-none-eabi/lib/armv7e-m/softfp\libg_nano.a(lib_a-nano-mallocr.o)
 .ARM.attributes
                0x00000775       0x32 c:/infineon/tools/dave ide/4.5.0.202105191637/eclipse/arm-gcc-49/bin/../lib/gcc/arm-none-eabi/4.9.3/../../../../arm-none-eabi/lib/armv7e-m/softfp\libg_nano.a(lib_a-nano-reallocr.o)
 .ARM.attributes
                0x000007a7       0x32 c:/infineon/tools/dave ide/4.5.0.202105191637/eclipse/arm-gcc-49/bin/../lib/gcc/arm-none-eabi/4.9.3/../../../../arm-none-eabi/lib/armv7e-m/softfp\libg_nano.a(lib_a-sbrkr.o)
 .ARM.attributes
                0x000007d9       0x32 c:/infineon/tools/dave ide/4.5.0.202105191637/eclipse/arm-gcc-49/bin/../lib/gcc/arm-none-eabi/4.9.3/../../../../arm-none-eabi/lib/armv7e-m/softfp\libg_nano.a(lib_a-nano-msizer.o)
 .ARM.attributes
                0x0000080b       0x32 c:/infineon/tools/dave ide/4.5.0.202105191637/eclipse/arm-gcc-49/bin/../lib/gcc/arm-none-eabi/4.9.3/../../../../arm-none-eabi/lib/armv7e-m/softfp\libg_nano.a(lib_a-reent.o)
OUTPUT(USB_Serial.elf elf32-littlearm)
